06-09 18:36:54.100 2985-2985/cc.popin.aladdin.home W/ViewRootImpl: Cancelling event due to no window focus: KeyEvent { action=ACTION_UP, keyCode=KEYCODE_UNKNOWN, scanCode=88, metaState=0, flags=0x28, repeatCount=0, eventTime=1989913, downTime=1989912, deviceId=8, source=0x301 }
06-09 18:36:54.103 2985-2985/cc.popin.aladdin.home W/ViewRootImpl: Cancelling event due to no window focus: KeyEvent { action=ACTION_UP, keyCode=KEYCODE_UNKNOWN, scanCode=88, metaState=0, flags=0x228, repeatCount=0, eventTime=1989913, downTime=1989912, deviceId=8, source=0x301 }
06-09 18:36:54.103 2985-2985/cc.popin.aladdin.home W/ViewRootImpl: Cancelling event due to no window focus: KeyEvent { action=ACTION_UP, keyCode=KEYCODE_UNKNOWN, scanCode=88, metaState=0, flags=0x228, repeatCount=0, eventTime=1989913, downTime=1989912, deviceId=8, source=0x301 }
06-09 18:36:54.103 2985-2985/cc.popin.aladdin.home W/ViewRootImpl: Cancelling event due to no window focus: KeyEvent { action=ACTION_UP, keyCode=KEYCODE_UNKNOWN, scanCode=88, metaState=0, flags=0x228, repeatCount=0, eventTime=1989913, downTime=1989912, deviceId=8, source=0x301 }
06-09 18:36:54.115 2446-2446/com.android.systemui E/vol.VolumeDialog: stream:3
06-09 18:36:54.115 2446-2446/com.android.systemui D/vol.VolumeDialog: recheckH ALL
06-09 18:36:54.116 2190-2499/system_process E/PowerManagerService: STRSTR updatePowerStateLocked
06-09 18:36:54.141 2190-2202/system_process E/PowerManagerService: STRSTR updatePowerStateLocked
06-09 18:36:54.213 1867-1867/? I/tvos:  =====> [DMRL] Ear Phone GPIO is NULL 
06-09 18:36:54.281 2190-3010/system_process E/PowerManagerService: STRSTR updatePowerStateLocked
06-09 18:36:54.660 2190-2276/system_process E/PowerManagerService: STRSTR updatePowerStateLocked
06-09 18:36:54.660 2190-2276/system_process D/xgimiDebug[938]: interceptKeyBeforeDispatching:key_Code:3, down:true, repeatCount:0
06-09 18:36:54.662 2957-2999/com.xgimi.soundermodeservice D/SounderMode: [ (SounderModeService.java:101)#GetCurrentSoundMode ] 0
06-09 18:36:54.714 1867-1867/? I/tvos:  =====> [DMRL] Ear Phone GPIO is NULL 
06-09 18:36:55.161 2190-2276/system_process E/PowerManagerService: STRSTR updatePowerStateLocked
06-09 18:36:55.161 2190-2276/system_process D/xgimiDebug[938]: interceptKeyBeforeDispatching:key_Code:3, down:true, repeatCount:1
06-09 18:36:55.162 2957-3181/com.xgimi.soundermodeservice D/SounderMode: [ (SounderModeService.java:101)#GetCurrentSoundMode ] 0
06-09 18:36:55.165 2985-2985/cc.popin.aladdin.home I/HomeReceiver: onReceive: action android.intent.action.CLOSE_SYSTEM_DIALOGS
06-09 18:36:55.165 2985-2985/cc.popin.aladdin.home I/HomeReceiver: onReceive: reason recentapps
06-09 18:36:55.171 2190-2975/system_process I/ActivityManager: START u0 {act=com.android.systemui.recents.SHOW_RECENTS flg=0x10804000 cmp=com.android.systemui/.recents.RecentsActivity} from uid 10013 on display 0
06-09 18:36:55.176 2190-2975/system_process E/PowerManagerService: STRSTR updatePowerStateLocked
06-09 18:36:55.184 2985-2985/cc.popin.aladdin.home E/SplashActivity: onPause
06-09 18:36:55.185 2190-2975/system_process I/ActivityManager: TR3) TaskRecord{ac7d07b #196 A=com.android.systemui U=0 sz=1}
06-09 18:36:55.185 2190-2975/system_process I/ActivityManager: TR2) TaskRecord{138fd96 #179 A=cc.popin.aladdin.home U=0 sz=1}
06-09 18:36:55.213 2190-2276/system_process D/xgimiDebug[938]: interceptKeyBeforeDispatching:key_Code:3, down:true, repeatCount:2
06-09 18:36:55.214 2957-2984/com.xgimi.soundermodeservice D/SounderMode: [ (SounderModeService.java:101)#GetCurrentSoundMode ] 0
06-09 18:36:55.270 2190-2975/system_process I/ActivityManager: accel TR3) TaskRecord{ac7d07b #196 A=com.android.systemui U=0 sz=1}
06-09 18:36:55.270 2190-2975/system_process I/ActivityManager: accel TR2) TaskRecord{138fd96 #179 A=cc.popin.aladdin.home U=0 sz=1}
06-09 18:36:55.291 2190-2276/system_process D/xgimiDebug[938]: interceptKeyBeforeDispatching:key_Code:3, down:true, repeatCount:3
06-09 18:36:55.292 2957-3373/com.xgimi.soundermodeservice D/SounderMode: [ (SounderModeService.java:101)#GetCurrentSoundMode ] 0
06-09 18:36:55.309 2190-3008/system_process E/PowerManagerService: STRSTR updatePowerStateLocked
06-09 18:36:55.316 1867-1867/? I/tvos: [SerialDebug] XgimiManagerService commonNotify:7,42,temperature
06-09 18:36:55.318 3912-3912/com.xgimi.windowsystem E/hzy: temperature
06-09 18:36:55.321 1867-1867/? I/tvos:  [WOW] Fan U Left FUN:<get_fan_status> line:212 |  Fan status is [0] ##### 
06-09 18:36:55.340 1702-2265/? E/BufferQueueProducer: [com.android.systemui/com.android.systemui.recents.RecentsActivity] connect(P): already connected (cur=1 req=1)
06-09 18:36:55.341 2446-3156/com.android.systemui D/mali_winsys: EGLint new_window_surface(egl_winsys_display*, void*, EGLSurface, EGLConfig, egl_winsys_surface**, egl_color_buffer_format*, EGLBoolean) returns 0x3000
06-09 18:36:55.343 2190-2276/system_process D/xgimiDebug[938]: interceptKeyBeforeDispatching:key_Code:3, down:true, repeatCount:4
06-09 18:36:55.344 2957-2999/com.xgimi.soundermodeservice D/SounderMode: [ (SounderModeService.java:101)#GetCurrentSoundMode ] 0
06-09 18:36:55.396 2446-2446/com.android.systemui I/art: Starting a blocking GC Explicit
06-09 18:36:55.401 2190-2276/system_process D/xgimiDebug[938]: interceptKeyBeforeDispatching:key_Code:3, down:true, repeatCount:5
06-09 18:36:55.401 2957-3181/com.xgimi.soundermodeservice D/SounderMode: [ (SounderModeService.java:101)#GetCurrentSoundMode ] 0
06-09 18:36:55.431 1867-1867/? I/tvos:  [WOW] Fan U Left FUN:<fan_ctrl_Auto> line:124 | not change,do not set pwm ,old:[42] cur:[42] 
06-09 18:36:55.431 1867-1867/? I/tvos:  [WOW] Fan U Right FUN:<get_fan_status> line:212 |  Fan status is [0] ##### 
06-09 18:36:55.433 2446-2446/com.android.systemui I/art: Explicit concurrent mark sweep GC freed 11151(613KB) AllocSpace objects, 4(1544KB) LOS objects, 40% free, 9MB/15MB, paused 486us total 34.202ms
06-09 18:36:55.452 2190-2276/system_process D/xgimiDebug[938]: interceptKeyBeforeDispatching:key_Code:3, down:true, repeatCount:6
06-09 18:36:55.453 2957-2984/com.xgimi.soundermodeservice D/SounderMode: [ (SounderModeService.java:101)#GetCurrentSoundMode ] 0
06-09 18:36:55.456 2190-2202/system_process E/PowerManagerService: STRSTR updatePowerStateLocked
06-09 18:36:55.502 2190-2276/system_process D/xgimiDebug[938]: interceptKeyBeforeDispatching:key_Code:3, down:true, repeatCount:7
06-09 18:36:55.503 2957-3373/com.xgimi.soundermodeservice D/SounderMode: [ (SounderModeService.java:101)#GetCurrentSoundMode ] 0
06-09 18:36:55.533 1867-1867/? I/tvos:  [WOW] Fan U Right FUN:<fan_ctrl_Auto> line:124 | not change,do not set pwm ,old:[42] cur:[42] 
06-09 18:36:55.553 2190-2276/system_process D/xgimiDebug[938]: interceptKeyBeforeDispatching:key_Code:3, down:true, repeatCount:8
06-09 18:36:55.554 2957-3372/com.xgimi.soundermodeservice D/SounderMode: [ (SounderModeService.java:101)#GetCurrentSoundMode ] 0
06-09 18:36:55.603 2190-2276/system_process D/xgimiDebug[938]: interceptKeyBeforeDispatching:key_Code:3, down:true, repeatCount:9
06-09 18:36:55.604 2957-2999/com.xgimi.soundermodeservice D/SounderMode: [ (SounderModeService.java:101)#GetCurrentSoundMode ] 0
06-09 18:36:55.654 2190-2276/system_process D/xgimiDebug[938]: interceptKeyBeforeDispatching:key_Code:3, down:true, repeatCount:10
06-09 18:36:55.655 2957-3181/com.xgimi.soundermodeservice D/SounderMode: [ (SounderModeService.java:101)#GetCurrentSoundMode ] 0
06-09 18:36:55.705 2190-2276/system_process E/PowerManagerService: STRSTR updatePowerStateLocked
06-09 18:36:55.705 2190-2276/system_process D/xgimiDebug[938]: interceptKeyBeforeDispatching:key_Code:3, down:true, repeatCount:11
06-09 18:36:55.705 2957-2984/com.xgimi.soundermodeservice D/SounderMode: [ (SounderModeService.java:101)#GetCurrentSoundMode ] 0
06-09 18:36:55.755 2190-2276/system_process D/xgimiDebug[938]: interceptKeyBeforeDispatching:key_Code:3, down:true, repeatCount:12
06-09 18:36:55.756 2957-3373/com.xgimi.soundermodeservice D/SounderMode: [ (SounderModeService.java:101)#GetCurrentSoundMode ] 0
06-09 18:36:55.773 2957-3372/com.xgimi.soundermodeservice D/SounderMode: [ (SounderModeService.java:101)#GetCurrentSoundMode ] 0
06-09 18:36:55.774 2190-2276/system_process D/xgimiDebug[938]: interceptKeyBeforeDispatching:key_Code:0, down:true, repeatCount:0
06-09 18:36:55.774 2957-2999/com.xgimi.soundermodeservice D/SounderMode: [ (SounderModeService.java:101)#GetCurrentSoundMode ] 0
06-09 18:36:55.784 1867-1867/? I/tvos:  =====> [DMRL] Ear Phone GPIO is NULL 
06-09 18:36:55.798 2957-3181/com.xgimi.soundermodeservice D/SounderMode: [ (SounderModeService.java:101)#GetCurrentSoundMode ] 0
06-09 18:36:56.023 2190-2276/system_process D/xgimiDebug[938]: interceptKeyBeforeDispatching:key_Code:19, down:true, repeatCount:0
06-09 18:36:56.023 2957-2984/com.xgimi.soundermodeservice D/SounderMode: [ (SounderModeService.java:101)#GetCurrentSoundMode ] 0
06-09 18:36:56.024 2446-2446/com.android.systemui E/TASK: launched from home :true
06-09 18:36:56.043 2190-3008/system_process E/PowerManagerService: STRSTR updatePowerStateLocked
06-09 18:36:56.044 3249-3323/fm.awa.liverpool E/FirebaseInstanceId: Google Play services missing or without correct permission.
06-09 18:36:56.046 2190-3029/system_process E/PowerManagerService: STRSTR updatePowerStateLocked
06-09 18:36:56.178 3249-3592/fm.awa.liverpool E/GoogleTagManager: Unsupported Value Escaping: 3
06-09 18:36:56.189 2190-2501/system_process E/PowerManagerService: STRSTR updatePowerStateLocked
06-09 18:36:56.192 3249-3323/fm.awa.liverpool E/FirebaseInstanceId: Google Play services missing or without correct permission.
06-09 18:36:56.193 2190-2202/system_process E/PowerManagerService: STRSTR updatePowerStateLocked
06-09 18:36:56.199 2957-3373/com.xgimi.soundermodeservice D/SounderMode: [ (SounderModeService.java:101)#GetCurrentSoundMode ] 0
06-09 18:36:56.199 2190-2276/system_process D/xgimiDebug[938]: interceptKeyBeforeDispatching:key_Code:0, down:true, repeatCount:0
06-09 18:36:56.202 2957-3372/com.xgimi.soundermodeservice D/SounderMode: [ (SounderModeService.java:101)#GetCurrentSoundMode ] 0
06-09 18:36:56.202 2957-3181/com.xgimi.soundermodeservice D/SounderMode: [ (SounderModeService.java:101)#GetCurrentSoundMode ] 0
06-09 18:36:56.281 2190-2499/system_process I/ActivityManager: START u0 {act=android.intent.action.MAIN cat=[android.intent.category.HOME] flg=0x10200000 cmp=cc.popin.aladdin.home/cc.popin.aladdin.splash.ui.SplashActivity} from uid 10013 on display 0
06-09 18:36:56.287 2190-2499/system_process E/PowerManagerService: STRSTR updatePowerStateLocked
06-09 18:36:56.297 2190-2201/system_process I/ActivityManager: TR3) TaskRecord{138fd96 #179 A=cc.popin.aladdin.home U=0 sz=1}
06-09 18:36:56.297 2190-2201/system_process I/ActivityManager: TR2) TaskRecord{ac7d07b #196 A=com.android.systemui U=0 sz=1}
06-09 18:36:56.355 2190-2201/system_process I/ActivityManager: accel TR3) TaskRecord{138fd96 #179 A=cc.popin.aladdin.home U=0 sz=1}
06-09 18:36:56.355 2190-2201/system_process I/ActivityManager: accel TR2) TaskRecord{ac7d07b #196 A=com.android.systemui U=0 sz=1}
06-09 18:36:56.410 2985-2985/cc.popin.aladdin.home E/SplashActivity: onResume
06-09 18:36:56.427 1702-2265/? E/BufferQueueProducer: [cc.popin.aladdin.home/cc.popin.aladdin.splash.ui.SplashActivity] connect(P): already connected (cur=1 req=1)
06-09 18:36:56.429 2985-3336/cc.popin.aladdin.home D/mali_winsys: EGLint new_window_surface(egl_winsys_display*, void*, EGLSurface, EGLConfig, egl_winsys_surface**, egl_color_buffer_format*, EGLBoolean) returns 0x3000
06-09 18:36:56.460 2190-2451/system_process E/PowerManagerService: STRSTR updatePowerStateLocked
06-09 18:36:56.534 1867-1867/? I/tvos:  =====> [DMRL] Ear Phone GPIO is NULL 
06-09 18:36:56.653 2446-2446/com.android.systemui I/art: Starting a blocking GC Explicit
06-09 18:36:56.692 2446-2446/com.android.systemui I/art: Explicit concurrent mark sweep GC freed 1605(138KB) AllocSpace objects, 0(0B) LOS objects, 40% free, 9MB/15MB, paused 483us total 37.635ms
06-09 18:36:57.285 1867-1867/? I/tvos:  =====> [DMRL] Ear Phone GPIO is NULL 
06-09 18:36:57.387 1867-1867/? I/tvos: [SerialDebug] XgimiManagerService commonNotify:7,42,temperature
06-09 18:36:57.388 3912-3912/com.xgimi.windowsystem E/hzy: temperature
06-09 18:36:57.389 1867-1867/? I/tvos:  [WOW] Fan U Left FUN:<get_fan_status> line:212 |  Fan status is [0] ##### 
06-09 18:36:57.490 1867-1867/? I/tvos:  [WOW] Fan U Left FUN:<fan_ctrl_Auto> line:124 | not change,do not set pwm ,old:[42] cur:[42] 
06-09 18:36:57.491 1867-1867/? I/tvos:  [WOW] Fan U Right FUN:<get_fan_status> line:212 |  Fan status is [0] ##### 
06-09 18:36:57.593 1867-1867/? I/tvos:  [WOW] Fan U Right FUN:<fan_ctrl_Auto> line:124 | not change,do not set pwm ,old:[42] cur:[42] 
06-09 18:36:57.786 2190-2276/system_process E/PowerManagerService: STRSTR updatePowerStateLocked
06-09 18:36:57.786 2190-2276/system_process D/xgimiDebug[938]: interceptKeyBeforeDispatching:key_Code:3, down:true, repeatCount:0
06-09 18:36:57.787 2957-2999/com.xgimi.soundermodeservice D/SounderMode: [ (SounderModeService.java:101)#GetCurrentSoundMode ] 0
06-09 18:36:57.844 1867-1867/? I/tvos:  =====> [DMRL] Ear Phone GPIO is NULL 
06-09 18:36:58.285 2190-2276/system_process E/PowerManagerService: STRSTR updatePowerStateLocked
06-09 18:36:58.285 2190-2276/system_process D/xgimiDebug[938]: interceptKeyBeforeDispatching:key_Code:3, down:true, repeatCount:1
06-09 18:36:58.286 2957-3373/com.xgimi.soundermodeservice D/SounderMode: [ (SounderModeService.java:101)#GetCurrentSoundMode ] 0
06-09 18:36:58.288 2985-2985/cc.popin.aladdin.home I/HomeReceiver: onReceive: action android.intent.action.CLOSE_SYSTEM_DIALOGS
06-09 18:36:58.289 2985-2985/cc.popin.aladdin.home I/HomeReceiver: onReceive: reason recentapps
06-09 18:36:58.296 2190-3022/system_process I/ActivityManager: START u0 {act=com.android.systemui.recents.SHOW_RECENTS flg=0x10804000 cmp=com.android.systemui/.recents.RecentsActivity} from uid 10013 on display 0
06-09 18:36:58.301 2190-3022/system_process E/PowerManagerService: STRSTR updatePowerStateLocked
06-09 18:36:58.302 2985-2985/cc.popin.aladdin.home E/SplashActivity: onPause
06-09 18:36:58.312 2190-3022/system_process I/ActivityManager: TR2) TaskRecord{ac7d07b #196 A=com.android.systemui U=0 sz=1}
06-09 18:36:58.312 2190-3022/system_process I/ActivityManager: TR1) TaskRecord{138fd96 #179 A=cc.popin.aladdin.home U=0 sz=1}
06-09 18:36:58.335 2190-2276/system_process D/xgimiDebug[938]: interceptKeyBeforeDispatching:key_Code:3, down:true, repeatCount:2
06-09 18:36:58.336 2957-3372/com.xgimi.soundermodeservice D/SounderMode: [ (SounderModeService.java:101)#GetCurrentSoundMode ] 0
06-09 18:36:58.345 1867-1867/? I/tvos:  =====> [DMRL] Ear Phone GPIO is NULL 
06-09 18:36:58.401 2190-3022/system_process I/ActivityManager: accel TR2) TaskRecord{ac7d07b #196 A=com.android.systemui U=0 sz=1}
06-09 18:36:58.401 2190-3022/system_process I/ActivityManager: accel TR1) TaskRecord{138fd96 #179 A=cc.popin.aladdin.home U=0 sz=1}
06-09 18:36:58.422 2190-2276/system_process D/xgimiDebug[938]: interceptKeyBeforeDispatching:key_Code:3, down:true, repeatCount:3
06-09 18:36:58.426 2957-3181/com.xgimi.soundermodeservice D/SounderMode: [ (SounderModeService.java:101)#GetCurrentSoundMode ] 0
06-09 18:36:58.474 2190-2276/system_process D/xgimiDebug[938]: interceptKeyBeforeDispatching:key_Code:3, down:true, repeatCount:4
06-09 18:36:58.475 2957-2984/com.xgimi.soundermodeservice D/SounderMode: [ (SounderModeService.java:101)#GetCurrentSoundMode ] 0
06-09 18:36:58.487 1702-2265/? E/BufferQueueProducer: [com.android.systemui/com.android.systemui.recents.RecentsActivity] connect(P): already connected (cur=1 req=1)
06-09 18:36:58.488 2446-3156/com.android.systemui D/mali_winsys: EGLint new_window_surface(egl_winsys_display*, void*, EGLSurface, EGLConfig, egl_winsys_surface**, egl_color_buffer_format*, EGLBoolean) returns 0x3000
06-09 18:36:58.524 2190-2276/system_process D/xgimiDebug[938]: interceptKeyBeforeDispatching:key_Code:3, down:true, repeatCount:5
06-09 18:36:58.526 2957-2999/com.xgimi.soundermodeservice D/SounderMode: [ (SounderModeService.java:101)#GetCurrentSoundMode ] 0
06-09 18:36:58.531 2446-2446/com.android.systemui I/art: Starting a blocking GC Explicit
06-09 18:36:58.560 2446-2446/com.android.systemui I/art: Explicit concurrent mark sweep GC freed 996(139KB) AllocSpace objects, 0(0B) LOS objects, 39% free, 9MB/15MB, paused 484us total 28.771ms
06-09 18:36:58.566 2190-3010/system_process E/PowerManagerService: STRSTR updatePowerStateLocked
06-09 18:36:58.575 2190-2276/system_process D/xgimiDebug[938]: interceptKeyBeforeDispatching:key_Code:3, down:true, repeatCount:6
06-09 18:36:58.576 2957-3373/com.xgimi.soundermodeservice D/SounderMode: [ (SounderModeService.java:101)#GetCurrentSoundMode ] 0
06-09 18:36:58.605 2763-2831/com.android.bluetooth D/bt_btif_gattc: btif_gattc_update_properties BLE device name=Hi-SZL1-12B7E000567 len=19 dev_type=2
06-09 18:36:58.607 2190-2201/system_process E/PowerManagerService: STRSTR updatePowerStateLocked
06-09 18:36:58.612 2924-2924/com.xgimi.bluetoothservice D/xgimi_bluetooth_BroadcastReceiver: AAAAAAAAAAAAAAAAAAAAAAAAAAAAAAAAAAA  action::android.bluetooth.device.action.NAME_CHANGED
06-09 18:36:58.617 2924-2924/com.xgimi.bluetoothservice I/xgimi_bluetooth_MBluetoothManager: can't find cachedDevice
06-09 18:36:58.625 2190-2276/system_process D/xgimiDebug[938]: interceptKeyBeforeDispatching:key_Code:3, down:true, repeatCount:7
06-09 18:36:58.626 2957-3372/com.xgimi.soundermodeservice D/SounderMode: [ (SounderModeService.java:101)#GetCurrentSoundMode ] 0
06-09 18:36:58.676 2190-2276/system_process D/xgimiDebug[938]: interceptKeyBeforeDispatching:key_Code:3, down:true, repeatCount:8
06-09 18:36:58.676 2957-3181/com.xgimi.soundermodeservice D/SounderMode: [ (SounderModeService.java:101)#GetCurrentSoundMode ] 0
06-09 18:36:58.726 2190-2276/system_process D/xgimiDebug[938]: interceptKeyBeforeDispatching:key_Code:3, down:true, repeatCount:9
06-09 18:36:58.727 2957-2984/com.xgimi.soundermodeservice D/SounderMode: [ (SounderModeService.java:101)#GetCurrentSoundMode ] 0
06-09 18:36:58.777 2190-2276/system_process D/xgimiDebug[938]: interceptKeyBeforeDispatching:key_Code:3, down:true, repeatCount:10
06-09 18:36:58.777 2957-2999/com.xgimi.soundermodeservice D/SounderMode: [ (SounderModeService.java:101)#GetCurrentSoundMode ] 0
06-09 18:36:58.827 2190-2276/system_process E/PowerManagerService: STRSTR updatePowerStateLocked
06-09 18:36:58.828 2190-2276/system_process D/xgimiDebug[938]: interceptKeyBeforeDispatching:key_Code:3, down:true, repeatCount:11
06-09 18:36:58.828 2957-3373/com.xgimi.soundermodeservice D/SounderMode: [ (SounderModeService.java:101)#GetCurrentSoundMode ] 0
06-09 18:36:58.842 2486-2523/com.xgimi.xgimiservice D/TvManager_JNI: getGpioDeviceStatus
06-09 18:36:58.842 2486-2523/com.xgimi.xgimiservice D/RTCDetect: The RTC shutdown signal status is : 1
06-09 18:36:58.846 1867-1867/? I/tvos:  =====> [DMRL] Ear Phone GPIO is NULL 
06-09 18:36:58.879 2190-2276/system_process D/xgimiDebug[938]: interceptKeyBeforeDispatching:key_Code:3, down:true, repeatCount:12
06-09 18:36:58.880 2957-3372/com.xgimi.soundermodeservice D/SounderMode: [ (SounderModeService.java:101)#GetCurrentSoundMode ] 0
06-09 18:36:58.911 2957-3181/com.xgimi.soundermodeservice D/SounderMode: [ (SounderModeService.java:101)#GetCurrentSoundMode ] 0
06-09 18:36:58.912 2190-2276/system_process D/xgimiDebug[938]: interceptKeyBeforeDispatching:key_Code:0, down:true, repeatCount:0
06-09 18:36:58.914 2957-2984/com.xgimi.soundermodeservice D/SounderMode: [ (SounderModeService.java:101)#GetCurrentSoundMode ] 0
06-09 18:36:58.915 2957-2999/com.xgimi.soundermodeservice D/SounderMode: [ (SounderModeService.java:101)#GetCurrentSoundMode ] 0
06-09 18:36:58.922 2486-2520/com.xgimi.xgimiservice D/TvManager_JNI: getFrcVersion
06-09 18:36:58.923 1718-1718/? V/3D: Func: GetCurrent3DFormat()
06-09 18:36:58.923 1718-1718/? V/3D: Func: GetCurrent3DFormat() : return current3d=0
06-09 18:36:59.160 2190-2276/system_process D/xgimiDebug[938]: interceptKeyBeforeDispatching:key_Code:19, down:true, repeatCount:0
06-09 18:36:59.161 2957-3373/com.xgimi.soundermodeservice D/SounderMode: [ (SounderModeService.java:101)#GetCurrentSoundMode ] 0
06-09 18:36:59.323 2957-3372/com.xgimi.soundermodeservice D/SounderMode: [ (SounderModeService.java:101)#GetCurrentSoundMode ] 0
06-09 18:36:59.335 2190-2276/system_process E/PowerManagerService: STRSTR updatePowerStateLocked
06-09 18:36:59.336 2190-2276/system_process D/xgimiDebug[938]: interceptKeyBeforeDispatching:key_Code:0, down:true, repeatCount:0
06-09 18:36:59.336 2957-3181/com.xgimi.soundermodeservice D/SounderMode: [ (SounderModeService.java:101)#GetCurrentSoundMode ] 0
06-09 18:36:59.338 2957-2984/com.xgimi.soundermodeservice D/SounderMode: [ (SounderModeService.java:101)#GetCurrentSoundMode ] 0
06-09 18:36:59.346 1867-1867/? I/tvos:  =====> [DMRL] Ear Phone GPIO is NULL 
06-09 18:36:59.448 1867-1867/? I/tvos: [SerialDebug] XgimiManagerService commonNotify:7,42,temperature
06-09 18:36:59.448 3912-3912/com.xgimi.windowsystem E/hzy: temperature
06-09 18:36:59.449 1867-1867/? I/tvos:  [WOW] Fan U Left FUN:<get_fan_status> line:212 |  Fan status is [0] ##### 
06-09 18:36:59.553 1867-1867/? I/tvos:  [WOW] Fan U Left FUN:<fan_ctrl_Auto> line:124 | not change,do not set pwm ,old:[42] cur:[42] 
06-09 18:36:59.553 1867-1867/? I/tvos:  [WOW] Fan U Right FUN:<get_fan_status> line:212 |  Fan status is [0] ##### 
06-09 18:36:59.613 2190-2501/system_process E/PowerManagerService: STRSTR updatePowerStateLocked
06-09 18:36:59.655 1867-1867/? I/tvos:  [WOW] Fan U Right FUN:<fan_ctrl_Auto> line:124 | not change,do not set pwm ,old:[42] cur:[42] 
06-09 18:36:59.898 2190-2276/system_process E/PowerManagerService: STRSTR updatePowerStateLocked
06-09 18:36:59.898 2190-2276/system_process D/xgimiDebug[938]: interceptKeyBeforeDispatching:key_Code:3, down:true, repeatCount:0
06-09 18:36:59.899 2957-3373/com.xgimi.soundermodeservice D/SounderMode: [ (SounderModeService.java:101)#GetCurrentSoundMode ] 0
06-09 18:36:59.905 1867-1867/? I/tvos:  =====> [DMRL] Ear Phone GPIO is NULL 
06-09 18:37:00.001 2190-2263/system_process E/PowerManagerService: STRSTR updatePowerStateLocked
06-09 18:37:00.012 2957-3372/com.xgimi.soundermodeservice D/SounderMode: [ (SounderModeService.java:101)#GetCurrentSoundMode ] 0
06-09 18:37:00.018 2190-2276/system_process W/TelecomManager: Telecom Service not found.
06-09 18:37:00.019 2190-2276/system_process E/PowerManagerService: STRSTR updatePowerStateLocked
06-09 18:37:00.021 2985-2985/cc.popin.aladdin.home I/HomeReceiver: onReceive: action android.intent.action.CLOSE_SYSTEM_DIALOGS
06-09 18:37:00.021 2985-2985/cc.popin.aladdin.home I/HomeReceiver: onReceive: reason homekey
06-09 18:37:00.023 2190-2276/system_process D/xgimiDebug[938]: interceptKeyBeforeDispatching:key_Code:0, down:true, repeatCount:0
06-09 18:37:00.024 2957-3181/com.xgimi.soundermodeservice D/SounderMode: [ (SounderModeService.java:101)#GetCurrentSoundMode ] 0
06-09 18:37:00.025 2957-2984/com.xgimi.soundermodeservice D/SounderMode: [ (SounderModeService.java:101)#GetCurrentSoundMode ] 0
06-09 18:37:00.060 2190-2499/system_process I/ActivityManager: START u0 {act=android.intent.action.MAIN cat=[android.intent.category.HOME] flg=0x10200000 cmp=cc.popin.aladdin.home/cc.popin.aladdin.splash.ui.SplashActivity} from uid 10013 on display 0
06-09 18:37:00.072 2190-2499/system_process E/PowerManagerService: STRSTR updatePowerStateLocked
06-09 18:37:00.083 2190-3022/system_process I/ActivityManager: TR2) TaskRecord{138fd96 #179 A=cc.popin.aladdin.home U=0 sz=1}
06-09 18:37:00.083 2190-3022/system_process I/ActivityManager: TR1) TaskRecord{ac7d07b #196 A=com.android.systemui U=0 sz=1}
06-09 18:37:00.160 2190-3022/system_process I/ActivityManager: accel TR2) TaskRecord{138fd96 #179 A=cc.popin.aladdin.home U=0 sz=1}
06-09 18:37:00.160 2190-3022/system_process I/ActivityManager: accel TR1) TaskRecord{ac7d07b #196 A=com.android.systemui U=0 sz=1}
06-09 18:37:00.170 2190-2190/system_process E/PowerManagerService: STRSTR updatePowerStateLocked
06-09 18:37:00.210 2985-2985/cc.popin.aladdin.home E/SplashActivity: onResume
06-09 18:37:00.236 1702-2266/? E/BufferQueueProducer: [cc.popin.aladdin.home/cc.popin.aladdin.splash.ui.SplashActivity] connect(P): already connected (cur=1 req=1)
06-09 18:37:00.237 2985-3336/cc.popin.aladdin.home D/mali_winsys: EGLint new_window_surface(egl_winsys_display*, void*, EGLSurface, EGLConfig, egl_winsys_surface**, egl_color_buffer_format*, EGLBoolean) returns 0x3000
06-09 18:37:00.274 2190-3000/system_process E/PowerManagerService: STRSTR updatePowerStateLocked
06-09 18:37:00.406 1867-1867/? I/tvos:  =====> [DMRL] Ear Phone GPIO is NULL 
06-09 18:37:00.433 2446-2446/com.android.systemui I/art: Starting a blocking GC Explicit
06-09 18:37:00.464 2446-2446/com.android.systemui I/art: Explicit concurrent mark sweep GC freed 1366(131KB) AllocSpace objects, 0(0B) LOS objects, 39% free, 9MB/15MB, paused 746us total 29.956ms
06-09 18:37:01.156 1867-1867/? I/tvos:  =====> [DMRL] Ear Phone GPIO is NULL 
06-09 18:37:01.340 2763-2831/com.android.bluetooth D/bt_btif_gattc: btif_gattc_update_properties BLE device name=Hi-SZL1-12B7E000567 len=19 dev_type=2
06-09 18:37:01.341 2190-3006/system_process E/PowerManagerService: STRSTR updatePowerStateLocked
06-09 18:37:01.345 2924-2924/com.xgimi.bluetoothservice D/xgimi_bluetooth_BroadcastReceiver: AAAAAAAAAAAAAAAAAAAAAAAAAAAAAAAAAAA  action::android.bluetooth.device.action.NAME_CHANGED
06-09 18:37:01.354 2924-2924/com.xgimi.bluetoothservice I/xgimi_bluetooth_MBluetoothManager: can't find cachedDevice
06-09 18:37:01.508 1867-1867/? I/tvos: [SerialDebug] XgimiManagerService commonNotify:7,42,temperature
06-09 18:37:01.508 3912-3912/com.xgimi.windowsystem E/hzy: temperature
06-09 18:37:01.509 1867-1867/? I/tvos:  [WOW] Fan U Left FUN:<get_fan_status> line:212 |  Fan status is [0] ##### 
06-09 18:37:01.611 1867-1867/? I/tvos:  [WOW] Fan U Left FUN:<fan_ctrl_Auto> line:124 | not change,do not set pwm ,old:[42] cur:[42] 
06-09 18:37:01.611 1867-1867/? I/tvos:  [WOW] Fan U Right FUN:<get_fan_status> line:212 |  Fan status is [0] ##### 
06-09 18:37:01.713 1867-1867/? I/tvos:  [WOW] Fan U Right FUN:<fan_ctrl_Auto> line:124 | not change,do not set pwm ,old:[42] cur:[42] 
06-09 18:37:01.963 1867-1867/? I/tvos:  =====> [DMRL] Ear Phone GPIO is NULL 
06-09 18:37:02.356 2190-2202/system_process E/PowerManagerService: STRSTR updatePowerStateLocked
06-09 18:37:02.464 1867-1867/? I/tvos:  =====> [DMRL] Ear Phone GPIO is NULL 
