06-09 18:36:15.014 1867-1867/? I/tvos:  =====> [DMRL] Ear Phone GPIO is NULL 
06-09 18:36:15.765 1867-1867/? I/tvos:  =====> [DMRL] Ear Phone GPIO is NULL 
06-09 18:36:16.117 1867-1867/? I/tvos: [SerialDebug] XgimiManagerService commonNotify:7,42,temperature
06-09 18:36:16.117 3912-3912/com.xgimi.windowsystem E/hzy: temperature
06-09 18:36:16.118 1867-1867/? I/tvos:  [WOW] Fan U Left FUN:<get_fan_status> line:212 |  Fan status is [0] ##### 
06-09 18:36:16.220 1867-1867/? I/tvos:  [WOW] Fan U Left FUN:<fan_ctrl_Auto> line:124 | not change,do not set pwm ,old:[42] cur:[42] 
06-09 18:36:16.220 1867-1867/? I/tvos:  [WOW] Fan U Right FUN:<get_fan_status> line:212 |  Fan status is [0] ##### 
06-09 18:36:16.322 1867-1867/? I/tvos:  [WOW] Fan U Right FUN:<fan_ctrl_Auto> line:124 | not change,do not set pwm ,old:[42] cur:[42] 
06-09 18:36:16.573 1867-1867/? I/tvos:  =====> [DMRL] Ear Phone GPIO is NULL 
    
    --------- beginning of system
06-09 18:36:16.722 2190-2276/system_process E/PowerManagerService: STRSTR updatePowerStateLocked
06-09 18:36:16.723 2190-2276/system_process D/xgimiDebug[938]: interceptKeyBeforeDispatching:key_Code:23, down:true, repeatCount:0
06-09 18:36:16.723 2957-2984/com.xgimi.soundermodeservice D/SounderMode: [ (SounderModeService.java:101)#GetCurrentSoundMode ] 0
06-09 18:36:16.733 1867-1867/? I/tvos: [INFO] Change to Voltage: 1150 mV (0x30)
06-09 18:36:16.898 2957-2999/com.xgimi.soundermodeservice D/SounderMode: [ (SounderModeService.java:101)#GetCurrentSoundMode ] 0
06-09 18:36:16.899 2190-2276/system_process D/xgimiDebug[938]: interceptKeyBeforeDispatching:key_Code:0, down:true, repeatCount:0
06-09 18:36:16.899 2957-3181/com.xgimi.soundermodeservice D/SounderMode: [ (SounderModeService.java:101)#GetCurrentSoundMode ] 0
06-09 18:36:16.903 1713-2279/? I/audio_hw_primary: adev_create_audio_patch::mix->device 
06-09 18:36:16.903 1713-2279/? I/audio_hw_primary: adev_create_audio_patch *handle=-1417432992 num_audio_patch=3
06-09 18:36:16.904 2190-2501/system_process E/PowerManagerService: STRSTR updatePowerStateLocked
06-09 18:36:16.914 1713-2279/? I/audio_hw_primary: open output pcm for device [AUDIO_DEVICE_OUT_SPEAKER], path[HW DMA Reader1]
06-09 18:36:16.914 1713-2279/? I/audio_hw_primary: pcm format:  ch[2], fs[48000], multi[0]
06-09 18:36:16.914 1713-2279/? E/audio_hw_primary: pcm output open ok,  device_id:0
06-09 18:36:16.922 2985-2985/cc.popin.aladdin.home W/ContextImpl: Calling a method in the system process without a qualified user: android.app.ContextImpl.startActivity:658 android.content.ContextWrapper.startActivity:331 cc.popin.aladdin.home.adapter.AppGridAdapter.o:12 cc.popin.aladdin.home.adapter.AppGridAdapter.n:1 cc.popin.aladdin.home.g.d.c.a:20 
06-09 18:36:16.923 2985-2985/cc.popin.aladdin.home W/ContextImpl: Calling a method in the system process without a qualified user: android.app.ContextImpl.startActivity:670 android.app.ContextImpl.startActivity:659 android.content.ContextWrapper.startActivity:331 cc.popin.aladdin.home.adapter.AppGridAdapter.o:12 cc.popin.aladdin.home.adapter.AppGridAdapter.n:1 
06-09 18:36:16.923 2190-3008/system_process I/ActivityManager: START u0 {act=android.intent.action.MAIN cat=[android.intent.category.LEANBACK_LAUNCHER] flg=0x10000000 pkg=fm.awa.liverpool cmp=fm.awa.liverpool/.tv.ui.splash.SplashActivity} from uid 1000 on display 0
06-09 18:36:16.939 2190-3008/system_process E/PowerManagerService: STRSTR updatePowerStateLocked
06-09 18:36:16.961 1713-2279/? E/AudioFlinger: PlaybackThread::Track::getNextBuffer:There is not enough data from AudioTrack!!!
06-09 18:36:16.969 2985-2985/cc.popin.aladdin.home E/SplashActivity: onPause
06-09 18:36:16.978 2190-3011/system_process I/ActivityManager: TR6) TaskRecord{ef39460 #195 A=fm.awa.liverpool U=0 sz=1}
06-09 18:36:16.978 2190-3011/system_process I/ActivityManager: TR5) TaskRecord{138fd96 #179 A=cc.popin.aladdin.home U=0 sz=1}
06-09 18:36:16.997 2985-7468/cc.popin.aladdin.home W/ContextImpl: Calling a method in the system process without a qualified user: android.app.ContextImpl.bindService:1285 android.content.ContextWrapper.bindService:604 com.google.android.gms.common.stats.a.d:4 com.google.android.gms.common.stats.a.a:1 com.google.android.gms.measurement.internal.q8.e:10 
06-09 18:36:17.050 2190-3011/system_process I/ActivityManager: accel TR6) TaskRecord{ef39460 #195 A=fm.awa.liverpool U=0 sz=1}
06-09 18:36:17.051 2190-3011/system_process I/ActivityManager: accel TR5) TaskRecord{138fd96 #179 A=cc.popin.aladdin.home U=0 sz=1}
06-09 18:36:17.168 3249-7532/fm.awa.liverpool W/FirebaseInstanceId: Failed to find package android.content.pm.PackageManager$NameNotFoundException: com.google.android.gms
06-09 18:36:17.174 3249-7532/fm.awa.liverpool W/FirebaseInstanceId: Failed to find package android.content.pm.PackageManager$NameNotFoundException: com.google.android.gms
06-09 18:36:17.175 3249-7532/fm.awa.liverpool E/FirebaseInstanceId: Google Play services missing or without correct permission.
06-09 18:36:17.205 2957-3372/com.xgimi.soundermodeservice D/SounderMode: [ (SounderModeService.java:101)#GetCurrentSoundMode ] 0
06-09 18:36:17.210 1702-1902/? E/BufferQueueProducer: [fm.awa.liverpool/fm.awa.liverpool.tv.ui.splash.SplashActivity] connect(P): already connected (cur=1 req=1)
06-09 18:36:17.210 3249-5606/fm.awa.liverpool D/mali_winsys: EGLint new_window_surface(egl_winsys_display*, void*, EGLSurface, EGLConfig, egl_winsys_surface**, egl_color_buffer_format*, EGLBoolean) returns 0x3000
06-09 18:36:17.215 3249-3249/fm.awa.liverpool W/ViewRootImpl: Dropping event due to no window focus: KeyEvent { action=ACTION_DOWN, keyCode=KEYCODE_UNKNOWN, scanCode=88, metaState=0, flags=0x8, repeatCount=0, eventTime=1952987, downTime=1952987, deviceId=8, source=0x301 }
06-09 18:36:17.217 3249-3249/fm.awa.liverpool W/ViewRootImpl: Cancelling event due to no window focus: KeyEvent { action=ACTION_UP, keyCode=KEYCODE_UNKNOWN, scanCode=88, metaState=0, flags=0x28, repeatCount=0, eventTime=1952988, downTime=1952987, deviceId=8, source=0x301 }
06-09 18:36:17.217 3249-3249/fm.awa.liverpool W/ViewRootImpl: Cancelling event due to no window focus: KeyEvent { action=ACTION_UP, keyCode=KEYCODE_UNKNOWN, scanCode=88, metaState=0, flags=0x28, repeatCount=0, eventTime=1952988, downTime=1952987, deviceId=8, source=0x301 }
06-09 18:36:17.217 3249-3249/fm.awa.liverpool W/ViewRootImpl: Cancelling event due to no window focus: KeyEvent { action=ACTION_UP, keyCode=KEYCODE_UNKNOWN, scanCode=88, metaState=0, flags=0x28, repeatCount=0, eventTime=1952988, downTime=1952987, deviceId=8, source=0x301 }
06-09 18:36:17.217 3249-3249/fm.awa.liverpool W/ViewRootImpl: Cancelling event due to no window focus: KeyEvent { action=ACTION_UP, keyCode=KEYCODE_UNKNOWN, scanCode=88, metaState=0, flags=0x28, repeatCount=0, eventTime=1952988, downTime=1952987, deviceId=8, source=0x301 }
06-09 18:36:17.217 3249-3249/fm.awa.liverpool W/ViewRootImpl: Cancelling event due to no window focus: KeyEvent { action=ACTION_UP, keyCode=KEYCODE_UNKNOWN, scanCode=88, metaState=0, flags=0x28, repeatCount=0, eventTime=1952988, downTime=1952987, deviceId=8, source=0x301 }
06-09 18:36:17.217 3249-3249/fm.awa.liverpool W/ViewRootImpl: Cancelling event due to no window focus: KeyEvent { action=ACTION_UP, keyCode=KEYCODE_UNKNOWN, scanCode=88, metaState=0, flags=0x28, repeatCount=0, eventTime=1952988, downTime=1952987, deviceId=8, source=0x301 }
06-09 18:36:17.218 3249-3249/fm.awa.liverpool W/ViewRootImpl: Cancelling event due to no window focus: KeyEvent { action=ACTION_UP, keyCode=KEYCODE_UNKNOWN, scanCode=88, metaState=0, flags=0x228, repeatCount=0, eventTime=1952988, downTime=1952987, deviceId=8, source=0x301 }
06-09 18:36:17.218 3249-3249/fm.awa.liverpool W/ViewRootImpl: Cancelling event due to no window focus: KeyEvent { action=ACTION_UP, keyCode=KEYCODE_UNKNOWN, scanCode=88, metaState=0, flags=0x228, repeatCount=0, eventTime=1952988, downTime=1952987, deviceId=8, source=0x301 }
06-09 18:36:17.218 3249-3249/fm.awa.liverpool W/ViewRootImpl: Cancelling event due to no window focus: KeyEvent { action=ACTION_UP, keyCode=KEYCODE_UNKNOWN, scanCode=88, metaState=0, flags=0x228, repeatCount=0, eventTime=1952988, downTime=1952987, deviceId=8, source=0x301 }
06-09 18:36:17.266 2190-3024/system_process E/PowerManagerService: STRSTR updatePowerStateLocked
06-09 18:36:17.266 3249-3323/fm.awa.liverpool E/FirebaseInstanceId: Google Play services missing or without correct permission.
06-09 18:36:17.268 2190-3000/system_process E/PowerManagerService: STRSTR updatePowerStateLocked
06-09 18:36:17.300 2190-3010/system_process E/PowerManagerService: STRSTR updatePowerStateLocked
06-09 18:36:17.322 3249-3592/fm.awa.liverpool W/GoogleTagManager: Event does not have parameter "_sn" and no default value was defined. Returning "undefined".
06-09 18:36:17.325 1867-1867/? I/tvos:  =====> [DMRL] Ear Phone GPIO is NULL 
06-09 18:36:17.338 2190-2209/system_process I/ActivityManager: Displayed fm.awa.liverpool/.tv.ui.splash.SplashActivity: +368ms
06-09 18:36:17.889 2763-2831/com.android.bluetooth D/bt_btif_gattc: btif_gattc_update_properties BLE device name=XiaoduPods-1A84 len=16 dev_type=3
06-09 18:36:17.890 2190-2201/system_process E/PowerManagerService: STRSTR updatePowerStateLocked
06-09 18:36:17.893 2924-2924/com.xgimi.bluetoothservice D/xgimi_bluetooth_BroadcastReceiver: AAAAAAAAAAAAAAAAAAAAAAAAAAAAAAAAAAA  action::android.bluetooth.device.action.NAME_CHANGED
06-09 18:36:17.897 2924-2924/com.xgimi.bluetoothservice I/xgimi_bluetooth_MBluetoothManager: can't find cachedDevice
06-09 18:36:17.902 3518-5022/com.android.newsettings D/setting3.0: changeName xdBluetoothDeviceItem:name::XiaoduPods-1A84  address::CC:E0:DA:1B:1A:84  pro_type::0  statue_type::0  bt_type::0
06-09 18:36:18.075 1867-1867/? I/tvos:  =====> [DMRL] Ear Phone GPIO is NULL 
06-09 18:36:18.177 3912-3912/com.xgimi.windowsystem E/hzy: temperature
06-09 18:36:18.178 1867-1867/? I/tvos: [SerialDebug] XgimiManagerService commonNotify:7,42,temperature
06-09 18:36:18.180 1867-1867/? I/tvos:  [WOW] Fan U Left FUN:<get_fan_status> line:212 |  Fan status is [0] ##### 
06-09 18:36:18.282 1867-1867/? I/tvos:  [WOW] Fan U Left FUN:<fan_ctrl_Auto> line:124 | not change,do not set pwm ,old:[42] cur:[42] 
06-09 18:36:18.282 1867-1867/? I/tvos:  [WOW] Fan U Right FUN:<get_fan_status> line:212 |  Fan status is [0] ##### 
06-09 18:36:18.384 1867-1867/? I/tvos:  [WOW] Fan U Right FUN:<fan_ctrl_Auto> line:124 | not change,do not set pwm ,old:[42] cur:[42] 
06-09 18:36:18.634 1867-1867/? I/tvos:  =====> [DMRL] Ear Phone GPIO is NULL 
06-09 18:36:18.823 2486-2523/com.xgimi.xgimiservice D/TvManager_JNI: getGpioDeviceStatus
06-09 18:36:18.824 2486-2523/com.xgimi.xgimiservice D/RTCDetect: The RTC shutdown signal status is : 1
06-09 18:36:18.895 2190-3000/system_process E/PowerManagerService: STRSTR updatePowerStateLocked
06-09 18:36:18.916 2486-2520/com.xgimi.xgimiservice D/TvManager_JNI: getFrcVersion
06-09 18:36:18.916 1718-1718/? V/3D: Func: GetCurrent3DFormat()
06-09 18:36:18.916 1718-1718/? V/3D: Func: GetCurrent3DFormat() : return current3d=0
06-09 18:36:19.001 3249-5632/fm.awa.liverpool W/GooglePlayServicesUtil: fm.awa.liverpool requires the Google Play Store, but it is missing.
06-09 18:36:19.002 3249-5632/fm.awa.liverpool W/GoogleApiManager: The service for g.h.c.i.c.d is not available: ConnectionResult{statusCode=SERVICE_INVALID, resolution=null, message=null}
06-09 18:36:19.004 2190-2201/system_process I/ActivityManager: START u0 {cmp=fm.awa.liverpool/fm.awa.tv.ui.main.MainActivity (has extras)} from uid 10065 on display 0
06-09 18:36:19.008 2190-2201/system_process E/PowerManagerService: STRSTR updatePowerStateLocked
06-09 18:36:19.025 2190-2451/system_process I/ActivityManager: accel TR6) TaskRecord{ef39460 #195 A=fm.awa.liverpool U=0 sz=2}
06-09 18:36:19.025 2190-2451/system_process I/ActivityManager: accel TR5) TaskRecord{138fd96 #179 A=cc.popin.aladdin.home U=0 sz=1}
06-09 18:36:19.042 2190-2975/system_process E/PowerManagerService: STRSTR updatePowerStateLocked
06-09 18:36:19.042 3249-3323/fm.awa.liverpool E/FirebaseInstanceId: Google Play services missing or without correct permission.
06-09 18:36:19.043 2190-2202/system_process E/PowerManagerService: STRSTR updatePowerStateLocked
06-09 18:36:19.211 2190-3006/system_process E/PowerManagerService: STRSTR updatePowerStateLocked
06-09 18:36:19.214 3249-3323/fm.awa.liverpool E/FirebaseInstanceId: Google Play services missing or without correct permission.
06-09 18:36:19.215 2190-3029/system_process E/PowerManagerService: STRSTR updatePowerStateLocked
06-09 18:36:19.356 1702-1813/? E/BufferQueueProducer: [fm.awa.liverpool/fm.awa.tv.ui.main.MainActivity] connect(P): already connected (cur=1 req=1)
06-09 18:36:19.357 3249-5606/fm.awa.liverpool D/mali_winsys: EGLint new_window_surface(egl_winsys_display*, void*, EGLSurface, EGLConfig, egl_winsys_surface**, egl_color_buffer_format*, EGLBoolean) returns 0x3000
06-09 18:36:19.385 1867-1867/? I/tvos:  =====> [DMRL] Ear Phone GPIO is NULL 
06-09 18:36:19.466 2190-2499/system_process E/PowerManagerService: STRSTR updatePowerStateLocked
06-09 18:36:19.469 3249-3323/fm.awa.liverpool E/FirebaseInstanceId: Google Play services missing or without correct permission.
06-09 18:36:19.470 2190-3006/system_process E/PowerManagerService: STRSTR updatePowerStateLocked
06-09 18:36:19.648 3249-3592/fm.awa.liverpool W/GoogleTagManager: Event does not have parameter "_sn" and no default value was defined. Returning "undefined".
06-09 18:36:19.667 2190-2497/system_process E/PowerManagerService: STRSTR updatePowerStateLocked
06-09 18:36:19.668 3249-3323/fm.awa.liverpool E/FirebaseInstanceId: Google Play services missing or without correct permission.
06-09 18:36:19.669 2190-3029/system_process E/PowerManagerService: STRSTR updatePowerStateLocked
06-09 18:36:19.881 2190-2202/system_process E/PowerManagerService: STRSTR updatePowerStateLocked
06-09 18:36:19.883 3249-3323/fm.awa.liverpool E/FirebaseInstanceId: Google Play services missing or without correct permission.
06-09 18:36:19.884 2190-3022/system_process E/PowerManagerService: STRSTR updatePowerStateLocked
06-09 18:36:19.886 1867-1867/? I/tvos:  =====> [DMRL] Ear Phone GPIO is NULL 
06-09 18:36:19.962 2190-2975/system_process E/PowerManagerService: STRSTR updatePowerStateLocked
06-09 18:36:19.982 2190-3024/system_process E/PowerManagerService: STRSTR updatePowerStateLocked
06-09 18:36:19.983 3249-3323/fm.awa.liverpool E/FirebaseInstanceId: Google Play services missing or without correct permission.
06-09 18:36:19.983 2190-2956/system_process E/PowerManagerService: STRSTR updatePowerStateLocked
06-09 18:36:20.059 2190-3011/system_process E/PowerManagerService: STRSTR updatePowerStateLocked
06-09 18:36:20.071 3249-3323/fm.awa.liverpool E/FirebaseInstanceId: Google Play services missing or without correct permission.
06-09 18:36:20.073 2190-2201/system_process E/PowerManagerService: STRSTR updatePowerStateLocked
06-09 18:36:20.152 2190-2956/system_process E/PowerManagerService: STRSTR updatePowerStateLocked
06-09 18:36:20.153 3249-3323/fm.awa.liverpool E/FirebaseInstanceId: Google Play services missing or without correct permission.
06-09 18:36:20.154 2190-2501/system_process E/PowerManagerService: STRSTR updatePowerStateLocked
06-09 18:36:20.240 1867-1867/? I/tvos: [SerialDebug] XgimiManagerService commonNotify:7,42,temperature
06-09 18:36:20.241 1867-1867/? I/tvos:  [WOW] Fan U Left FUN:<get_fan_status> line:212 |  Fan status is [0] ##### 
06-09 18:36:20.250 3912-3912/com.xgimi.windowsystem E/hzy: temperature
06-09 18:36:20.343 1867-1867/? I/tvos:  [WOW] Fan U Left FUN:<fan_ctrl_Auto> line:124 | not change,do not set pwm ,old:[42] cur:[42] 
06-09 18:36:20.343 1867-1867/? I/tvos:  [WOW] Fan U Right FUN:<get_fan_status> line:212 |  Fan status is [0] ##### 
06-09 18:36:20.446 1867-1867/? I/tvos:  [WOW] Fan U Right FUN:<fan_ctrl_Auto> line:124 | not change,do not set pwm ,old:[42] cur:[42] 
06-09 18:36:20.450 3249-3259/fm.awa.liverpool I/art: Background partial concurrent mark sweep GC freed 50620(3MB) AllocSpace objects, 22(768KB) LOS objects, 31% free, 34MB/50MB, paused 3.770ms total 162.784ms
06-09 18:36:20.527 2190-2209/system_process I/ActivityManager: Displayed fm.awa.liverpool/fm.awa.tv.ui.main.MainActivity: +1s506ms
06-09 18:36:20.696 1867-1867/? I/tvos:  =====> [DMRL] Ear Phone GPIO is NULL 
06-09 18:36:20.699 3249-3249/fm.awa.liverpool I/Choreographer: Skipped 63 frames!  The application may be doing too much work on its main thread.
06-09 18:36:20.971 2190-2320/system_process E/PowerManagerService: STRSTR updatePowerStateLocked
06-09 18:36:20.971 2190-2320/system_process D/NtpTrustedTime: currentTimeMillis() cache hit
06-09 18:36:20.988 2190-2320/system_process D/NtpTrustedTime: currentTimeMillis() cache hit
06-09 18:36:20.989 2190-2320/system_process E/PowerManagerService: STRSTR updatePowerStateLocked
06-09 18:36:20.989 2190-2321/system_process D/NtpTrustedTime: currentTimeMillis() cache hit
06-09 18:36:20.989 2190-2321/system_process D/NtpTrustedTime: currentTimeMillis() cache hit
06-09 18:36:21.197 1867-1867/? I/tvos:  =====> [DMRL] Ear Phone GPIO is NULL 
06-09 18:36:21.877 3249-3249/fm.awa.liverpool I/Choreographer: Skipped 60 frames!  The application may be doing too much work on its main thread.
06-09 18:36:21.947 1867-1867/? I/tvos:  =====> [DMRL] Ear Phone GPIO is NULL 
06-09 18:36:22.282 3249-3259/fm.awa.liverpool I/art: Background sticky concurrent mark sweep GC freed 158830(8MB) AllocSpace objects, 21(984KB) LOS objects, 17% free, 41MB/50MB, paused 3.846ms total 109.230ms
06-09 18:36:22.301 1867-1867/? I/tvos: [SerialDebug] XgimiManagerService commonNotify:7,42,temperature
06-09 18:36:22.301 3912-3912/com.xgimi.windowsystem E/hzy: temperature
06-09 18:36:22.302 1867-1867/? I/tvos:  [WOW] Fan U Left FUN:<get_fan_status> line:212 |  Fan status is [0] ##### 
06-09 18:36:22.405 1867-1867/? I/tvos:  [WOW] Fan U Left FUN:<fan_ctrl_Auto> line:124 | not change,do not set pwm ,old:[42] cur:[42] 
06-09 18:36:22.405 1867-1867/? I/tvos:  [WOW] Fan U Right FUN:<get_fan_status> line:212 |  Fan status is [0] ##### 
06-09 18:36:22.508 1867-1867/? I/tvos:  [WOW] Fan U Right FUN:<fan_ctrl_Auto> line:124 | not change,do not set pwm ,old:[42] cur:[42] 
06-09 18:36:22.610 3249-3249/fm.awa.liverpool I/Choreographer: Skipped 43 frames!  The application may be doing too much work on its main thread.
06-09 18:36:22.758 1867-1867/? I/tvos:  =====> [DMRL] Ear Phone GPIO is NULL 
06-09 18:36:22.926 2190-2263/system_process E/PowerManagerService: STRSTR updatePowerStateLocked
06-09 18:36:22.929 3383-3383/cc.popin.aladdin.home:mqtt D/AlarmPingSender: Sending Ping at:1623231382929
06-09 18:36:22.931 2190-3008/system_process E/PowerManagerService: STRSTR updatePowerStateLocked
06-09 18:36:22.932 3383-3383/cc.popin.aladdin.home:mqtt D/AlarmPingSender: Schedule next alarm at 1623231392932
06-09 18:36:22.932 3383-3383/cc.popin.aladdin.home:mqtt D/AlarmPingSender: Alarm scheule using setExactAndAllowWhileIdle, next: 10000
06-09 18:36:22.934 2190-2190/system_process E/PowerManagerService: STRSTR updatePowerStateLocked
06-09 18:36:23.023 3383-4533/cc.popin.aladdin.home:mqtt D/AlarmPingSender: Success. Release lock(MqttService.client.3a069860-571e-3666-855e-97164f4ee2d0):1623231383023
06-09 18:36:23.024 2190-3024/system_process E/PowerManagerService: STRSTR updatePowerStateLocked
06-09 18:36:23.248 2190-3011/system_process E/PowerManagerService: STRSTR updatePowerStateLocked
06-09 18:36:23.259 1867-1867/? I/tvos:  =====> [DMRL] Ear Phone GPIO is NULL 
06-09 18:36:23.385 2190-2276/system_process E/PowerManagerService: STRSTR updatePowerStateLocked
06-09 18:36:23.385 2190-2276/system_process D/xgimiDebug[938]: interceptKeyBeforeDispatching:key_Code:22, down:true, repeatCount:0
06-09 18:36:23.386 2957-3181/com.xgimi.soundermodeservice D/SounderMode: [ (SounderModeService.java:101)#GetCurrentSoundMode ] 0
06-09 18:36:23.399 1713-2279/? I/audio_hw_primary: adev_create_audio_patch::mix->device 
06-09 18:36:23.399 1713-2279/? I/audio_hw_primary: adev_create_audio_patch *handle=-1417432992 num_audio_patch=3
06-09 18:36:23.400 2190-3010/system_process E/PowerManagerService: STRSTR updatePowerStateLocked
06-09 18:36:23.410 1713-2279/? I/audio_hw_primary: open output pcm for device [AUDIO_DEVICE_OUT_SPEAKER], path[HW DMA Reader1]
06-09 18:36:23.410 1713-2279/? I/audio_hw_primary: pcm format:  ch[2], fs[48000], multi[0]
06-09 18:36:23.410 1713-2279/? E/audio_hw_primary: pcm output open ok,  device_id:0
06-09 18:36:23.452 1713-2279/? E/AudioFlinger: PlaybackThread::Track::getNextBuffer:There is not enough data from AudioTrack!!!
06-09 18:36:23.549 2957-3372/com.xgimi.soundermodeservice D/SounderMode: [ (SounderModeService.java:101)#GetCurrentSoundMode ] 0
06-09 18:36:23.551 2190-2276/system_process D/xgimiDebug[938]: interceptKeyBeforeDispatching:key_Code:0, down:true, repeatCount:0
06-09 18:36:23.551 2957-3373/com.xgimi.soundermodeservice D/SounderMode: [ (SounderModeService.java:101)#GetCurrentSoundMode ] 0
06-09 18:36:23.595 2957-2984/com.xgimi.soundermodeservice D/SounderMode: [ (SounderModeService.java:101)#GetCurrentSoundMode ] 0
06-09 18:36:23.824 2486-2523/com.xgimi.xgimiservice D/TvManager_JNI: getGpioDeviceStatus
06-09 18:36:23.824 2486-2523/com.xgimi.xgimiservice D/RTCDetect: The RTC shutdown signal status is : 1
06-09 18:36:23.917 2486-2520/com.xgimi.xgimiservice D/TvManager_JNI: getFrcVersion
06-09 18:36:23.917 1718-4642/? V/3D: Func: GetCurrent3DFormat()
06-09 18:36:23.917 1718-4642/? V/3D: Func: GetCurrent3DFormat() : return current3d=0
06-09 18:36:23.947 2190-2276/system_process E/PowerManagerService: STRSTR updatePowerStateLocked
06-09 18:36:23.948 2190-2276/system_process D/xgimiDebug[938]: interceptKeyBeforeDispatching:key_Code:23, down:true, repeatCount:0
06-09 18:36:23.949 2957-2999/com.xgimi.soundermodeservice D/SounderMode: [ (SounderModeService.java:101)#GetCurrentSoundMode ] 0
06-09 18:36:24.009 1867-1867/? I/tvos:  =====> [DMRL] Ear Phone GPIO is NULL 
06-09 18:36:24.111 2957-3181/com.xgimi.soundermodeservice D/SounderMode: [ (SounderModeService.java:101)#GetCurrentSoundMode ] 0
06-09 18:36:24.112 2190-2276/system_process D/xgimiDebug[938]: interceptKeyBeforeDispatching:key_Code:0, down:true, repeatCount:0
06-09 18:36:24.112 2957-3372/com.xgimi.soundermodeservice D/SounderMode: [ (SounderModeService.java:101)#GetCurrentSoundMode ] 0
06-09 18:36:24.117 2190-3024/system_process I/ActivityManager: START u0 {cmp=fm.awa.liverpool/fm.awa.tv.ui.playlist.detail.PlaylistDetailActivity (has extras)} from uid 10065 on display 0
06-09 18:36:24.121 1713-2279/? I/audio_hw_primary: adev_create_audio_patch::mix->device 
06-09 18:36:24.121 1713-2279/? I/audio_hw_primary: adev_create_audio_patch *handle=-1417432992 num_audio_patch=3
06-09 18:36:24.130 2190-3024/system_process E/PowerManagerService: STRSTR updatePowerStateLocked
06-09 18:36:24.147 1713-2279/? D/AudioFlinger: mixer(0xecb60008) throttle end: throttle time(150)
06-09 18:36:24.155 2190-3010/system_process I/ActivityManager: accel TR6) TaskRecord{ef39460 #195 A=fm.awa.liverpool U=0 sz=2}
06-09 18:36:24.155 2190-3010/system_process I/ActivityManager: accel TR5) TaskRecord{138fd96 #179 A=cc.popin.aladdin.home U=0 sz=1}
06-09 18:36:24.207 1713-2279/? E/AudioFlinger: PlaybackThread::Track::getNextBuffer:There is not enough data from AudioTrack!!!
06-09 18:36:24.265 2190-3006/system_process E/PowerManagerService: STRSTR updatePowerStateLocked
06-09 18:36:24.267 3249-3323/fm.awa.liverpool E/FirebaseInstanceId: Google Play services missing or without correct permission.
06-09 18:36:24.268 2190-3022/system_process E/PowerManagerService: STRSTR updatePowerStateLocked
06-09 18:36:24.270 5681-6279/com.android.providers.tv E/DatabaseUtils: Writing exception to parcel
    java.lang.IllegalArgumentException: Unknown URI content://android.media.tv/watch_next_program
        at com.android.providers.tv.TvProvider.createSqlParams(TvProvider.java:798)
        at com.android.providers.tv.TvProvider.query(TvProvider.java:520)
        at android.content.ContentProvider.query(ContentProvider.java:1017)
        at android.content.ContentProvider$Transport.query(ContentProvider.java:238)
        at android.content.ContentProviderNative.onTransact(ContentProviderNative.java:112)
        at android.os.Binder.execTransact(Binder.java:453)
06-09 18:36:24.373 3912-3912/com.xgimi.windowsystem E/hzy: temperature
06-09 18:36:24.381 1867-1867/? I/tvos: [SerialDebug] XgimiManagerService commonNotify:7,42,temperature
06-09 18:36:24.381 1867-1867/? I/tvos:  [WOW] Fan U Left FUN:<get_fan_status> line:212 |  Fan status is [0] ##### 
06-09 18:36:24.475 1867-1867/? I/tvos:  [WOW] Fan U Left FUN:<fan_ctrl_Auto> line:124 | not change,do not set pwm ,old:[42] cur:[42] 
06-09 18:36:24.475 1867-1867/? I/tvos:  [WOW] Fan U Right FUN:<get_fan_status> line:212 |  Fan status is [0] ##### 
06-09 18:36:24.525 2957-2984/com.xgimi.soundermodeservice D/SounderMode: [ (SounderModeService.java:101)#GetCurrentSoundMode ] 0
06-09 18:36:24.556 1702-1813/? E/BufferQueueProducer: [fm.awa.liverpool/fm.awa.tv.ui.playlist.detail.PlaylistDetailActivity] connect(P): already connected (cur=1 req=1)
06-09 18:36:24.556 3249-5606/fm.awa.liverpool D/mali_winsys: EGLint new_window_surface(egl_winsys_display*, void*, EGLSurface, EGLConfig, egl_winsys_surface**, egl_color_buffer_format*, EGLBoolean) returns 0x3000
06-09 18:36:24.572 2190-3029/system_process E/PowerManagerService: STRSTR updatePowerStateLocked
06-09 18:36:24.580 3249-3323/fm.awa.liverpool E/FirebaseInstanceId: Google Play services missing or without correct permission.
06-09 18:36:24.583 2190-3000/system_process E/PowerManagerService: STRSTR updatePowerStateLocked
06-09 18:36:24.583 1867-1867/? I/tvos:  [WOW] Fan U Right FUN:<fan_ctrl_Auto> line:124 | not change,do not set pwm ,old:[42] cur:[42] 
06-09 18:36:24.756 3249-3592/fm.awa.liverpool W/GoogleTagManager: Event does not have parameter "_sn" and no default value was defined. Returning "undefined".
06-09 18:36:24.808 3249-3249/fm.awa.liverpool W/ViewRootImpl: Dropping event due to no window focus: KeyEvent { action=ACTION_DOWN, keyCode=KEYCODE_UNKNOWN, scanCode=88, metaState=0, flags=0x8, repeatCount=0, eventTime=1960199, downTime=1960199, deviceId=8, source=0x301 }
06-09 18:36:24.808 3249-3249/fm.awa.liverpool W/ViewRootImpl: Cancelling event due to no window focus: KeyEvent { action=ACTION_UP, keyCode=KEYCODE_UNKNOWN, scanCode=88, metaState=0, flags=0x28, repeatCount=0, eventTime=1960200, downTime=1960199, deviceId=8, source=0x301 }
06-09 18:36:24.808 3249-3249/fm.awa.liverpool W/ViewRootImpl: Cancelling event due to no window focus: KeyEvent { action=ACTION_UP, keyCode=KEYCODE_UNKNOWN, scanCode=88, metaState=0, flags=0x28, repeatCount=0, eventTime=1960200, downTime=1960199, deviceId=8, source=0x301 }
06-09 18:36:24.808 3249-3249/fm.awa.liverpool W/ViewRootImpl: Cancelling event due to no window focus: KeyEvent { action=ACTION_UP, keyCode=KEYCODE_UNKNOWN, scanCode=88, metaState=0, flags=0x28, repeatCount=0, eventTime=1960200, downTime=1960199, deviceId=8, source=0x301 }
06-09 18:36:24.808 3249-3249/fm.awa.liverpool W/ViewRootImpl: Cancelling event due to no window focus: KeyEvent { action=ACTION_UP, keyCode=KEYCODE_UNKNOWN, scanCode=88, metaState=0, flags=0x28, repeatCount=0, eventTime=1960200, downTime=1960199, deviceId=8, source=0x301 }
06-09 18:36:24.809 3249-3249/fm.awa.liverpool W/ViewRootImpl: Cancelling event due to no window focus: KeyEvent { action=ACTION_UP, keyCode=KEYCODE_UNKNOWN, scanCode=88, metaState=0, flags=0x28, repeatCount=0, eventTime=1960200, downTime=1960199, deviceId=8, source=0x301 }
06-09 18:36:24.809 3249-3249/fm.awa.liverpool W/ViewRootImpl: Cancelling event due to no window focus: KeyEvent { action=ACTION_UP, keyCode=KEYCODE_UNKNOWN, scanCode=88, metaState=0, flags=0x28, repeatCount=0, eventTime=1960200, downTime=1960199, deviceId=8, source=0x301 }
06-09 18:36:24.809 3249-3249/fm.awa.liverpool W/ViewRootImpl: Cancelling event due to no window focus: KeyEvent { action=ACTION_UP, keyCode=KEYCODE_UNKNOWN, scanCode=88, metaState=0, flags=0x228, repeatCount=0, eventTime=1960200, downTime=1960199, deviceId=8, source=0x301 }
06-09 18:36:24.809 3249-3249/fm.awa.liverpool W/ViewRootImpl: Cancelling event due to no window focus: KeyEvent { action=ACTION_UP, keyCode=KEYCODE_UNKNOWN, scanCode=88, metaState=0, flags=0x228, repeatCount=0, eventTime=1960200, downTime=1960199, deviceId=8, source=0x301 }
06-09 18:36:24.809 3249-3249/fm.awa.liverpool W/ViewRootImpl: Cancelling event due to no window focus: KeyEvent { action=ACTION_UP, keyCode=KEYCODE_UNKNOWN, scanCode=88, metaState=0, flags=0x228, repeatCount=0, eventTime=1960200, downTime=1960199, deviceId=8, source=0x301 }
06-09 18:36:24.833 1867-1867/? I/tvos:  =====> [DMRL] Ear Phone GPIO is NULL 
06-09 18:36:24.886 3249-3249/fm.awa.liverpool E/ActivityThread: Failed to find provider info for com.xgimi.manager
06-09 18:36:24.886 3249-3249/fm.awa.liverpool D/Toast: isBlackList toast
06-09 18:36:24.991 3249-3259/fm.awa.liverpool I/art: Background partial concurrent mark sweep GC freed 155663(9MB) AllocSpace objects, 15(628KB) LOS objects, 28% free, 40MB/56MB, paused 3.720ms total 204.933ms
06-09 18:36:25.158 1867-1867/? I/tvos: [INFO] Change to Voltage: 1000 mV (0x21)
06-09 18:36:25.358 1867-1867/? I/tvos: [INFO] Change to Voltage: 1150 mV (0x30)
06-09 18:36:25.584 1867-1867/? I/tvos:  =====> [DMRL] Ear Phone GPIO is NULL 
06-09 18:36:25.719 3249-3249/fm.awa.liverpool E/ActivityThread: Failed to find provider info for com.xgimi.manager
06-09 18:36:25.719 3249-3249/fm.awa.liverpool D/Toast: isBlackList toast
06-09 18:36:25.743 3249-3249/fm.awa.liverpool I/Choreographer: Skipped 35 frames!  The application may be doing too much work on its main thread.
06-09 18:36:25.753 2190-2209/system_process I/ActivityManager: Displayed fm.awa.liverpool/fm.awa.tv.ui.playlist.detail.PlaylistDetailActivity: +1s608ms
06-09 18:36:25.782 2190-2497/system_process E/PowerManagerService: STRSTR updatePowerStateLocked
06-09 18:36:25.787 1702-1902/? E/BufferQueueProducer: [Toast] connect(P): already connected (cur=1 req=1)
06-09 18:36:25.788 3249-5606/fm.awa.liverpool D/mali_winsys: EGLint new_window_surface(egl_winsys_display*, void*, EGLSurface, EGLConfig, egl_winsys_surface**, egl_color_buffer_format*, EGLBoolean) returns 0x3000
06-09 18:36:25.855 2190-2501/system_process E/PowerManagerService: STRSTR updatePowerStateLocked
06-09 18:36:25.958 1867-1867/? I/tvos: [INFO] Change to Voltage: 1000 mV (0x21)
06-09 18:36:26.085 1867-1867/? I/tvos:  =====> [DMRL] Ear Phone GPIO is NULL 
06-09 18:36:26.158 1867-1867/? I/tvos: [INFO] Change to Voltage: 1150 mV (0x30)
06-09 18:36:26.258 1867-1867/? I/tvos: [INFO] Change to Voltage: 1000 mV (0x21)
06-09 18:36:26.437 1867-1867/? I/tvos: [SerialDebug] XgimiManagerService commonNotify:7,42,temperature
06-09 18:36:26.437 3912-3912/com.xgimi.windowsystem E/hzy: temperature
06-09 18:36:26.438 1867-1867/? I/tvos:  [WOW] Fan U Left FUN:<get_fan_status> line:212 |  Fan status is [0] ##### 
06-09 18:36:26.459 1867-1867/? I/tvos: [INFO] Change to Voltage: 1150 mV (0x30)
06-09 18:36:26.475 2763-2831/com.android.bluetooth D/bt_btif_gattc: btif_gattc_update_properties BLE device name=Hi-SZL1-12B7E000567 len=19 dev_type=2
06-09 18:36:26.477 2190-3022/system_process E/PowerManagerService: STRSTR updatePowerStateLocked
06-09 18:36:26.481 2924-2924/com.xgimi.bluetoothservice D/xgimi_bluetooth_BroadcastReceiver: AAAAAAAAAAAAAAAAAAAAAAAAAAAAAAAAAAA  action::android.bluetooth.device.action.NAME_CHANGED
06-09 18:36:26.490 2924-2924/com.xgimi.bluetoothservice I/xgimi_bluetooth_MBluetoothManager: can't find cachedDevice
06-09 18:36:26.497 3518-3532/com.android.newsettings D/setting3.0: changeName xdBluetoothDeviceItem:name::Hi-SZL1-12B7E000567  address::F6:EE:EE:50:2E:9B  pro_type::0  statue_type::0  bt_type::0
06-09 18:36:26.541 1867-1867/? I/tvos:  [WOW] Fan U Left FUN:<fan_ctrl_Auto> line:124 | not change,do not set pwm ,old:[42] cur:[42] 
06-09 18:36:26.541 1867-1867/? I/tvos:  [WOW] Fan U Right FUN:<get_fan_status> line:212 |  Fan status is [0] ##### 
06-09 18:36:26.554 1867-1867/? I/tvos: [INFO] Change to Voltage: 1100 mV (0x2B)
06-09 18:36:26.643 1867-1867/? I/tvos:  [WOW] Fan U Right FUN:<fan_ctrl_Auto> line:124 | not change,do not set pwm ,old:[42] cur:[42] 
06-09 18:36:26.657 1867-1867/? I/tvos: [INFO] Change to Voltage: 1000 mV (0x21)
06-09 18:36:26.858 1867-1867/? I/tvos: [INFO] Change to Voltage: 1150 mV (0x30)
06-09 18:36:26.893 1867-1867/? I/tvos:  =====> [DMRL] Ear Phone GPIO is NULL 
06-09 18:36:27.215 2190-2201/system_process E/PowerManagerService: STRSTR updatePowerStateLocked
06-09 18:36:27.483 2190-2956/system_process E/PowerManagerService: STRSTR updatePowerStateLocked
06-09 18:36:27.559 1867-1867/? I/tvos: [INFO] Change to Voltage: 1000 mV (0x21)
06-09 18:36:27.645 1867-1867/? I/tvos:  =====> [DMRL] Ear Phone GPIO is NULL 
06-09 18:36:27.658 1867-1867/? I/tvos: [INFO] Change to Voltage: 1150 mV (0x30)
06-09 18:36:28.025 3249-3249/fm.awa.liverpool I/Choreographer: Skipped 44 frames!  The application may be doing too much work on its main thread.
06-09 18:36:28.145 1867-1867/? I/tvos:  =====> [DMRL] Ear Phone GPIO is NULL 
06-09 18:36:28.151 2763-2831/com.android.bluetooth D/bt_btif_gattc: btif_gattc_update_properties BLE device name=XiaoduPods-1A84 len=16 dev_type=3
06-09 18:36:28.152 2190-3011/system_process E/PowerManagerService: STRSTR updatePowerStateLocked
06-09 18:36:28.157 2924-2924/com.xgimi.bluetoothservice D/xgimi_bluetooth_BroadcastReceiver: AAAAAAAAAAAAAAAAAAAAAAAAAAAAAAAAAAA  action::android.bluetooth.device.action.NAME_CHANGED
06-09 18:36:28.170 2924-2924/com.xgimi.bluetoothservice I/xgimi_bluetooth_MBluetoothManager: can't find cachedDevice
06-09 18:36:28.176 3518-4996/com.android.newsettings D/setting3.0: changeName xdBluetoothDeviceItem:name::XiaoduPods-1A84  address::CC:E0:DA:1B:1A:84  pro_type::0  statue_type::0  bt_type::0
06-09 18:36:28.210 2190-2276/system_process E/PowerManagerService: STRSTR updatePowerStateLocked
06-09 18:36:28.210 2190-2276/system_process D/xgimiDebug[938]: interceptKeyBeforeDispatching:key_Code:20, down:true, repeatCount:0
06-09 18:36:28.211 2957-3181/com.xgimi.soundermodeservice D/SounderMode: [ (SounderModeService.java:101)#GetCurrentSoundMode ] 0
06-09 18:36:28.386 2957-3372/com.xgimi.soundermodeservice D/SounderMode: [ (SounderModeService.java:101)#GetCurrentSoundMode ] 0
06-09 18:36:28.497 1867-1867/? I/tvos: [SerialDebug] XgimiManagerService commonNotify:7,42,temperature
06-09 18:36:28.497 3912-3912/com.xgimi.windowsystem E/hzy: temperature
06-09 18:36:28.498 1867-1867/? I/tvos:  [WOW] Fan U Left FUN:<get_fan_status> line:212 |  Fan status is [0] ##### 
06-09 18:36:28.602 1867-1867/? I/tvos:  [WOW] Fan U Left FUN:<fan_ctrl_Auto> line:124 | not change,do not set pwm ,old:[42] cur:[42] 
06-09 18:36:28.602 1867-1867/? I/tvos:  [WOW] Fan U Right FUN:<get_fan_status> line:212 |  Fan status is [0] ##### 
06-09 18:36:28.623 2190-2276/system_process D/xgimiDebug[938]: interceptKeyBeforeDispatching:key_Code:0, down:true, repeatCount:0
06-09 18:36:28.623 2957-2984/com.xgimi.soundermodeservice D/SounderMode: [ (SounderModeService.java:101)#GetCurrentSoundMode ] 0
06-09 18:36:28.624 1713-2279/? I/audio_hw_primary: adev_create_audio_patch::mix->device 
06-09 18:36:28.624 1713-2279/? I/audio_hw_primary: adev_create_audio_patch *handle=-1417432992 num_audio_patch=3
06-09 18:36:28.624 2190-3029/system_process E/PowerManagerService: STRSTR updatePowerStateLocked
06-09 18:36:28.627 3249-3249/fm.awa.liverpool I/Choreographer: Skipped 35 frames!  The application may be doing too much work on its main thread.
06-09 18:36:28.635 1713-2279/? I/audio_hw_primary: open output pcm for device [AUDIO_DEVICE_OUT_SPEAKER], path[HW DMA Reader1]
06-09 18:36:28.635 1713-2279/? I/audio_hw_primary: pcm format:  ch[2], fs[48000], multi[0]
06-09 18:36:28.635 1713-2279/? E/audio_hw_primary: pcm output open ok,  device_id:0
06-09 18:36:28.665 2957-2999/com.xgimi.soundermodeservice D/SounderMode: [ (SounderModeService.java:101)#GetCurrentSoundMode ] 0
06-09 18:36:28.679 1713-2279/? E/AudioFlinger: PlaybackThread::Track::getNextBuffer:There is not enough data from AudioTrack!!!
06-09 18:36:28.704 1867-1867/? I/tvos:  [WOW] Fan U Right FUN:<fan_ctrl_Auto> line:124 | not change,do not set pwm ,old:[42] cur:[42] 
06-09 18:36:28.824 2486-2523/com.xgimi.xgimiservice D/TvManager_JNI: getGpioDeviceStatus
06-09 18:36:28.825 2486-2523/com.xgimi.xgimiservice D/RTCDetect: The RTC shutdown signal status is : 1
06-09 18:36:28.918 2486-2520/com.xgimi.xgimiservice D/TvManager_JNI: getFrcVersion
06-09 18:36:28.918 1718-1718/? V/3D: Func: GetCurrent3DFormat()
06-09 18:36:28.918 1718-1718/? V/3D: Func: GetCurrent3DFormat() : return current3d=0
06-09 18:36:28.954 1867-1867/? I/tvos:  =====> [DMRL] Ear Phone GPIO is NULL 
06-09 18:36:29.158 2190-2201/system_process E/PowerManagerService: STRSTR updatePowerStateLocked
06-09 18:36:29.217 2190-2209/system_process E/PowerManagerService: STRSTR updatePowerStateLocked
06-09 18:36:29.285 2190-2276/system_process E/PowerManagerService: STRSTR updatePowerStateLocked
06-09 18:36:29.285 2190-2276/system_process D/xgimiDebug[938]: interceptKeyBeforeDispatching:key_Code:23, down:true, repeatCount:0
06-09 18:36:29.286 2957-3181/com.xgimi.soundermodeservice D/SounderMode: [ (SounderModeService.java:101)#GetCurrentSoundMode ] 0
06-09 18:36:29.410 2957-3372/com.xgimi.soundermodeservice D/SounderMode: [ (SounderModeService.java:101)#GetCurrentSoundMode ] 0
06-09 18:36:29.414 2190-2276/system_process D/xgimiDebug[938]: interceptKeyBeforeDispatching:key_Code:0, down:true, repeatCount:0
06-09 18:36:29.414 2957-3373/com.xgimi.soundermodeservice D/SounderMode: [ (SounderModeService.java:101)#GetCurrentSoundMode ] 0
06-09 18:36:29.423 1713-2279/? I/audio_hw_primary: adev_create_audio_patch::mix->device 
06-09 18:36:29.423 1713-2279/? I/audio_hw_primary: adev_create_audio_patch *handle=-1417432992 num_audio_patch=3
06-09 18:36:29.427 2957-2984/com.xgimi.soundermodeservice D/SounderMode: [ (SounderModeService.java:101)#GetCurrentSoundMode ] 0
06-09 18:36:29.453 1713-2279/? D/AudioFlinger: mixer(0xecb60008) throttle end: throttle time(50)
06-09 18:36:29.517 1713-2279/? E/AudioFlinger: PlaybackThread::Track::getNextBuffer:There is not enough data from AudioTrack!!!
06-09 18:36:29.705 1867-1867/? I/tvos:  =====> [DMRL] Ear Phone GPIO is NULL 
06-09 18:36:29.861 3249-3249/fm.awa.liverpool W/GooglePlayServicesUtil: fm.awa.liverpool requires the Google Play Store, but it is missing.
06-09 18:36:29.887 3249-3249/fm.awa.liverpool W/GooglePlayServicesUtil: fm.awa.liverpool requires the Google Play Store, but it is missing.
06-09 18:36:30.206 1867-1867/? I/tvos:  =====> [DMRL] Ear Phone GPIO is NULL 
06-09 18:36:30.559 3912-3912/com.xgimi.windowsystem E/hzy: temperature
06-09 18:36:30.560 1867-1867/? I/tvos: [INFO] Change to Voltage: 1000 mV (0x21)
06-09 18:36:30.560 1867-1867/? I/tvos: [SerialDebug] XgimiManagerService commonNotify:7,42,temperature
06-09 18:36:30.563 1867-1867/? I/tvos:  [WOW] Fan U Left FUN:<get_fan_status> line:212 |  Fan status is [0] ##### 
06-09 18:36:30.660 1867-1867/? I/tvos: [INFO] Change to Voltage: 1150 mV (0x30)
06-09 18:36:30.664 2190-2323/system_process D/WifiStateMachine: L2Connected CMD_START_SCAN source -2 101, 102 ignore when user is not setting wifi UI, because wifi sta is connected
06-09 18:36:30.666 1867-1867/? I/tvos:  [WOW] Fan U Left FUN:<fan_ctrl_Auto> line:124 | not change,do not set pwm ,old:[42] cur:[42] 
06-09 18:36:30.666 1867-1867/? I/tvos:  [WOW] Fan U Right FUN:<get_fan_status> line:212 |  Fan status is [0] ##### 
06-09 18:36:30.769 1867-1867/? I/tvos:  [WOW] Fan U Right FUN:<fan_ctrl_Auto> line:124 | not change,do not set pwm ,old:[42] cur:[42] 
06-09 18:36:30.849 3249-3259/fm.awa.liverpool I/art: Background sticky concurrent mark sweep GC freed 269570(9MB) AllocSpace objects, 0(0B) LOS objects, 16% free, 46MB/56MB, paused 3.110ms total 141.293ms
06-09 18:36:30.956 1867-1867/? I/tvos: [INFO] Change to Voltage: 1050 mV (0x26)
06-09 18:36:31.019 1867-1867/? I/tvos:  =====> [DMRL] Ear Phone GPIO is NULL 
06-09 18:36:31.054 1867-1867/? I/tvos: [INFO] Change to Voltage: 1000 mV (0x21)
06-09 18:36:31.258 1867-1867/? I/tvos: [INFO] Change to Voltage: 1150 mV (0x30)
06-09 18:36:31.599 3249-3249/fm.awa.liverpool I/Choreographer: Skipped 58 frames!  The application may be doing too much work on its main thread.
06-09 18:36:31.659 3249-7579/fm.awa.liverpool W/Glide: Load failed for null with size [0x0]
    class com.bumptech.glide.load.engine.GlideException: Received null model
06-09 18:36:31.754 1867-1867/? I/tvos: [INFO] Change to Voltage: 1100 mV (0x2B)
06-09 18:36:31.770 1867-1867/? I/tvos:  =====> [DMRL] Ear Phone GPIO is NULL 
06-09 18:36:31.954 1867-1867/? I/tvos: [INFO] Change to Voltage: 1150 mV (0x30)
06-09 18:36:32.153 3249-3249/fm.awa.liverpool I/Choreographer: Skipped 32 frames!  The application may be doing too much work on its main thread.
06-09 18:36:32.520 1867-1867/? I/tvos:  =====> [DMRL] Ear Phone GPIO is NULL 
06-09 18:36:32.526 2190-3011/system_process E/PowerManagerService: STRSTR updatePowerStateLocked
06-09 18:36:32.622 1867-1867/? I/tvos: [SerialDebug] XgimiManagerService commonNotify:7,42,temperature
06-09 18:36:32.623 3912-3912/com.xgimi.windowsystem E/hzy: temperature
06-09 18:36:32.623 1867-1867/? I/tvos:  [WOW] Fan U Left FUN:<get_fan_status> line:212 |  Fan status is [0] ##### 
06-09 18:36:32.725 1867-1867/? I/tvos:  [WOW] Fan U Left FUN:<fan_ctrl_Auto> line:124 | not change,do not set pwm ,old:[42] cur:[42] 
06-09 18:36:32.725 1867-1867/? I/tvos:  [WOW] Fan U Right FUN:<get_fan_status> line:212 |  Fan status is [0] ##### 
06-09 18:36:32.827 1867-1867/? I/tvos:  [WOW] Fan U Right FUN:<fan_ctrl_Auto> line:124 | not change,do not set pwm ,old:[42] cur:[42] 
06-09 18:36:32.876 3249-3249/fm.awa.liverpool I/Choreographer: Skipped 42 frames!  The application may be doing too much work on its main thread.
06-09 18:36:32.884 2763-2831/com.android.bluetooth D/bt_btif_gattc: btif_gattc_update_properties BLE device name=Hi-SZL1-12B7E000567 len=19 dev_type=2
06-09 18:36:32.885 2190-2975/system_process E/PowerManagerService: STRSTR updatePowerStateLocked
06-09 18:36:32.889 2924-2924/com.xgimi.bluetoothservice D/xgimi_bluetooth_BroadcastReceiver: AAAAAAAAAAAAAAAAAAAAAAAAAAAAAAAAAAA  action::android.bluetooth.device.action.NAME_CHANGED
06-09 18:36:32.902 2924-2924/com.xgimi.bluetoothservice I/xgimi_bluetooth_MBluetoothManager: can't find cachedDevice
06-09 18:36:32.908 3518-3533/com.android.newsettings D/setting3.0: changeName xdBluetoothDeviceItem:name::Hi-SZL1-12B7E000567  address::F6:EE:EE:50:2E:9B  pro_type::0  statue_type::0  bt_type::0
06-09 18:36:32.933 2190-2263/system_process E/PowerManagerService: STRSTR updatePowerStateLocked
06-09 18:36:32.935 3383-3383/cc.popin.aladdin.home:mqtt D/AlarmPingSender: Sending Ping at:1623231392935
06-09 18:36:32.936 2190-2201/system_process E/PowerManagerService: STRSTR updatePowerStateLocked
06-09 18:36:32.936 3383-3383/cc.popin.aladdin.home:mqtt D/AlarmPingSender: Schedule next alarm at 1623231402936
06-09 18:36:32.936 3383-3383/cc.popin.aladdin.home:mqtt D/AlarmPingSender: Alarm scheule using setExactAndAllowWhileIdle, next: 10000
06-09 18:36:32.938 2190-2190/system_process E/PowerManagerService: STRSTR updatePowerStateLocked
06-09 18:36:32.941 2190-2202/system_process I/MediaFocusControl:  AudioFocus  requestAudioFocus() from android.media.AudioManager@e56554ei.a.j.i.a@114466f req=1flags=0x0
06-09 18:36:32.942 6558-6558/cc.popin.aladdin.radiko D/AudioManager: AudioManager dispatching onAudioFocusChange(-1) for android.media.AudioManager@37fcfaecom.google.android.exoplayer2.AudioFocusManager$AudioFocusListener@d46a14f
06-09 18:36:32.943 2190-3029/system_process I/MediaFocusControl:  AudioFocus  abandonAudioFocus() from android.media.AudioManager@37fcfaecom.google.android.exoplayer2.AudioFocusManager$AudioFocusListener@d46a14f
06-09 18:36:32.943 2190-3029/system_process I/MediaFocusControl: AudioFocus  removeFocusStackEntry(): removing entry for android.media.AudioManager@37fcfaecom.google.android.exoplayer2.AudioFocusManager$AudioFocusListener@d46a14f
06-09 18:36:32.946 2190-3024/system_process D/WifiService: acquireWifiLockLocked: WifiLock{AWA:player_lock type=3 binder=android.os.BinderProxy@135fb95}
06-09 18:36:32.947 2190-3006/system_process E/PowerManagerService: STRSTR updatePowerStateLocked
06-09 18:36:32.957 2950-3103/com.xgimi.filemanager E/DeviceLoadService: CHECKMOUNTSTATUS>>>>>>>>>>>>>>>>>>>>>>>>>>>>>>false
06-09 18:36:32.961 2950-3103/com.xgimi.filemanager E/FindLocalDevice: path>>>>>>>>>>>:/storage/emulated/0state:mounted
06-09 18:36:32.961 2950-3103/com.xgimi.filemanager E/DeviceLoadService: mountPath/storage/emulated/0
06-09 18:36:32.961 2950-3103/com.xgimi.filemanager I/JClass: --------------12205936
06-09 18:36:32.961 2950-3103/com.xgimi.filemanager I/mOpenCounter: openDatabase mOpenCounter=209
06-09 18:36:32.963 2950-3103/com.xgimi.filemanager E/DeviceLoadService: checkMountPathExisttrue
06-09 18:36:32.964 2950-3103/com.xgimi.filemanager I/JClass: --------------12205936
06-09 18:36:32.964 2950-3103/com.xgimi.filemanager I/mOpenCounter: openDatabase mOpenCounter=210
06-09 18:36:32.964 2950-3103/com.xgimi.filemanager E/DeviceLoadService: usb/storage/emulated/0
06-09 18:36:32.965 2950-3103/com.xgimi.filemanager E/DeviceLoadService: notifyCheckChanged>>>>>>>>>>>>>>>>>>>>>>
06-09 18:36:33.029 3383-4533/cc.popin.aladdin.home:mqtt D/AlarmPingSender: Success. Release lock(MqttService.client.3a069860-571e-3666-855e-97164f4ee2d0):1623231393029
06-09 18:36:33.030 2190-2956/system_process E/PowerManagerService: STRSTR updatePowerStateLocked
06-09 18:36:33.078 1867-1867/? I/tvos:  =====> [DMRL] Ear Phone GPIO is NULL 
06-09 18:36:33.084 3249-3259/fm.awa.liverpool I/art: Background partial concurrent mark sweep GC freed 349183(16MB) AllocSpace objects, 5(356KB) LOS objects, 28% free, 40MB/56MB, paused 6.571ms total 244.861ms
06-09 18:36:33.301 3249-7567/fm.awa.liverpool I/ExoPlayerImpl: Init c80ab93 [ExoPlayerLib/2.10.8] [synsepalum_U, popIn Aladdin, MStar Semiconductor, Inc., 23]
06-09 18:36:33.458 1867-1867/? I/tvos: [INFO] Change to Voltage: 1000 mV (0x21)
06-09 18:36:33.578 1867-1867/? I/tvos:  =====> [DMRL] Ear Phone GPIO is NULL 
06-09 18:36:33.658 1867-1867/? I/tvos: [INFO] Change to Voltage: 1150 mV (0x30)
06-09 18:36:33.790 2190-3006/system_process I/ActivityManager: START u0 {cmp=fm.awa.liverpool/fm.awa.tv.ui.player.detail.PlayerDetailActivity (has extras)} from uid 10065 on display 0
06-09 18:36:33.797 2190-3006/system_process E/PowerManagerService: STRSTR updatePowerStateLocked
06-09 18:36:33.825 2190-3008/system_process I/ActivityManager: accel TR6) TaskRecord{ef39460 #195 A=fm.awa.liverpool U=0 sz=3}
06-09 18:36:33.825 2190-3008/system_process I/ActivityManager: accel TR5) TaskRecord{138fd96 #179 A=cc.popin.aladdin.home U=0 sz=1}
06-09 18:36:33.825 2486-2523/com.xgimi.xgimiservice D/TvManager_JNI: getGpioDeviceStatus
06-09 18:36:33.834 2486-2523/com.xgimi.xgimiservice D/RTCDetect: The RTC shutdown signal status is : 1
06-09 18:36:33.891 2190-3029/system_process E/PowerManagerService: STRSTR updatePowerStateLocked
06-09 18:36:33.919 2486-2520/com.xgimi.xgimiservice D/TvManager_JNI: getFrcVersion
06-09 18:36:33.919 1718-4642/? V/3D: Func: GetCurrent3DFormat()
06-09 18:36:33.919 1718-4642/? V/3D: Func: GetCurrent3DFormat() : return current3d=0
06-09 18:36:33.963 2190-3000/system_process E/PowerManagerService: STRSTR updatePowerStateLocked
06-09 18:36:33.964 3249-3323/fm.awa.liverpool E/FirebaseInstanceId: Google Play services missing or without correct permission.
06-09 18:36:33.965 2190-3022/system_process E/PowerManagerService: STRSTR updatePowerStateLocked
06-09 18:36:34.021 3249-3259/fm.awa.liverpool I/art: Background partial concurrent mark sweep GC freed 76356(4MB) AllocSpace objects, 9(808KB) LOS objects, 27% free, 42MB/58MB, paused 5.354ms total 215.353ms
06-09 18:36:34.119 2190-3010/system_process E/PowerManagerService: STRSTR updatePowerStateLocked
06-09 18:36:34.121 3249-3323/fm.awa.liverpool E/FirebaseInstanceId: Google Play services missing or without correct permission.
06-09 18:36:34.121 2190-2497/system_process E/PowerManagerService: STRSTR updatePowerStateLocked
06-09 18:36:34.165 3249-3592/fm.awa.liverpool W/GoogleTagManager: Event does not have parameter "_sn" and no default value was defined. Returning "undefined".
06-09 18:36:34.332 1867-1867/? I/tvos:  =====> [DMRL] Ear Phone GPIO is NULL 
06-09 18:36:34.387 1702-2265/? E/BufferQueueProducer: [fm.awa.liverpool/fm.awa.tv.ui.player.detail.PlayerDetailActivity] connect(P): already connected (cur=1 req=1)
06-09 18:36:34.388 3249-5606/fm.awa.liverpool D/mali_winsys: EGLint new_window_surface(egl_winsys_display*, void*, EGLSurface, EGLConfig, egl_winsys_surface**, egl_color_buffer_format*, EGLBoolean) returns 0x3000
06-09 18:36:34.572 3249-3249/fm.awa.liverpool I/Choreographer: Skipped 36 frames!  The application may be doing too much work on its main thread.
06-09 18:36:34.656 1867-1867/? I/tvos: [INFO] Change to Voltage: 1050 mV (0x26)
06-09 18:36:34.686 3912-3912/com.xgimi.windowsystem E/hzy: temperature
06-09 18:36:34.690 1867-1867/? I/tvos: [SerialDebug] XgimiManagerService commonNotify:7,42,temperature
06-09 18:36:34.690 1867-1867/? I/tvos:  [WOW] Fan U Left FUN:<get_fan_status> line:212 |  Fan status is [0] ##### 
06-09 18:36:34.716 2190-2209/system_process I/ActivityManager: Displayed fm.awa.liverpool/fm.awa.tv.ui.player.detail.PlayerDetailActivity: +897ms
06-09 18:36:34.755 1867-1867/? I/tvos: [INFO] Change to Voltage: 1150 mV (0x30)
06-09 18:36:34.792 1867-1867/? I/tvos:  [WOW] Fan U Left FUN:<fan_ctrl_Auto> line:124 | not change,do not set pwm ,old:[42] cur:[42] 
