06-09 18:36:34.792 1867-1867/? I/tvos:  [WOW] Fan U Right FUN:<get_fan_status> line:212 |  Fan status is [0] ##### 
06-09 18:36:34.858 1867-1867/? I/tvos: [INFO] Change to Voltage: 1000 mV (0x21)
06-09 18:36:34.895 1867-1867/? I/tvos:  [WOW] Fan U Right FUN:<fan_ctrl_Auto> line:124 | not change,do not set pwm ,old:[42] cur:[42] 
06-09 18:36:34.959 1867-1867/? I/tvos: [INFO] Change to Voltage: 1150 mV (0x30)
06-09 18:36:35.146 1867-1867/? I/tvos:  =====> [DMRL] Ear Phone GPIO is NULL 
06-09 18:36:35.233 3249-3249/fm.awa.liverpool I/Choreographer: Skipped 31 frames!  The application may be doing too much work on its main thread.
06-09 18:36:35.456 1867-1867/? I/tvos: [INFO] Change to Voltage: 1050 mV (0x26)
06-09 18:36:35.489 3249-7586/fm.awa.liverpool I/VideoCapabilities: Unsupported profile 4 for video/mp4v-es
06-09 18:36:35.489 3249-7586/fm.awa.liverpool I/VideoCapabilities: Unsupported profile 4 for video/mp4v-es
06-09 18:36:35.489 3249-7586/fm.awa.liverpool I/VideoCapabilities: Unsupported profile 4 for video/mp4v-es
06-09 18:36:35.489 3249-7586/fm.awa.liverpool I/VideoCapabilities: Unsupported profile 4 for video/mp4v-es
06-09 18:36:35.489 3249-7586/fm.awa.liverpool I/VideoCapabilities: Unsupported profile 4 for video/mp4v-es
06-09 18:36:35.489 3249-7586/fm.awa.liverpool I/VideoCapabilities: Unsupported profile 4 for video/mp4v-es
06-09 18:36:35.489 3249-7586/fm.awa.liverpool I/VideoCapabilities: Unsupported profile 4 for video/mp4v-es
06-09 18:36:35.489 3249-7586/fm.awa.liverpool I/VideoCapabilities: Unsupported profile 4 for video/mp4v-es
06-09 18:36:35.489 3249-7586/fm.awa.liverpool I/VideoCapabilities: Unsupported profile 8 for video/mp4v-es
06-09 18:36:35.489 3249-7586/fm.awa.liverpool I/VideoCapabilities: Unsupported profile 8 for video/mp4v-es
06-09 18:36:35.489 3249-7586/fm.awa.liverpool I/VideoCapabilities: Unsupported profile 8 for video/mp4v-es
06-09 18:36:35.489 3249-7586/fm.awa.liverpool I/VideoCapabilities: Unsupported profile 8 for video/mp4v-es
06-09 18:36:35.489 3249-7586/fm.awa.liverpool I/VideoCapabilities: Unsupported profile 8 for video/mp4v-es
06-09 18:36:35.489 3249-7586/fm.awa.liverpool I/VideoCapabilities: Unsupported profile 8 for video/mp4v-es
06-09 18:36:35.489 3249-7586/fm.awa.liverpool I/VideoCapabilities: Unsupported profile 8 for video/mp4v-es
06-09 18:36:35.489 3249-7586/fm.awa.liverpool I/VideoCapabilities: Unsupported profile 8 for video/mp4v-es
06-09 18:36:35.489 3249-7586/fm.awa.liverpool I/VideoCapabilities: Unsupported profile 1024 for video/mp4v-es
06-09 18:36:35.489 3249-7586/fm.awa.liverpool I/VideoCapabilities: Unsupported profile 1024 for video/mp4v-es
06-09 18:36:35.489 3249-7586/fm.awa.liverpool I/VideoCapabilities: Unsupported profile 1024 for video/mp4v-es
06-09 18:36:35.489 3249-7586/fm.awa.liverpool I/VideoCapabilities: Unsupported profile 1024 for video/mp4v-es
06-09 18:36:35.489 3249-7586/fm.awa.liverpool I/VideoCapabilities: Unsupported profile 1024 for video/mp4v-es
06-09 18:36:35.489 3249-7586/fm.awa.liverpool I/VideoCapabilities: Unsupported profile 1024 for video/mp4v-es
06-09 18:36:35.489 3249-7586/fm.awa.liverpool I/VideoCapabilities: Unsupported profile 1024 for video/mp4v-es
06-09 18:36:35.489 3249-7586/fm.awa.liverpool I/VideoCapabilities: Unsupported profile 1024 for video/mp4v-es
06-09 18:36:35.489 3249-7586/fm.awa.liverpool W/VideoCapabilities: Unrecognized profile/level 32768/2 for video/mp4v-es
06-09 18:36:35.507 3249-7586/fm.awa.liverpool W/VideoCapabilities: Unsupported mime video/hevcdv
06-09 18:36:35.509 3249-7586/fm.awa.liverpool W/VideoCapabilities: Unsupported mime video/mvc
06-09 18:36:35.511 3249-7586/fm.awa.liverpool W/VideoCapabilities: Unrecognized profile/level 0/0 for video/mpeg2
06-09 18:36:35.511 3249-7586/fm.awa.liverpool W/VideoCapabilities: Unrecognized profile/level 0/2 for video/mpeg2
06-09 18:36:35.511 3249-7586/fm.awa.liverpool W/VideoCapabilities: Unrecognized profile/level 0/3 for video/mpeg2
06-09 18:36:35.523 3249-7586/fm.awa.liverpool W/VideoCapabilities: Unsupported mime video/divx3
06-09 18:36:35.525 3249-7586/fm.awa.liverpool W/VideoCapabilities: Unsupported mime video/divx4
06-09 18:36:35.532 3249-7586/fm.awa.liverpool W/VideoCapabilities: Unsupported mime video/flv
06-09 18:36:35.537 3249-7586/fm.awa.liverpool W/VideoCapabilities: Unsupported mime video/VC1
06-09 18:36:35.539 3249-7586/fm.awa.liverpool W/VideoCapabilities: Unsupported mime video/wvc1
06-09 18:36:35.541 3249-7586/fm.awa.liverpool W/VideoCapabilities: Unsupported mime video/wmv3
06-09 18:36:35.543 3249-7586/fm.awa.liverpool W/VideoCapabilities: Unsupported mime video/mjpeg
06-09 18:36:35.546 3249-7586/fm.awa.liverpool W/VideoCapabilities: Unsupported mime video/avs
06-09 18:36:35.548 2190-2499/system_process E/PowerManagerService: STRSTR updatePowerStateLocked
06-09 18:36:35.558 1867-1867/? I/tvos: [INFO] Change to Voltage: 1150 mV (0x30)
06-09 18:36:35.561 3249-7586/fm.awa.liverpool W/VideoCapabilities: Unsupported mime video/realvideo
06-09 18:36:35.565 3249-7586/fm.awa.liverpool W/AudioCapabilities: Unsupported mime audio/mpeg-L1
06-09 18:36:35.566 3249-7586/fm.awa.liverpool W/AudioCapabilities: Unsupported mime audio/mpeg-L2
06-09 18:36:35.570 3249-7586/fm.awa.liverpool W/AudioCapabilities: Unsupported mime audio/mpeg-L1
06-09 18:36:35.570 3249-7586/fm.awa.liverpool W/AudioCapabilities: Unsupported mime audio/mpeg-L2
06-09 18:36:35.574 3249-7586/fm.awa.liverpool W/AudioCapabilities: Unsupported mime audio/adpcm
06-09 18:36:35.575 3249-7586/fm.awa.liverpool W/AudioCapabilities: Unsupported mime audio/lpcm
06-09 18:36:35.576 3249-7586/fm.awa.liverpool W/AudioCapabilities: Unsupported mime audio/cook
06-09 18:36:35.577 3249-7586/fm.awa.liverpool W/AudioCapabilities: Unsupported mime audio/x-ms-wma
06-09 18:36:35.582 3249-7586/fm.awa.liverpool W/AudioCapabilities: Unsupported mime audio/ac3
06-09 18:36:35.582 3249-7586/fm.awa.liverpool W/AudioCapabilities: Unsupported mime audio/ac3p
06-09 18:36:35.585 3249-7586/fm.awa.liverpool W/AudioCapabilities: Unsupported mime audio/dts
06-09 18:36:35.586 3249-7586/fm.awa.liverpool W/AudioCapabilities: Unsupported mime audio/dts-hd
06-09 18:36:35.586 3249-7586/fm.awa.liverpool W/AudioCapabilities: Unsupported mime audio/dts-lbr
06-09 18:36:35.587 3249-7586/fm.awa.liverpool W/AudioCapabilities: Unsupported mime audio/vnd.dts
06-09 18:36:35.588 3249-7586/fm.awa.liverpool W/AudioCapabilities: Unsupported mime audio/vnd.dts.hd
06-09 18:36:35.591 3249-7586/fm.awa.liverpool W/AudioCapabilities: Unsupported mime audio/vnd.dts.lbr
06-09 18:36:35.594 3249-7586/fm.awa.liverpool W/AudioCapabilities: Unsupported mime audio/dra
06-09 18:36:35.615 3249-7586/fm.awa.liverpool I/VideoCapabilities: Unsupported profile 4 for video/mp4v-es
06-09 18:36:35.631 3249-7595/fm.awa.liverpool I/OMXClient: Using client-side OMX mux.
06-09 18:36:35.637 1713-2724/? E/OMXNodeInstance: setConfig(53:google.aac.decoder, ConfigPriority(0x6f800002)) ERROR: Undefined(0x80001001)
06-09 18:36:35.637 3249-7595/fm.awa.liverpool I/ACodec: codec does not support config priority (err -2147483648)
06-09 18:36:35.647 1867-1867/? I/tvos:  =====> [DMRL] Ear Phone GPIO is NULL 
06-09 18:36:35.647 1713-7596/? I/SoftAAC2: Reconfiguring decoder: 0->44100 Hz, 0->2 channels
06-09 18:36:35.657 3249-7586/fm.awa.liverpool D/EqualizerProcessor: sampleRate=44100, encoding=2
06-09 18:36:35.657 3249-7586/fm.awa.liverpool D/libhdplayer: [::AudioTrackExContext] SdkVersion=23
06-09 18:36:35.657 3249-7586/fm.awa.liverpool D/libhdplayer: [::AudioTrackExContext] find java methods from this class
06-09 18:36:35.658 3249-7586/fm.awa.liverpool D/libhdplayer: [::Java_com_onkyo_android_exoplayer_EqualizerProcessor_setEqualizerManager] called, nativeHandler=368132053296, nativeEqualizerManagerHandler=368122138112
06-09 18:36:35.662 2190-2451/system_process E/PowerManagerService: STRSTR updatePowerStateLocked
06-09 18:36:35.672 2190-2451/system_process E/PowerManagerService: STRSTR updatePowerStateLocked
06-09 18:36:35.673 2190-2451/system_process E/PowerManagerService: STRSTR updatePowerStateLocked
06-09 18:36:35.682 1713-2279/? I/audio_hw_primary: adev_create_audio_patch::mix->device 
06-09 18:36:35.682 1713-2279/? I/audio_hw_primary: adev_create_audio_patch *handle=-1417432992 num_audio_patch=3
06-09 18:36:35.692 1713-2279/? I/audio_hw_primary: open output pcm for device [AUDIO_DEVICE_OUT_SPEAKER], path[HW DMA Reader1]
06-09 18:36:35.692 1713-2279/? I/audio_hw_primary: pcm format:  ch[2], fs[48000], multi[0]
06-09 18:36:35.692 1713-2279/? E/audio_hw_primary: pcm output open ok,  device_id:0
06-09 18:36:35.757 1867-1867/? I/tvos: [INFO] Change to Voltage: 1050 mV (0x26)
06-09 18:36:35.828 1713-2279/? D/AudioFlinger: mixer(0xecb60008) throttle end: throttle time(76)
06-09 18:36:35.855 1867-1867/? I/tvos: [INFO] Change to Voltage: 1000 mV (0x21)
06-09 18:36:35.924 2190-2320/system_process E/PowerManagerService: STRSTR updatePowerStateLocked
06-09 18:36:35.925 2190-2320/system_process D/NtpTrustedTime: currentTimeMillis() cache hit
06-09 18:36:35.942 2763-2831/com.android.bluetooth D/bt_btif_gattc: btif_gattc_update_properties BLE device name=Hi-SZL1-12B7E000567 len=19 dev_type=2
06-09 18:36:35.946 2190-2501/system_process E/PowerManagerService: STRSTR updatePowerStateLocked
06-09 18:36:35.949 2190-2320/system_process D/NtpTrustedTime: currentTimeMillis() cache hit
06-09 18:36:35.957 1867-1867/? I/tvos: [INFO] Change to Voltage: 1050 mV (0x26)
06-09 18:36:35.959 2190-2321/system_process D/NtpTrustedTime: currentTimeMillis() cache hit
06-09 18:36:35.959 2190-2320/system_process E/PowerManagerService: STRSTR updatePowerStateLocked
06-09 18:36:35.959 2190-2321/system_process D/NtpTrustedTime: currentTimeMillis() cache hit
06-09 18:36:35.963 2924-2924/com.xgimi.bluetoothservice D/xgimi_bluetooth_BroadcastReceiver: AAAAAAAAAAAAAAAAAAAAAAAAAAAAAAAAAAA  action::android.bluetooth.device.action.NAME_CHANGED
06-09 18:36:35.969 2924-2924/com.xgimi.bluetoothservice I/xgimi_bluetooth_MBluetoothManager: can't find cachedDevice
06-09 18:36:35.983 3518-5022/com.android.newsettings D/setting3.0: changeName xdBluetoothDeviceItem:name::Hi-SZL1-12B7E000567  address::F6:EE:EE:50:2E:9B  pro_type::0  statue_type::0  bt_type::0
06-09 18:36:36.056 1867-1867/? I/tvos: [INFO] Change to Voltage: 1150 mV (0x30)
06-09 18:36:36.159 1867-1867/? I/tvos: [INFO] Change to Voltage: 1000 mV (0x21)
06-09 18:36:36.397 1867-1867/? I/tvos:  =====> [DMRL] Ear Phone GPIO is NULL 
06-09 18:36:36.751 3912-3912/com.xgimi.windowsystem E/hzy: temperature
06-09 18:36:36.755 1867-1867/? I/tvos: [SerialDebug] XgimiManagerService commonNotify:7,42,temperature
06-09 18:36:36.755 1867-1867/? I/tvos:  [WOW] Fan U Left FUN:<get_fan_status> line:212 |  Fan status is [0] ##### 
06-09 18:36:36.755 1867-1867/? I/tvos: [INFO] Change to Voltage: 1050 mV (0x26)
06-09 18:36:36.856 1867-1867/? I/tvos: [INFO] Change to Voltage: 1000 mV (0x21)
06-09 18:36:36.857 1867-1867/? I/tvos:  [WOW] Fan U Left FUN:<fan_ctrl_Auto> line:124 | not change,do not set pwm ,old:[42] cur:[42] 
06-09 18:36:36.857 1867-1867/? I/tvos:  [WOW] Fan U Right FUN:<get_fan_status> line:212 |  Fan status is [0] ##### 
06-09 18:36:36.961 1867-1867/? I/tvos:  [WOW] Fan U Right FUN:<fan_ctrl_Auto> line:124 | not change,do not set pwm ,old:[42] cur:[42] 
06-09 18:36:36.970 2190-2501/system_process E/PowerManagerService: STRSTR updatePowerStateLocked
06-09 18:36:37.055 1867-1867/? I/tvos: [INFO] Change to Voltage: 1050 mV (0x26)
06-09 18:36:37.155 1867-1867/? I/tvos: [INFO] Change to Voltage: 1000 mV (0x21)
06-09 18:36:37.163 2190-2277/system_process W/TelecomManager: Telecom Service not found.
06-09 18:36:37.163 2190-2277/system_process W/TelecomManager: Telecom Service not found.
06-09 18:36:37.163 2190-2276/system_process E/PowerManagerService: STRSTR updatePowerStateLocked
06-09 18:36:37.164 2190-2276/system_process D/xgimiDebug[938]: interceptKeyBeforeDispatching:key_Code:24, down:true, repeatCount:0
06-09 18:36:37.166 1867-1867/? I/tvos: xgimiMcu(callingPid 2190, clientPid 2190)
06-09 18:36:37.169 1867-1867/? I/tvos: [INFO] Change to Voltage: 1150 mV (0x30)
06-09 18:36:37.183 2446-2696/com.android.systemui I/vol.Events: writeEvent level_changed STREAM_BLUETOOTH_SCO 2
06-09 18:36:37.199 3249-3259/fm.awa.liverpool I/art: Background sticky concurrent mark sweep GC freed 127673(9MB) AllocSpace objects, 12(712KB) LOS objects, 17% free, 48MB/58MB, paused 4.971ms total 131.927ms
06-09 18:36:37.200 2446-2696/com.android.systemui I/vol.Events: writeEvent level_changed STREAM_MUSIC 10
06-09 18:36:37.201 2446-2696/com.android.systemui I/vol.Events: writeEvent active_stream_changed STREAM_MUSIC
06-09 18:36:37.208 2446-2446/com.android.systemui E/vol.VolumeDialog: stream:3
06-09 18:36:37.209 2190-2501/system_process E/PowerManagerService: STRSTR updatePowerStateLocked
06-09 18:36:37.211 1867-1867/? I/tvos:  =====> [DMRL] Ear Phone GPIO is NULL 
06-09 18:36:37.219 2446-2446/com.android.systemui I/vol.Events: writeEvent show_dialog volume_changed keyguard=false
06-09 18:36:37.249 1702-1902/? E/BufferQueueProducer: [VolumeDialog] connect(P): already connected (cur=1 req=1)
06-09 18:36:37.249 2446-3156/com.android.systemui D/mali_winsys: EGLint new_window_surface(egl_winsys_display*, void*, EGLSurface, EGLConfig, egl_winsys_surface**, egl_color_buffer_format*, EGLBoolean) returns 0x3000
06-09 18:36:37.270 2190-2209/system_process W/ResourceType: Invalid package identifier when getting bag for resource number 0xffffffff
06-09 18:36:37.323 2190-2276/system_process D/xgimiDebug[938]: interceptKeyBeforeDispatching:key_Code:0, down:true, repeatCount:0
06-09 18:36:37.323 2957-2984/com.xgimi.soundermodeservice D/SounderMode: [ (SounderModeService.java:101)#GetCurrentSoundMode ] 0
06-09 18:36:37.324 2957-2999/com.xgimi.soundermodeservice D/SounderMode: [ (SounderModeService.java:101)#GetCurrentSoundMode ] 0
06-09 18:36:37.672 2190-2277/system_process W/TelecomManager: Telecom Service not found.
06-09 18:36:37.673 2190-2277/system_process W/TelecomManager: Telecom Service not found.
06-09 18:36:37.673 2190-2276/system_process E/PowerManagerService: STRSTR updatePowerStateLocked
06-09 18:36:37.673 2190-2276/system_process D/xgimiDebug[938]: interceptKeyBeforeDispatching:key_Code:24, down:true, repeatCount:0
06-09 18:36:37.674 1867-1867/? I/tvos: xgimiMcu(callingPid 2190, clientPid 2190)
06-09 18:36:37.694 2446-2696/com.android.systemui I/vol.Events: writeEvent level_changed STREAM_MUSIC 12
06-09 18:36:37.697 2190-3008/system_process E/PowerManagerService: STRSTR updatePowerStateLocked
06-09 18:36:37.710 2457-2457/com.mstar.tv.service I/TvService: -->update volume db = 12
06-09 18:36:37.712 1867-1867/? I/tvos:  =====> [DMRL] Ear Phone GPIO is NULL 
06-09 18:36:37.720 2457-2457/com.mstar.tv.service I/DatabaseManager_JNI: setDatabaseDirtyByApplication
06-09 18:36:37.722 2457-2457/com.mstar.tv.service D/TvManager_JNI: setTvosCommonCommand
06-09 18:36:37.724 1867-1867/? I/tvos:  =========> DMRL Common Command Parse:com1:'mcuvolume' com2:'52'value:52 <========= 
06-09 18:36:37.835 2190-2276/system_process D/xgimiDebug[938]: interceptKeyBeforeDispatching:key_Code:0, down:true, repeatCount:0
06-09 18:36:37.836 2957-3181/com.xgimi.soundermodeservice D/SounderMode: [ (SounderModeService.java:101)#GetCurrentSoundMode ] 0
06-09 18:36:37.837 2957-3372/com.xgimi.soundermodeservice D/SounderMode: [ (SounderModeService.java:101)#GetCurrentSoundMode ] 0
06-09 18:36:38.020 3494-3511/com.mstar.android.providers.tv E/TvUserSettingProvider: updating content://mstar.tv.usersetting/soundsetting, value = Volume=12
06-09 18:36:38.135 2190-2277/system_process W/TelecomManager: Telecom Service not found.
06-09 18:36:38.135 2190-2277/system_process W/TelecomManager: Telecom Service not found.
06-09 18:36:38.136 2190-2276/system_process D/xgimiDebug[938]: interceptKeyBeforeDispatching:key_Code:24, down:true, repeatCount:0
06-09 18:36:38.137 1867-1867/? I/tvos: xgimiMcu(callingPid 2190, clientPid 2190)
06-09 18:36:38.158 2446-2696/com.android.systemui I/vol.Events: writeEvent level_changed STREAM_MUSIC 14
06-09 18:36:38.160 2190-2451/system_process E/PowerManagerService: STRSTR updatePowerStateLocked
06-09 18:36:38.199 2457-2457/com.mstar.tv.service I/TvService: -->update volume db = 14
06-09 18:36:38.200 2457-2457/com.mstar.tv.service I/DatabaseManager_JNI: setDatabaseDirtyByApplication
06-09 18:36:38.201 2457-2457/com.mstar.tv.service D/TvManager_JNI: setTvosCommonCommand
06-09 18:36:38.202 1867-1867/? I/tvos:  =========> DMRL Common Command Parse:com1:'mcuvolume' com2:'52'value:52 <========= 
06-09 18:36:38.213 1867-1867/? I/tvos:  =====> [DMRL] Ear Phone GPIO is NULL 
06-09 18:36:38.260 2190-2276/system_process E/PowerManagerService: STRSTR updatePowerStateLocked
06-09 18:36:38.262 2190-2276/system_process D/xgimiDebug[938]: interceptKeyBeforeDispatching:key_Code:0, down:true, repeatCount:0
06-09 18:36:38.262 2957-3373/com.xgimi.soundermodeservice D/SounderMode: [ (SounderModeService.java:101)#GetCurrentSoundMode ] 0
06-09 18:36:38.263 2957-2984/com.xgimi.soundermodeservice D/SounderMode: [ (SounderModeService.java:101)#GetCurrentSoundMode ] 0
06-09 18:36:38.423 2190-2277/system_process W/TelecomManager: Telecom Service not found.
06-09 18:36:38.423 2190-2277/system_process W/TelecomManager: Telecom Service not found.
06-09 18:36:38.423 2190-2276/system_process D/xgimiDebug[938]: interceptKeyBeforeDispatching:key_Code:24, down:true, repeatCount:0
06-09 18:36:38.424 1867-1867/? I/tvos: xgimiMcu(callingPid 2190, clientPid 2190)
06-09 18:36:38.447 2446-2696/com.android.systemui I/vol.Events: writeEvent level_changed STREAM_MUSIC 16
06-09 18:36:38.450 2190-3011/system_process E/PowerManagerService: STRSTR updatePowerStateLocked
06-09 18:36:38.500 3494-3511/com.mstar.android.providers.tv E/TvUserSettingProvider: updating content://mstar.tv.usersetting/soundsetting, value = Volume=14
06-09 18:36:38.536 2190-2276/system_process D/xgimiDebug[938]: interceptKeyBeforeDispatching:key_Code:0, down:true, repeatCount:0
06-09 18:36:38.537 2957-2999/com.xgimi.soundermodeservice D/SounderMode: [ (SounderModeService.java:101)#GetCurrentSoundMode ] 0
06-09 18:36:38.548 2957-3181/com.xgimi.soundermodeservice D/SounderMode: [ (SounderModeService.java:101)#GetCurrentSoundMode ] 0
06-09 18:36:38.662 2457-2457/com.mstar.tv.service I/TvService: -->update volume db = 16
06-09 18:36:38.665 2190-2956/system_process E/PowerManagerService: STRSTR updatePowerStateLocked
06-09 18:36:38.665 2457-2457/com.mstar.tv.service I/DatabaseManager_JNI: setDatabaseDirtyByApplication
06-09 18:36:38.667 2457-2457/com.mstar.tv.service D/TvManager_JNI: setTvosCommonCommand
06-09 18:36:38.668 1867-1867/? I/tvos:  =========> DMRL Common Command Parse:com1:'mcuvolume' com2:'52'value:52 <========= 
06-09 18:36:38.671 2190-2202/system_process E/PowerManagerService: STRSTR updatePowerStateLocked
06-09 18:36:38.713 1867-1867/? I/tvos:  =====> [DMRL] Ear Phone GPIO is NULL 
06-09 18:36:38.816 1867-1867/? I/tvos: [SerialDebug] XgimiManagerService commonNotify:7,42,temperature
06-09 18:36:38.816 3912-3912/com.xgimi.windowsystem E/hzy: temperature
06-09 18:36:38.818 1867-1867/? I/tvos:  [WOW] Fan U Left FUN:<get_fan_status> line:212 |  Fan status is [0] ##### 
06-09 18:36:38.835 2486-2523/com.xgimi.xgimiservice D/TvManager_JNI: getGpioDeviceStatus
06-09 18:36:38.835 2486-2523/com.xgimi.xgimiservice D/RTCDetect: The RTC shutdown signal status is : 1
06-09 18:36:38.920 2486-2520/com.xgimi.xgimiservice D/TvManager_JNI: getFrcVersion
06-09 18:36:38.920 1718-4642/? V/3D: Func: GetCurrent3DFormat()
06-09 18:36:38.920 1718-4642/? V/3D: Func: GetCurrent3DFormat() : return current3d=0
06-09 18:36:38.921 1867-1867/? I/tvos:  [WOW] Fan U Left FUN:<fan_ctrl_Auto> line:124 | not change,do not set pwm ,old:[42] cur:[42] 
06-09 18:36:38.921 1867-1867/? I/tvos:  [WOW] Fan U Right FUN:<get_fan_status> line:212 |  Fan status is [0] ##### 
06-09 18:36:38.965 3494-3511/com.mstar.android.providers.tv E/TvUserSettingProvider: updating content://mstar.tv.usersetting/soundsetting, value = Volume=16
06-09 18:36:39.023 1867-1867/? I/tvos:  [WOW] Fan U Right FUN:<fan_ctrl_Auto> line:124 | not change,do not set pwm ,old:[42] cur:[42] 
06-09 18:36:39.247 2190-2276/system_process E/PowerManagerService: STRSTR updatePowerStateLocked
06-09 18:36:39.248 2190-2276/system_process D/xgimiDebug[938]: interceptKeyBeforeDispatching:key_Code:3, down:true, repeatCount:0
06-09 18:36:39.248 2957-3373/com.xgimi.soundermodeservice D/SounderMode: [ (SounderModeService.java:101)#GetCurrentSoundMode ] 0
06-09 18:36:39.274 1867-1867/? I/tvos:  =====> [DMRL] Ear Phone GPIO is NULL 
06-09 18:36:39.410 2957-2984/com.xgimi.soundermodeservice D/SounderMode: [ (SounderModeService.java:101)#GetCurrentSoundMode ] 0
06-09 18:36:39.411 2190-2276/system_process W/TelecomManager: Telecom Service not found.
06-09 18:36:39.413 2190-2276/system_process E/PowerManagerService: STRSTR updatePowerStateLocked
06-09 18:36:39.414 2190-2276/system_process I/ActivityManager: START u0 {act=android.intent.action.MAIN cat=[android.intent.category.HOME] flg=0x10200000 cmp=cc.popin.aladdin.home/cc.popin.aladdin.splash.ui.SplashActivity (has extras)} from uid 1000 on display 0
06-09 18:36:39.415 2446-2446/com.android.systemui I/vol.Events: writeEvent dismiss_dialog volume_controller
06-09 18:36:39.416 2985-2985/cc.popin.aladdin.home I/HomeReceiver: onReceive: action android.intent.action.CLOSE_SYSTEM_DIALOGS
06-09 18:36:39.416 2985-2985/cc.popin.aladdin.home I/HomeReceiver: onReceive: reason homekey
06-09 18:36:39.419 2446-2696/com.android.systemui I/vol.Events: writeEvent active_stream_changed UNKNOWN_STREAM_-1
06-09 18:36:39.434 1702-1702/? D/SurfaceFlinger: [capture screen]:maxLayerZ = 21030
06-09 18:36:39.443 1702-1702/? D/SurfaceFlinger: captureScreen: end ret =0
06-09 18:36:39.461 2190-2276/system_process E/PowerManagerService: STRSTR updatePowerStateLocked
06-09 18:36:39.463 2190-2276/system_process D/xgimiDebug[938]: interceptKeyBeforeDispatching:key_Code:0, down:true, repeatCount:0
06-09 18:36:39.464 2957-2999/com.xgimi.soundermodeservice D/SounderMode: [ (SounderModeService.java:101)#GetCurrentSoundMode ] 0
06-09 18:36:39.478 2190-2501/system_process I/ActivityManager: TR6) TaskRecord{138fd96 #179 A=cc.popin.aladdin.home U=0 sz=1}
06-09 18:36:39.478 2190-2501/system_process I/ActivityManager: TR5) TaskRecord{ef39460 #195 A=fm.awa.liverpool U=0 sz=3}
06-09 18:36:39.557 2190-2200/system_process I/art: Background partial concurrent mark sweep GC freed 33102(2MB) AllocSpace objects, 11(220KB) LOS objects, 33% free, 9MB/14MB, paused 1.530ms total 104.935ms
06-09 18:36:39.561 2190-2501/system_process I/ActivityManager: accel TR6) TaskRecord{138fd96 #179 A=cc.popin.aladdin.home U=0 sz=1}
06-09 18:36:39.561 2190-2501/system_process I/ActivityManager: accel TR5) TaskRecord{ef39460 #195 A=fm.awa.liverpool U=0 sz=3}
06-09 18:36:39.574 2190-2205/system_process W/art: Long monitor contention event with owner method=int com.android.server.am.ActivityManagerService.broadcastIntent(android.app.IApplicationThread, android.content.Intent, java.lang.String, android.content.IIntentReceiver, int, java.lang.String, android.os.Bundle, java.lang.String[], int, android.os.Bundle, boolean, boolean, int) from ActivityManagerService.java:17093 waiters=1 for 103ms
06-09 18:36:39.661 2985-2985/cc.popin.aladdin.home E/SplashActivity: onResume
06-09 18:36:39.668 2190-2499/system_process E/PowerManagerService: STRSTR updatePowerStateLocked
06-09 18:36:39.674 3249-3323/fm.awa.liverpool E/FirebaseInstanceId: Google Play services missing or without correct permission.
06-09 18:36:39.675 2190-2501/system_process E/PowerManagerService: STRSTR updatePowerStateLocked
06-09 18:36:39.697 2957-3181/com.xgimi.soundermodeservice D/SounderMode: [ (SounderModeService.java:101)#GetCurrentSoundMode ] 0
06-09 18:36:39.705 1702-1813/? E/BufferQueueProducer: [cc.popin.aladdin.home/cc.popin.aladdin.splash.ui.SplashActivity] connect(P): already connected (cur=1 req=1)
06-09 18:36:39.705 2985-3336/cc.popin.aladdin.home D/mali_winsys: EGLint new_window_surface(egl_winsys_display*, void*, EGLSurface, EGLConfig, egl_winsys_surface**, egl_color_buffer_format*, EGLBoolean) returns 0x3000
06-09 18:36:39.711 2985-7468/cc.popin.aladdin.home W/ContextImpl: Calling a method in the system process without a qualified user: android.app.ContextImpl.bindService:1285 android.content.ContextWrapper.bindService:604 com.google.android.gms.common.stats.a.d:4 com.google.android.gms.common.stats.a.a:1 com.google.android.gms.measurement.internal.q8.e:10 
06-09 18:36:39.725 2985-2985/cc.popin.aladdin.home W/ViewRootImpl: Dropping event due to no window focus: KeyEvent { action=ACTION_DOWN, keyCode=KEYCODE_UNKNOWN, scanCode=88, metaState=0, flags=0x8, repeatCount=0, eventTime=1975499, downTime=1975499, deviceId=8, source=0x301 }
06-09 18:36:39.734 2446-2446/com.android.systemui E/vol.VolumeDialog: stream:3
06-09 18:36:39.735 2446-2446/com.android.systemui D/vol.VolumeDialog: recheckH ALL
06-09 18:36:39.742 2190-2956/system_process E/PowerManagerService: STRSTR updatePowerStateLocked
06-09 18:36:39.748 2985-2985/cc.popin.aladdin.home W/ViewRootImpl: Cancelling event due to no window focus: KeyEvent { action=ACTION_UP, keyCode=KEYCODE_UNKNOWN, scanCode=88, metaState=0, flags=0x28, repeatCount=0, eventTime=1975512, downTime=1975499, deviceId=8, source=0x301 }
06-09 18:36:39.749 2985-2985/cc.popin.aladdin.home W/ViewRootImpl: Cancelling event due to no window focus: KeyEvent { action=ACTION_UP, keyCode=KEYCODE_UNKNOWN, scanCode=88, metaState=0, flags=0x28, repeatCount=0, eventTime=1975512, downTime=1975499, deviceId=8, source=0x301 }
06-09 18:36:39.749 2985-2985/cc.popin.aladdin.home W/ViewRootImpl: Cancelling event due to no window focus: KeyEvent { action=ACTION_UP, keyCode=KEYCODE_UNKNOWN, scanCode=88, metaState=0, flags=0x28, repeatCount=0, eventTime=1975512, downTime=1975499, deviceId=8, source=0x301 }
06-09 18:36:39.749 2985-2985/cc.popin.aladdin.home W/ViewRootImpl: Cancelling event due to no window focus: KeyEvent { action=ACTION_UP, keyCode=KEYCODE_UNKNOWN, scanCode=88, metaState=0, flags=0x28, repeatCount=0, eventTime=1975512, downTime=1975499, deviceId=8, source=0x301 }
06-09 18:36:39.749 2985-2985/cc.popin.aladdin.home W/ViewRootImpl: Cancelling event due to no window focus: KeyEvent { action=ACTION_UP, keyCode=KEYCODE_UNKNOWN, scanCode=88, metaState=0, flags=0x28, repeatCount=0, eventTime=1975512, downTime=1975499, deviceId=8, source=0x301 }
06-09 18:36:39.749 2985-2985/cc.popin.aladdin.home W/ViewRootImpl: Cancelling event due to no window focus: KeyEvent { action=ACTION_UP, keyCode=KEYCODE_UNKNOWN, scanCode=88, metaState=0, flags=0x28, repeatCount=0, eventTime=1975512, downTime=1975499, deviceId=8, source=0x301 }
06-09 18:36:39.749 2985-2985/cc.popin.aladdin.home W/ViewRootImpl: Cancelling event due to no window focus: KeyEvent { action=ACTION_UP, keyCode=KEYCODE_UNKNOWN, scanCode=88, metaState=0, flags=0x228, repeatCount=0, eventTime=1975512, downTime=1975499, deviceId=8, source=0x301 }
06-09 18:36:39.750 2985-2985/cc.popin.aladdin.home W/ViewRootImpl: Cancelling event due to no window focus: KeyEvent { action=ACTION_UP, keyCode=KEYCODE_UNKNOWN, scanCode=88, metaState=0, flags=0x228, repeatCount=0, eventTime=1975512, downTime=1975499, deviceId=8, source=0x301 }
06-09 18:36:39.750 2985-2985/cc.popin.aladdin.home W/ViewRootImpl: Cancelling event due to no window focus: KeyEvent { action=ACTION_UP, keyCode=KEYCODE_UNKNOWN, scanCode=88, metaState=0, flags=0x228, repeatCount=0, eventTime=1975512, downTime=1975499, deviceId=8, source=0x301 }
06-09 18:36:39.775 1867-1867/? I/tvos:  =====> [DMRL] Ear Phone GPIO is NULL 
06-09 18:36:39.779 2190-2956/system_process E/PowerManagerService: STRSTR updatePowerStateLocked
06-09 18:36:40.526 1867-1867/? I/tvos:  =====> [DMRL] Ear Phone GPIO is NULL 
06-09 18:36:40.560 2190-2276/system_process E/PowerManagerService: STRSTR updatePowerStateLocked
06-09 18:36:40.561 2190-2276/system_process D/xgimiDebug[938]: interceptKeyBeforeDispatching:key_Code:3, down:true, repeatCount:0
06-09 18:36:40.561 2957-3372/com.xgimi.soundermodeservice D/SounderMode: [ (SounderModeService.java:101)#GetCurrentSoundMode ] 0
06-09 18:36:40.878 1867-1867/? I/tvos: [SerialDebug] XgimiManagerService commonNotify:7,42,temperature
06-09 18:36:40.878 3912-3912/com.xgimi.windowsystem E/hzy: temperature
06-09 18:36:40.880 1867-1867/? I/tvos:  [WOW] Fan U Left FUN:<get_fan_status> line:212 |  Fan status is [0] ##### 
06-09 18:36:40.981 1867-1867/? I/tvos:  [WOW] Fan U Left FUN:<fan_ctrl_Auto> line:124 | not change,do not set pwm ,old:[42] cur:[42] 
06-09 18:36:40.981 1867-1867/? I/tvos:  [WOW] Fan U Right FUN:<get_fan_status> line:212 |  Fan status is [0] ##### 
06-09 18:36:41.060 2190-2276/system_process E/PowerManagerService: STRSTR updatePowerStateLocked
06-09 18:36:41.061 2190-2276/system_process D/xgimiDebug[938]: interceptKeyBeforeDispatching:key_Code:3, down:true, repeatCount:1
06-09 18:36:41.061 2957-2984/com.xgimi.soundermodeservice D/SounderMode: [ (SounderModeService.java:101)#GetCurrentSoundMode ] 0
06-09 18:36:41.066 2985-2985/cc.popin.aladdin.home I/HomeReceiver: onReceive: action android.intent.action.CLOSE_SYSTEM_DIALOGS
06-09 18:36:41.066 2985-2985/cc.popin.aladdin.home I/HomeReceiver: onReceive: reason recentapps
06-09 18:36:41.081 2190-2202/system_process I/ActivityManager: START u0 {act=com.android.systemui.recents.SHOW_RECENTS flg=0x10804000 cmp=com.android.systemui/.recents.RecentsActivity} from uid 10013 on display 0
06-09 18:36:41.085 1867-1867/? I/tvos:  [WOW] Fan U Right FUN:<fan_ctrl_Auto> line:124 | not change,do not set pwm ,old:[42] cur:[42] 
06-09 18:36:41.086 2190-2202/system_process E/PowerManagerService: STRSTR updatePowerStateLocked
06-09 18:36:41.092 2985-2985/cc.popin.aladdin.home E/SplashActivity: onPause
06-09 18:36:41.092 2190-2320/system_process E/PowerManagerService: STRSTR updatePowerStateLocked
06-09 18:36:41.093 2190-2320/system_process D/NtpTrustedTime: currentTimeMillis() cache hit
06-09 18:36:41.098 1713-2279/? D/AudioMixer: previous float ramp hasn't finished, prev:0.999991  set_to:1.000000
06-09 18:36:41.098 1713-2279/? D/AudioMixer: previous float ramp hasn't finished, prev:0.999991  set_to:1.000000
06-09 18:36:41.104 2190-2202/system_process I/ActivityManager: TR7) TaskRecord{ac7d07b #196 A=com.android.systemui U=0 sz=1}
06-09 18:36:41.105 2190-2202/system_process I/ActivityManager: TR6) TaskRecord{138fd96 #179 A=cc.popin.aladdin.home U=0 sz=1}
06-09 18:36:41.125 2190-2276/system_process D/xgimiDebug[938]: interceptKeyBeforeDispatching:key_Code:3, down:true, repeatCount:2
06-09 18:36:41.126 2957-2999/com.xgimi.soundermodeservice D/SounderMode: [ (SounderModeService.java:101)#GetCurrentSoundMode ] 0
06-09 18:36:41.135 2190-2320/system_process D/NtpTrustedTime: currentTimeMillis() cache hit
06-09 18:36:41.201 2190-2202/system_process I/ActivityManager: accel TR7) TaskRecord{ac7d07b #196 A=com.android.systemui U=0 sz=1}
06-09 18:36:41.201 2190-2202/system_process I/ActivityManager: accel TR6) TaskRecord{138fd96 #179 A=cc.popin.aladdin.home U=0 sz=1}
06-09 18:36:41.214 2190-2276/system_process D/xgimiDebug[938]: interceptKeyBeforeDispatching:key_Code:3, down:true, repeatCount:3
06-09 18:36:41.214 2190-2321/system_process D/NtpTrustedTime: currentTimeMillis() cache hit
06-09 18:36:41.214 2190-2321/system_process D/NtpTrustedTime: currentTimeMillis() cache hit
06-09 18:36:41.215 2957-3181/com.xgimi.soundermodeservice D/SounderMode: [ (SounderModeService.java:101)#GetCurrentSoundMode ] 0
06-09 18:36:41.221 2190-2320/system_process E/PowerManagerService: STRSTR updatePowerStateLocked
06-09 18:36:41.264 2190-2276/system_process D/xgimiDebug[938]: interceptKeyBeforeDispatching:key_Code:3, down:true, repeatCount:4
06-09 18:36:41.264 2957-3372/com.xgimi.soundermodeservice D/SounderMode: [ (SounderModeService.java:101)#GetCurrentSoundMode ] 0
06-09 18:36:41.314 2190-2276/system_process D/xgimiDebug[938]: interceptKeyBeforeDispatching:key_Code:3, down:true, repeatCount:5
06-09 18:36:41.315 2957-3373/com.xgimi.soundermodeservice D/SounderMode: [ (SounderModeService.java:101)#GetCurrentSoundMode ] 0
06-09 18:36:41.335 1867-1867/? I/tvos:  =====> [DMRL] Ear Phone GPIO is NULL 
06-09 18:36:41.351 1702-1815/? E/BufferQueueProducer: [com.android.systemui/com.android.systemui.recents.RecentsActivity] connect(P): already connected (cur=1 req=1)
06-09 18:36:41.351 2446-3156/com.android.systemui D/mali_winsys: EGLint new_window_surface(egl_winsys_display*, void*, EGLSurface, EGLConfig, egl_winsys_surface**, egl_color_buffer_format*, EGLBoolean) returns 0x3000
06-09 18:36:41.365 2190-2276/system_process D/xgimiDebug[938]: interceptKeyBeforeDispatching:key_Code:3, down:true, repeatCount:6
06-09 18:36:41.365 2957-2984/com.xgimi.soundermodeservice D/SounderMode: [ (SounderModeService.java:101)#GetCurrentSoundMode ] 0
06-09 18:36:41.415 2190-2276/system_process D/xgimiDebug[938]: interceptKeyBeforeDispatching:key_Code:3, down:true, repeatCount:7
06-09 18:36:41.416 2957-2999/com.xgimi.soundermodeservice D/SounderMode: [ (SounderModeService.java:101)#GetCurrentSoundMode ] 0
06-09 18:36:41.445 2190-2209/system_process I/ActivityManager: Displayed com.android.systemui/.recents.RecentsActivity: +357ms
06-09 18:36:41.466 2190-2276/system_process D/xgimiDebug[938]: interceptKeyBeforeDispatching:key_Code:3, down:true, repeatCount:8
06-09 18:36:41.467 2957-3181/com.xgimi.soundermodeservice D/SounderMode: [ (SounderModeService.java:101)#GetCurrentSoundMode ] 0
06-09 18:36:41.503 2446-2446/com.android.systemui I/art: Starting a blocking GC Explicit
06-09 18:36:41.517 2190-2276/system_process D/xgimiDebug[938]: interceptKeyBeforeDispatching:key_Code:3, down:true, repeatCount:9
06-09 18:36:41.518 2957-3372/com.xgimi.soundermodeservice D/SounderMode: [ (SounderModeService.java:101)#GetCurrentSoundMode ] 0
06-09 18:36:41.534 2446-2446/com.android.systemui I/art: Explicit concurrent mark sweep GC freed 12079(912KB) AllocSpace objects, 2(408KB) LOS objects, 39% free, 10MB/17MB, paused 588us total 30.538ms
06-09 18:36:41.540 2190-2202/system_process E/PowerManagerService: STRSTR updatePowerStateLocked
06-09 18:36:41.567 2190-2276/system_process E/PowerManagerService: STRSTR updatePowerStateLocked
06-09 18:36:41.568 2190-2276/system_process D/xgimiDebug[938]: interceptKeyBeforeDispatching:key_Code:3, down:true, repeatCount:10
06-09 18:36:41.568 2957-3373/com.xgimi.soundermodeservice D/SounderMode: [ (SounderModeService.java:101)#GetCurrentSoundMode ] 0
06-09 18:36:41.603 2190-3022/system_process E/PowerManagerService: STRSTR updatePowerStateLocked
06-09 18:36:41.604 3249-3323/fm.awa.liverpool E/FirebaseInstanceId: Google Play services missing or without correct permission.
06-09 18:36:41.605 2190-3006/system_process E/PowerManagerService: STRSTR updatePowerStateLocked
06-09 18:36:41.618 2190-2276/system_process D/xgimiDebug[938]: interceptKeyBeforeDispatching:key_Code:3, down:true, repeatCount:11
06-09 18:36:41.619 2957-2984/com.xgimi.soundermodeservice D/SounderMode: [ (SounderModeService.java:101)#GetCurrentSoundMode ] 0
06-09 18:36:41.669 2190-2276/system_process D/xgimiDebug[938]: interceptKeyBeforeDispatching:key_Code:3, down:true, repeatCount:12
06-09 18:36:41.671 2957-2999/com.xgimi.soundermodeservice D/SounderMode: [ (SounderModeService.java:101)#GetCurrentSoundMode ] 0
06-09 18:36:41.720 2190-2276/system_process D/xgimiDebug[938]: interceptKeyBeforeDispatching:key_Code:3, down:true, repeatCount:13
06-09 18:36:41.720 2957-3181/com.xgimi.soundermodeservice D/SounderMode: [ (SounderModeService.java:101)#GetCurrentSoundMode ] 0
06-09 18:36:41.730 3249-3592/fm.awa.liverpool E/GoogleTagManager: Unsupported Value Escaping: 3
06-09 18:36:41.740 2190-3008/system_process E/PowerManagerService: STRSTR updatePowerStateLocked
06-09 18:36:41.742 3249-3323/fm.awa.liverpool E/FirebaseInstanceId: Google Play services missing or without correct permission.
06-09 18:36:41.743 2190-2501/system_process E/PowerManagerService: STRSTR updatePowerStateLocked
06-09 18:36:41.770 2190-2276/system_process D/xgimiDebug[938]: interceptKeyBeforeDispatching:key_Code:3, down:true, repeatCount:14
06-09 18:36:41.771 2957-3372/com.xgimi.soundermodeservice D/SounderMode: [ (SounderModeService.java:101)#GetCurrentSoundMode ] 0
06-09 18:36:41.821 2190-2276/system_process D/xgimiDebug[938]: interceptKeyBeforeDispatching:key_Code:3, down:true, repeatCount:15
06-09 18:36:41.821 2957-3373/com.xgimi.soundermodeservice D/SounderMode: [ (SounderModeService.java:101)#GetCurrentSoundMode ] 0
06-09 18:36:41.835 2957-2984/com.xgimi.soundermodeservice D/SounderMode: [ (SounderModeService.java:101)#GetCurrentSoundMode ] 0
06-09 18:36:41.837 2190-2276/system_process D/xgimiDebug[938]: interceptKeyBeforeDispatching:key_Code:0, down:true, repeatCount:0
06-09 18:36:41.837 2957-2999/com.xgimi.soundermodeservice D/SounderMode: [ (SounderModeService.java:101)#GetCurrentSoundMode ] 0
06-09 18:36:41.838 2957-3181/com.xgimi.soundermodeservice D/SounderMode: [ (SounderModeService.java:101)#GetCurrentSoundMode ] 0
06-09 18:36:42.086 1867-1867/? I/tvos:  =====> [DMRL] Ear Phone GPIO is NULL 
06-09 18:36:42.185 2190-2276/system_process E/PowerManagerService: STRSTR updatePowerStateLocked
06-09 18:36:42.185 2190-2276/system_process D/xgimiDebug[938]: interceptKeyBeforeDispatching:key_Code:19, down:true, repeatCount:0
06-09 18:36:42.186 2957-3372/com.xgimi.soundermodeservice D/SounderMode: [ (SounderModeService.java:101)#GetCurrentSoundMode ] 0
06-09 18:36:42.188 2446-2446/com.android.systemui E/TASK: launched from home :true
06-09 18:36:42.348 2957-3373/com.xgimi.soundermodeservice D/SounderMode: [ (SounderModeService.java:101)#GetCurrentSoundMode ] 0
06-09 18:36:42.360 2190-2276/system_process D/xgimiDebug[938]: interceptKeyBeforeDispatching:key_Code:0, down:true, repeatCount:0
06-09 18:36:42.361 2957-2984/com.xgimi.soundermodeservice D/SounderMode: [ (SounderModeService.java:101)#GetCurrentSoundMode ] 0
06-09 18:36:42.362 2957-2999/com.xgimi.soundermodeservice D/SounderMode: [ (SounderModeService.java:101)#GetCurrentSoundMode ] 0
06-09 18:36:42.510 2190-2276/system_process D/xgimiDebug[938]: interceptKeyBeforeDispatching:key_Code:19, down:true, repeatCount:0
06-09 18:36:42.511 2957-3181/com.xgimi.soundermodeservice D/SounderMode: [ (SounderModeService.java:101)#GetCurrentSoundMode ] 0
06-09 18:36:42.515 2446-2446/com.android.systemui E/TASK: launched from home :true
06-09 18:36:42.722 2190-2276/system_process E/PowerManagerService: STRSTR updatePowerStateLocked
06-09 18:36:42.725 2957-3372/com.xgimi.soundermodeservice D/SounderMode: [ (SounderModeService.java:101)#GetCurrentSoundMode ] 0
06-09 18:36:42.726 2190-2276/system_process D/xgimiDebug[938]: interceptKeyBeforeDispatching:key_Code:0, down:true, repeatCount:0
06-09 18:36:42.727 2957-2984/com.xgimi.soundermodeservice D/SounderMode: [ (SounderModeService.java:101)#GetCurrentSoundMode ] 0
06-09 18:36:42.728 2957-2984/com.xgimi.soundermodeservice D/SounderMode: [ (SounderModeService.java:101)#GetCurrentSoundMode ] 0
06-09 18:36:42.788 2190-2501/system_process I/ActivityManager: Killing 6558:cc.popin.aladdin.radiko/u0a57 (adj 9): remove task
06-09 18:36:42.836 1867-1867/? I/tvos:  =====> [DMRL] Ear Phone GPIO is NULL 
06-09 18:36:42.885 2190-2276/system_process D/xgimiDebug[938]: interceptKeyBeforeDispatching:key_Code:19, down:true, repeatCount:0
06-09 18:36:42.886 2957-3181/com.xgimi.soundermodeservice D/SounderMode: [ (SounderModeService.java:101)#GetCurrentSoundMode ] 0
06-09 18:36:42.888 2446-2446/com.android.systemui E/TASK: launched from home :true
06-09 18:36:42.922 2190-2276/system_process W/InputDispatcher: channel '320d17b cc.popin.aladdin.radiko/cc.popin.aladdin.radiko.ui.MainActivity (server)' ~ Consumer closed input channel or an error occurred.  events=0x9
06-09 18:36:42.922 2190-2276/system_process E/InputDispatcher: channel '320d17b cc.popin.aladdin.radiko/cc.popin.aladdin.radiko.ui.MainActivity (server)' ~ Channel is unrecoverably broken and will be disposed!
06-09 18:36:42.925 1713-2309/? E/OMXNodeInstance: !!! Observer died. Quickly, do something, ... anything...
06-09 18:36:42.925 2190-3022/system_process D/GraphicsStats: Buffer count: 9
06-09 18:36:42.926 2190-3011/system_process I/WindowState: WIN DEATH: Window{320d17b u0 cc.popin.aladdin.radiko/cc.popin.aladdin.radiko.ui.MainActivity}
06-09 18:36:42.926 2190-3011/system_process W/InputDispatcher: Attempted to unregister already unregistered input channel '320d17b cc.popin.aladdin.radiko/cc.popin.aladdin.radiko.ui.MainActivity (server)'
06-09 18:36:42.939 1867-1867/? I/tvos: [SerialDebug] XgimiManagerService commonNotify:7,42,temperature
06-09 18:36:42.940 3912-3912/com.xgimi.windowsystem E/hzy: temperature
06-09 18:36:42.942 1867-1867/? I/tvos:  [WOW] Fan U Left FUN:<get_fan_status> line:212 |  Fan status is [0] ##### 
06-09 18:36:43.011 2957-3372/com.xgimi.soundermodeservice D/SounderMode: [ (SounderModeService.java:101)#GetCurrentSoundMode ] 0
06-09 18:36:43.012 2190-2276/system_process D/xgimiDebug[938]: interceptKeyBeforeDispatching:key_Code:0, down:true, repeatCount:0
06-09 18:36:43.013 2190-2205/system_process W/art: Long monitor contention event with owner method=boolean com.android.server.am.ActivityManagerService.removeTask(int) from ActivityManagerService.java:8847 waiters=0 for 228ms
06-09 18:36:43.015 2190-2263/system_process E/PowerManagerService: STRSTR updatePowerStateLocked
06-09 18:36:43.017 2957-2999/com.xgimi.soundermodeservice D/SounderMode: [ (SounderModeService.java:101)#GetCurrentSoundMode ] 0
06-09 18:36:43.018 2957-2999/com.xgimi.soundermodeservice D/SounderMode: [ (SounderModeService.java:101)#GetCurrentSoundMode ] 0
06-09 18:36:43.019 2190-2975/system_process D/ActivityManager: cleanUpApplicationRecord -- 6558
06-09 18:36:43.020 3383-3383/cc.popin.aladdin.home:mqtt D/AlarmPingSender: Sending Ping at:1623231403020
06-09 18:36:43.021 2190-3022/system_process E/PowerManagerService: STRSTR updatePowerStateLocked
06-09 18:36:43.022 3383-3383/cc.popin.aladdin.home:mqtt D/AlarmPingSender: Schedule next alarm at 1623231413022
06-09 18:36:43.022 3383-3383/cc.popin.aladdin.home:mqtt D/AlarmPingSender: Alarm scheule using setExactAndAllowWhileIdle, next: 10000
06-09 18:36:43.024 2190-2190/system_process E/PowerManagerService: STRSTR updatePowerStateLocked
06-09 18:36:43.045 1867-1867/? I/tvos:  [WOW] Fan U Left FUN:<fan_ctrl_Auto> line:124 | not change,do not set pwm ,old:[42] cur:[42] 
06-09 18:36:43.045 1867-1867/? I/tvos:  [WOW] Fan U Right FUN:<get_fan_status> line:212 |  Fan status is [0] ##### 
06-09 18:36:43.109 3383-4533/cc.popin.aladdin.home:mqtt D/AlarmPingSender: Success. Release lock(MqttService.client.3a069860-571e-3666-855e-97164f4ee2d0):1623231403109
06-09 18:36:43.110 2190-2497/system_process E/PowerManagerService: STRSTR updatePowerStateLocked
06-09 18:36:43.147 1867-1867/? I/tvos:  [WOW] Fan U Right FUN:<fan_ctrl_Auto> line:124 | not change,do not set pwm ,old:[42] cur:[42] 
06-09 18:36:43.148 2190-2276/system_process D/xgimiDebug[938]: interceptKeyBeforeDispatching:key_Code:19, down:true, repeatCount:0
06-09 18:36:43.148 2957-3181/com.xgimi.soundermodeservice D/SounderMode: [ (SounderModeService.java:101)#GetCurrentSoundMode ] 0
06-09 18:36:43.150 2446-2446/com.android.systemui E/TASK: launched from home :true
06-09 18:36:43.310 2190-2276/system_process E/PowerManagerService: STRSTR updatePowerStateLocked
06-09 18:36:43.311 2957-3373/com.xgimi.soundermodeservice D/SounderMode: [ (SounderModeService.java:101)#GetCurrentSoundMode ] 0
06-09 18:36:43.312 2190-2276/system_process D/xgimiDebug[938]: interceptKeyBeforeDispatching:key_Code:0, down:true, repeatCount:0
06-09 18:36:43.313 2957-3372/com.xgimi.soundermodeservice D/SounderMode: [ (SounderModeService.java:101)#GetCurrentSoundMode ] 0
06-09 18:36:43.315 2957-2999/com.xgimi.soundermodeservice D/SounderMode: [ (SounderModeService.java:101)#GetCurrentSoundMode ] 0
06-09 18:36:43.398 1867-1867/? I/tvos:  =====> [DMRL] Ear Phone GPIO is NULL 
06-09 18:36:43.415 2190-2499/system_process I/ActivityManager: Killing 4714:jp.paravi.androidtv/u0a75 (adj 15): remove task
06-09 18:36:43.460 2190-2276/system_process D/xgimiDebug[938]: interceptKeyBeforeDispatching:key_Code:19, down:true, repeatCount:0
06-09 18:36:43.461 2957-3181/com.xgimi.soundermodeservice D/SounderMode: [ (SounderModeService.java:101)#GetCurrentSoundMode ] 0
06-09 18:36:43.464 2446-2446/com.android.systemui E/TASK: launched from home :true
06-09 18:36:43.563 2190-3024/system_process D/ConnectivityService: ConnectivityService NetworkRequestInfo binderDied(NetworkRequest [ id=7, legacyType=-1, [ Capabilities: INTERNET&NOT_RESTRICTED&TRUSTED&NOT_VPN] ], android.os.BinderProxy@9233f9d)
06-09 18:36:43.563 2190-2326/system_process D/ConnectivityService: releasing NetworkRequest NetworkRequest [ id=7, legacyType=-1, [ Capabilities: INTERNET&NOT_RESTRICTED&TRUSTED&NOT_VPN] ]
06-09 18:36:43.563 2190-3029/system_process D/GraphicsStats: Buffer count: 8
06-09 18:36:43.564 2190-2325/system_process D/WifiService: Client connection lost with reason: 4
06-09 18:36:43.571 2190-2326/system_process E/ConnectivityService: RemoteException caught trying to send a callback msg for NetworkRequest [ id=7, legacyType=-1, [ Capabilities: INTERNET&NOT_RESTRICTED&TRUSTED&NOT_VPN] ]
06-09 18:36:43.604 2190-3008/system_process D/ActivityManager: cleanUpApplicationRecord -- 4714
06-09 18:36:43.635 2957-2984/com.xgimi.soundermodeservice D/SounderMode: [ (SounderModeService.java:101)#GetCurrentSoundMode ] 0
06-09 18:36:43.636 2190-2276/system_process D/xgimiDebug[938]: interceptKeyBeforeDispatching:key_Code:0, down:true, repeatCount:0
06-09 18:36:43.637 2957-3373/com.xgimi.soundermodeservice D/SounderMode: [ (SounderModeService.java:101)#GetCurrentSoundMode ] 0
06-09 18:36:43.639 2957-3372/com.xgimi.soundermodeservice D/SounderMode: [ (SounderModeService.java:101)#GetCurrentSoundMode ] 0
06-09 18:36:43.734 2190-2202/system_process I/ActivityManager: Killing 3518:com.android.newsettings/1000 (adj 9): remove task
06-09 18:36:43.735 3518-3518/com.android.newsettings E/setting3.0: (WifiActivity.java:536).onDestroy():hzy
06-09 18:36:43.835 2486-2523/com.xgimi.xgimiservice D/TvManager_JNI: getGpioDeviceStatus
06-09 18:36:43.836 2486-2523/com.xgimi.xgimiservice D/RTCDetect: The RTC shutdown signal status is : 1
06-09 18:36:43.862 2190-2325/system_process D/WifiService: Client connection lost with reason: 4
06-09 18:36:43.862 2190-3010/system_process D/GraphicsStats: Buffer count: 7
06-09 18:36:43.863 2190-3006/system_process I/WindowState: WIN DEATH: Window{d413d57 u0 com.android.newsettings/com.android.newsettings.network.WifiActivity}
06-09 18:36:43.887 2190-2276/system_process E/PowerManagerService: STRSTR updatePowerStateLocked
06-09 18:36:43.887 2190-2276/system_process D/xgimiDebug[938]: interceptKeyBeforeDispatching:key_Code:19, down:true, repeatCount:0
06-09 18:36:43.888 2957-2999/com.xgimi.soundermodeservice D/SounderMode: [ (SounderModeService.java:101)#GetCurrentSoundMode ] 0
06-09 18:36:43.889 2446-2446/com.android.systemui E/TASK: launched from home :true
06-09 18:36:43.894 2190-3029/system_process D/ActivityManager: cleanUpApplicationRecord -- 3518
06-09 18:36:43.899 1867-1867/? I/tvos:  =====> [DMRL] Ear Phone GPIO is NULL 
06-09 18:36:43.920 2486-2520/com.xgimi.xgimiservice D/TvManager_JNI: getFrcVersion
06-09 18:36:43.920 1718-1718/? V/3D: Func: GetCurrent3DFormat()
06-09 18:36:43.920 1718-1718/? V/3D: Func: GetCurrent3DFormat() : return current3d=0
06-09 18:36:44.048 2957-3181/com.xgimi.soundermodeservice D/SounderMode: [ (SounderModeService.java:101)#GetCurrentSoundMode ] 0
06-09 18:36:44.048 2190-2276/system_process D/xgimiDebug[938]: interceptKeyBeforeDispatching:key_Code:0, down:true, repeatCount:0
06-09 18:36:44.049 2957-2984/com.xgimi.soundermodeservice D/SounderMode: [ (SounderModeService.java:101)#GetCurrentSoundMode ] 0
06-09 18:36:44.060 2957-3373/com.xgimi.soundermodeservice D/SounderMode: [ (SounderModeService.java:101)#GetCurrentSoundMode ] 0
06-09 18:36:44.147 2190-3022/system_process I/ActivityManager: START u0 {act=android.intent.action.MAIN cat=[android.intent.category.HOME] flg=0x10200000 cmp=cc.popin.aladdin.home/cc.popin.aladdin.splash.ui.SplashActivity} from uid 10013 on display 0
06-09 18:36:44.151 2190-3022/system_process E/PowerManagerService: STRSTR updatePowerStateLocked
06-09 18:36:44.154 2190-3029/system_process I/ActivityManager: Killing 5169:cc.popin.aladdin.appstore/u0a58 (adj 11): remove task
06-09 18:36:44.322 2190-2451/system_process D/GraphicsStats: Buffer count: 6
06-09 18:36:44.355 2190-2975/system_process I/ActivityManager: TR2) TaskRecord{138fd96 #179 A=cc.popin.aladdin.home U=0 sz=1}
06-09 18:36:44.355 2190-2975/system_process I/ActivityManager: TR1) TaskRecord{ac7d07b #196 A=com.android.systemui U=0 sz=1}
06-09 18:36:44.401 1867-1867/? I/tvos:  =====> [DMRL] Ear Phone GPIO is NULL 
06-09 18:36:44.421 2190-2975/system_process I/ActivityManager: accel TR2) TaskRecord{138fd96 #179 A=cc.popin.aladdin.home U=0 sz=1}
06-09 18:36:44.421 2190-2975/system_process I/ActivityManager: accel TR1) TaskRecord{ac7d07b #196 A=com.android.systemui U=0 sz=1}
06-09 18:36:44.426 2190-3008/system_process D/ActivityManager: cleanUpApplicationRecord -- 5169
06-09 18:36:44.470 2985-2985/cc.popin.aladdin.home E/SplashActivity: onResume
06-09 18:36:44.493 1702-1815/? E/BufferQueueProducer: [cc.popin.aladdin.home/cc.popin.aladdin.splash.ui.SplashActivity] connect(P): already connected (cur=1 req=1)
06-09 18:36:44.495 2985-3336/cc.popin.aladdin.home D/mali_winsys: EGLint new_window_surface(egl_winsys_display*, void*, EGLSurface, EGLConfig, egl_winsys_surface**, egl_color_buffer_format*, EGLBoolean) returns 0x3000
06-09 18:36:44.535 2190-2501/system_process E/PowerManagerService: STRSTR updatePowerStateLocked
