06-09 18:36:44.740 2446-2446/com.android.systemui I/art: Starting a blocking GC Explicit
06-09 18:36:44.780 2446-2446/com.android.systemui I/art: Explicit concurrent mark sweep GC freed 6355(314KB) AllocSpace objects, 0(0B) LOS objects, 40% free, 10MB/17MB, paused 632us total 38.864ms
06-09 18:36:45.003 3912-3912/com.xgimi.windowsystem E/hzy: temperature
06-09 18:36:45.003 1867-1867/? I/tvos: [SerialDebug] XgimiManagerService commonNotify:7,42,temperature
06-09 18:36:45.004 1867-1867/? I/tvos:  [WOW] Fan U Left FUN:<get_fan_status> line:212 |  Fan status is [0] ##### 
06-09 18:36:45.106 1867-1867/? I/tvos:  [WOW] Fan U Left FUN:<fan_ctrl_Auto> line:124 | not change,do not set pwm ,old:[42] cur:[42] 
06-09 18:36:45.106 1867-1867/? I/tvos:  [WOW] Fan U Right FUN:<get_fan_status> line:212 |  Fan status is [0] ##### 
06-09 18:36:45.208 1867-1867/? I/tvos:  [WOW] Fan U Right FUN:<fan_ctrl_Auto> line:124 | not change,do not set pwm ,old:[42] cur:[42] 
06-09 18:36:45.310 2190-2276/system_process E/PowerManagerService: STRSTR updatePowerStateLocked
06-09 18:36:45.311 2190-2276/system_process D/xgimiDebug[938]: interceptKeyBeforeDispatching:key_Code:23, down:true, repeatCount:0
06-09 18:36:45.312 2957-2999/com.xgimi.soundermodeservice D/SounderMode: [ (SounderModeService.java:101)#GetCurrentSoundMode ] 0
06-09 18:36:45.458 1867-1867/? I/tvos:  =====> [DMRL] Ear Phone GPIO is NULL 
06-09 18:36:45.485 2957-3181/com.xgimi.soundermodeservice D/SounderMode: [ (SounderModeService.java:101)#GetCurrentSoundMode ] 0
06-09 18:36:45.486 2190-2276/system_process D/xgimiDebug[938]: interceptKeyBeforeDispatching:key_Code:0, down:true, repeatCount:0
06-09 18:36:45.486 2957-2984/com.xgimi.soundermodeservice D/SounderMode: [ (SounderModeService.java:101)#GetCurrentSoundMode ] 0
06-09 18:36:45.492 1713-2279/? I/audio_hw_primary: adev_create_audio_patch::mix->device 
06-09 18:36:45.492 1713-2279/? I/audio_hw_primary: adev_create_audio_patch *handle=-1417432992 num_audio_patch=3
06-09 18:36:45.518 2985-2985/cc.popin.aladdin.home W/ContextImpl: Calling a method in the system process without a qualified user: android.app.ContextImpl.startActivity:658 android.content.ContextWrapper.startActivity:331 cc.popin.aladdin.home.adapter.AppGridAdapter.o:12 cc.popin.aladdin.home.adapter.AppGridAdapter.n:1 cc.popin.aladdin.home.g.d.c.a:20 
06-09 18:36:45.518 2985-2985/cc.popin.aladdin.home W/ContextImpl: Calling a method in the system process without a qualified user: android.app.ContextImpl.startActivity:670 android.app.ContextImpl.startActivity:659 android.content.ContextWrapper.startActivity:331 cc.popin.aladdin.home.adapter.AppGridAdapter.o:12 cc.popin.aladdin.home.adapter.AppGridAdapter.n:1 
06-09 18:36:45.519 2190-2501/system_process I/ActivityManager: START u0 {act=android.intent.action.MAIN cat=[android.intent.category.LEANBACK_LAUNCHER] flg=0x10000000 pkg=fm.awa.liverpool cmp=fm.awa.liverpool/.tv.ui.splash.SplashActivity} from uid 1000 on display 0
06-09 18:36:45.527 2190-2501/system_process E/PowerManagerService: STRSTR updatePowerStateLocked
06-09 18:36:45.570 2985-2985/cc.popin.aladdin.home E/SplashActivity: onPause
06-09 18:36:45.578 2190-2451/system_process I/ActivityManager: TR3) TaskRecord{6c7a09 #197 A=fm.awa.liverpool U=0 sz=1}
06-09 18:36:45.578 2190-2451/system_process I/ActivityManager: TR2) TaskRecord{138fd96 #179 A=cc.popin.aladdin.home U=0 sz=1}
06-09 18:36:45.599 1713-2279/? E/AudioFlinger: PlaybackThread::Track::getNextBuffer:There is not enough data from AudioTrack!!!
06-09 18:36:45.664 2190-2451/system_process I/ActivityManager: accel TR3) TaskRecord{6c7a09 #197 A=fm.awa.liverpool U=0 sz=1}
06-09 18:36:45.664 2190-2451/system_process I/ActivityManager: accel TR2) TaskRecord{138fd96 #179 A=cc.popin.aladdin.home U=0 sz=1}
06-09 18:36:45.664 2190-2451/system_process V/ActivityManager: unmatched pkg name=fm.awa.liverpool
06-09 18:36:45.684 2190-2205/system_process W/art: Long monitor contention event with owner method=void com.android.server.am.ActivityManagerService.activityPaused(android.os.IBinder) from ActivityManagerService.java:6534 waiters=1 for 111ms
06-09 18:36:45.757 3249-7532/fm.awa.liverpool W/FirebaseInstanceId: Failed to find package android.content.pm.PackageManager$NameNotFoundException: com.google.android.gms
06-09 18:36:45.760 3249-7532/fm.awa.liverpool W/FirebaseInstanceId: Failed to find package android.content.pm.PackageManager$NameNotFoundException: com.google.android.gms
06-09 18:36:45.762 3249-7532/fm.awa.liverpool E/FirebaseInstanceId: Google Play services missing or without correct permission.
06-09 18:36:45.874 2957-3373/com.xgimi.soundermodeservice D/SounderMode: [ (SounderModeService.java:101)#GetCurrentSoundMode ] 0
06-09 18:36:45.879 1702-1902/? E/BufferQueueProducer: [fm.awa.liverpool/fm.awa.liverpool.tv.ui.splash.SplashActivity] connect(P): already connected (cur=1 req=1)
06-09 18:36:45.879 3249-5606/fm.awa.liverpool D/mali_winsys: EGLint new_window_surface(egl_winsys_display*, void*, EGLSurface, EGLConfig, egl_winsys_surface**, egl_color_buffer_format*, EGLBoolean) returns 0x3000
06-09 18:36:45.888 2190-3006/system_process E/PowerManagerService: STRSTR updatePowerStateLocked
06-09 18:36:45.890 3249-3323/fm.awa.liverpool E/FirebaseInstanceId: Google Play services missing or without correct permission.
06-09 18:36:45.891 2190-3008/system_process E/PowerManagerService: STRSTR updatePowerStateLocked
06-09 18:36:45.893 3249-3249/fm.awa.liverpool W/ViewRootImpl: Dropping event due to no window focus: KeyEvent { action=ACTION_DOWN, keyCode=KEYCODE_UNKNOWN, scanCode=88, metaState=0, flags=0x8, repeatCount=0, eventTime=1981574, downTime=1981574, deviceId=8, source=0x301 }
06-09 18:36:45.912 2190-2202/system_process E/PowerManagerService: STRSTR updatePowerStateLocked
06-09 18:36:45.926 2190-2209/system_process I/ActivityManager: Displayed fm.awa.liverpool/.tv.ui.splash.SplashActivity: +355ms
06-09 18:36:45.958 1867-1867/? I/tvos:  =====> [DMRL] Ear Phone GPIO is NULL 
06-09 18:36:46.048 3249-3592/fm.awa.liverpool W/GoogleTagManager: Event does not have parameter "_sn" and no default value was defined. Returning "undefined".
06-09 18:36:46.709 1867-1867/? I/tvos:  =====> [DMRL] Ear Phone GPIO is NULL 
06-09 18:36:47.061 1867-1867/? I/tvos: [SerialDebug] XgimiManagerService commonNotify:7,42,temperature
06-09 18:36:47.061 3912-3912/com.xgimi.windowsystem E/hzy: temperature
06-09 18:36:47.062 1867-1867/? I/tvos:  [WOW] Fan U Left FUN:<get_fan_status> line:212 |  Fan status is [0] ##### 
06-09 18:36:47.167 1867-1867/? I/tvos:  [WOW] Fan U Left FUN:<fan_ctrl_Auto> line:124 | not change,do not set pwm ,old:[42] cur:[42] 
06-09 18:36:47.167 1867-1867/? I/tvos:  [WOW] Fan U Right FUN:<get_fan_status> line:212 |  Fan status is [0] ##### 
06-09 18:36:47.232 3249-5632/fm.awa.liverpool W/GooglePlayServicesUtil: fm.awa.liverpool requires the Google Play Store, but it is missing.
06-09 18:36:47.232 3249-5632/fm.awa.liverpool W/GoogleApiManager: The service for g.h.c.i.c.d is not available: ConnectionResult{statusCode=SERVICE_INVALID, resolution=null, message=null}
06-09 18:36:47.234 2190-3010/system_process I/ActivityManager: START u0 {cmp=fm.awa.liverpool/fm.awa.tv.ui.main.MainActivity (has extras)} from uid 10065 on display 0
06-09 18:36:47.236 2190-2277/system_process W/TelecomManager: Telecom Service not found.
06-09 18:36:47.237 2190-2277/system_process W/TelecomManager: Telecom Service not found.
06-09 18:36:47.237 2190-2276/system_process E/PowerManagerService: STRSTR updatePowerStateLocked
06-09 18:36:47.238 2190-3010/system_process E/PowerManagerService: STRSTR updatePowerStateLocked
06-09 18:36:47.238 2190-2276/system_process D/xgimiDebug[938]: interceptKeyBeforeDispatching:key_Code:25, down:true, repeatCount:0
06-09 18:36:47.240 1867-1867/? I/tvos: xgimiMcu(callingPid 2190, clientPid 2190)
06-09 18:36:47.262 2190-2975/system_process I/ActivityManager: accel TR3) TaskRecord{6c7a09 #197 A=fm.awa.liverpool U=0 sz=2}
06-09 18:36:47.263 2190-2975/system_process I/ActivityManager: accel TR2) TaskRecord{138fd96 #179 A=cc.popin.aladdin.home U=0 sz=1}
06-09 18:36:47.263 2190-2975/system_process V/ActivityManager: unmatched pkg name=fm.awa.liverpool
06-09 18:36:47.272 2190-2497/system_process E/PowerManagerService: STRSTR updatePowerStateLocked
06-09 18:36:47.273 1867-1867/? I/tvos:  [WOW] Fan U Right FUN:<fan_ctrl_Auto> line:124 | not change,do not set pwm ,old:[42] cur:[42] 
06-09 18:36:47.274 3249-3323/fm.awa.liverpool E/FirebaseInstanceId: Google Play services missing or without correct permission.
06-09 18:36:47.275 2190-3000/system_process E/PowerManagerService: STRSTR updatePowerStateLocked
06-09 18:36:47.289 2446-2696/com.android.systemui I/vol.Events: writeEvent level_changed STREAM_MUSIC 14
06-09 18:36:47.290 2446-2696/com.android.systemui I/vol.Events: writeEvent active_stream_changed STREAM_MUSIC
06-09 18:36:47.293 2446-2446/com.android.systemui E/vol.VolumeDialog: stream:3
06-09 18:36:47.294 2190-2201/system_process E/PowerManagerService: STRSTR updatePowerStateLocked
06-09 18:36:47.296 2190-3000/system_process E/PowerManagerService: STRSTR updatePowerStateLocked
06-09 18:36:47.301 2446-2446/com.android.systemui I/vol.Events: writeEvent show_dialog volume_changed keyguard=false
06-09 18:36:47.316 1702-1815/? E/BufferQueueProducer: [VolumeDialog] connect(P): already connected (cur=1 req=1)
06-09 18:36:47.316 2446-3156/com.android.systemui D/mali_winsys: EGLint new_window_surface(egl_winsys_display*, void*, EGLSurface, EGLConfig, egl_winsys_surface**, egl_color_buffer_format*, EGLBoolean) returns 0x3000
06-09 18:36:47.363 2190-2276/system_process D/xgimiDebug[938]: interceptKeyBeforeDispatching:key_Code:0, down:true, repeatCount:0
06-09 18:36:47.365 2957-2999/com.xgimi.soundermodeservice D/SounderMode: [ (SounderModeService.java:101)#GetCurrentSoundMode ] 0
06-09 18:36:47.378 2190-3008/system_process E/PowerManagerService: STRSTR updatePowerStateLocked
06-09 18:36:47.379 3249-3323/fm.awa.liverpool E/FirebaseInstanceId: Google Play services missing or without correct permission.
06-09 18:36:47.381 2190-3000/system_process E/PowerManagerService: STRSTR updatePowerStateLocked
06-09 18:36:47.498 2190-2277/system_process W/TelecomManager: Telecom Service not found.
06-09 18:36:47.498 2190-2277/system_process W/TelecomManager: Telecom Service not found.
06-09 18:36:47.523 1867-1867/? I/tvos:  =====> [DMRL] Ear Phone GPIO is NULL 
06-09 18:36:47.575 2190-3010/system_process E/PowerManagerService: STRSTR updatePowerStateLocked
06-09 18:36:47.581 3249-3323/fm.awa.liverpool E/FirebaseInstanceId: Google Play services missing or without correct permission.
06-09 18:36:47.582 2190-3011/system_process E/PowerManagerService: STRSTR updatePowerStateLocked
06-09 18:36:47.651 2957-3181/com.xgimi.soundermodeservice D/SounderMode: [ (SounderModeService.java:101)#GetCurrentSoundMode ] 0
06-09 18:36:47.664 1702-2265/? E/BufferQueueProducer: [fm.awa.liverpool/fm.awa.tv.ui.main.MainActivity] connect(P): already connected (cur=1 req=1)
06-09 18:36:47.665 3249-5606/fm.awa.liverpool D/mali_winsys: EGLint new_window_surface(egl_winsys_display*, void*, EGLSurface, EGLConfig, egl_winsys_surface**, egl_color_buffer_format*, EGLBoolean) returns 0x3000
06-09 18:36:47.747 3249-3249/fm.awa.liverpool W/ViewRootImpl: Dropping event due to no window focus: KeyEvent { action=ACTION_DOWN, keyCode=KEYCODE_UNKNOWN, scanCode=88, metaState=0, flags=0x8, repeatCount=0, eventTime=1983449, downTime=1983449, deviceId=8, source=0x301 }
06-09 18:36:47.748 2190-2276/system_process D/xgimiDebug[938]: interceptKeyBeforeDispatching:key_Code:25, down:true, repeatCount:0
06-09 18:36:47.749 1867-1867/? I/tvos: xgimiMcu(callingPid 2190, clientPid 2190)
06-09 18:36:47.750 2190-2276/system_process D/xgimiDebug[938]: interceptKeyBeforeDispatching:key_Code:0, down:true, repeatCount:0
06-09 18:36:47.750 3249-3249/fm.awa.liverpool W/ViewRootImpl: Cancelling event due to no window focus: KeyEvent { action=ACTION_UP, keyCode=KEYCODE_UNKNOWN, scanCode=88, metaState=0, flags=0x28, repeatCount=0, eventTime=1983451, downTime=1983449, deviceId=8, source=0x301 }
06-09 18:36:47.750 3249-3249/fm.awa.liverpool W/ViewRootImpl: Cancelling event due to no window focus: KeyEvent { action=ACTION_UP, keyCode=KEYCODE_UNKNOWN, scanCode=88, metaState=0, flags=0x28, repeatCount=0, eventTime=1983451, downTime=1983449, deviceId=8, source=0x301 }
06-09 18:36:47.750 3249-3249/fm.awa.liverpool W/ViewRootImpl: Cancelling event due to no window focus: KeyEvent { action=ACTION_UP, keyCode=KEYCODE_UNKNOWN, scanCode=88, metaState=0, flags=0x28, repeatCount=0, eventTime=1983451, downTime=1983449, deviceId=8, source=0x301 }
06-09 18:36:47.750 3249-3249/fm.awa.liverpool W/ViewRootImpl: Cancelling event due to no window focus: KeyEvent { action=ACTION_UP, keyCode=KEYCODE_UNKNOWN, scanCode=88, metaState=0, flags=0x28, repeatCount=0, eventTime=1983451, downTime=1983449, deviceId=8, source=0x301 }
06-09 18:36:47.751 3249-3249/fm.awa.liverpool W/ViewRootImpl: Cancelling event due to no window focus: KeyEvent { action=ACTION_UP, keyCode=KEYCODE_UNKNOWN, scanCode=88, metaState=0, flags=0x28, repeatCount=0, eventTime=1983451, downTime=1983449, deviceId=8, source=0x301 }
06-09 18:36:47.751 3249-3249/fm.awa.liverpool W/ViewRootImpl: Cancelling event due to no window focus: KeyEvent { action=ACTION_UP, keyCode=KEYCODE_UNKNOWN, scanCode=88, metaState=0, flags=0x28, repeatCount=0, eventTime=1983451, downTime=1983449, deviceId=8, source=0x301 }
06-09 18:36:47.752 3249-3249/fm.awa.liverpool W/ViewRootImpl: Cancelling event due to no window focus: KeyEvent { action=ACTION_UP, keyCode=KEYCODE_UNKNOWN, scanCode=88, metaState=0, flags=0x228, repeatCount=0, eventTime=1983451, downTime=1983449, deviceId=8, source=0x301 }
06-09 18:36:47.752 3249-3249/fm.awa.liverpool W/ViewRootImpl: Cancelling event due to no window focus: KeyEvent { action=ACTION_UP, keyCode=KEYCODE_UNKNOWN, scanCode=88, metaState=0, flags=0x228, repeatCount=0, eventTime=1983451, downTime=1983449, deviceId=8, source=0x301 }
06-09 18:36:47.752 3249-3249/fm.awa.liverpool W/ViewRootImpl: Cancelling event due to no window focus: KeyEvent { action=ACTION_UP, keyCode=KEYCODE_UNKNOWN, scanCode=88, metaState=0, flags=0x228, repeatCount=0, eventTime=1983451, downTime=1983449, deviceId=8, source=0x301 }
06-09 18:36:47.753 2957-2984/com.xgimi.soundermodeservice D/SounderMode: [ (SounderModeService.java:101)#GetCurrentSoundMode ] 0
06-09 18:36:47.757 3249-3249/fm.awa.liverpool W/ViewRootImpl: Dropping event due to no window focus: KeyEvent { action=ACTION_DOWN, keyCode=KEYCODE_UNKNOWN, scanCode=88, metaState=0, flags=0x8, repeatCount=0, eventTime=1983700, downTime=1983700, deviceId=8, source=0x301 }
06-09 18:36:47.761 2957-3373/com.xgimi.soundermodeservice D/SounderMode: [ (SounderModeService.java:101)#GetCurrentSoundMode ] 0
06-09 18:36:47.795 3249-3249/fm.awa.liverpool W/ViewRootImpl: Cancelling event due to no window focus: KeyEvent { action=ACTION_UP, keyCode=KEYCODE_UNKNOWN, scanCode=88, metaState=0, flags=0x28, repeatCount=0, eventTime=1983701, downTime=1983700, deviceId=8, source=0x301 }
06-09 18:36:47.795 3249-3249/fm.awa.liverpool W/ViewRootImpl: Cancelling event due to no window focus: KeyEvent { action=ACTION_UP, keyCode=KEYCODE_UNKNOWN, scanCode=88, metaState=0, flags=0x28, repeatCount=0, eventTime=1983701, downTime=1983700, deviceId=8, source=0x301 }
06-09 18:36:47.795 3249-3249/fm.awa.liverpool W/ViewRootImpl: Cancelling event due to no window focus: KeyEvent { action=ACTION_UP, keyCode=KEYCODE_UNKNOWN, scanCode=88, metaState=0, flags=0x28, repeatCount=0, eventTime=1983701, downTime=1983700, deviceId=8, source=0x301 }
06-09 18:36:47.795 3249-3249/fm.awa.liverpool W/ViewRootImpl: Cancelling event due to no window focus: KeyEvent { action=ACTION_UP, keyCode=KEYCODE_UNKNOWN, scanCode=88, metaState=0, flags=0x28, repeatCount=0, eventTime=1983701, downTime=1983700, deviceId=8, source=0x301 }
06-09 18:36:47.796 3249-3249/fm.awa.liverpool W/ViewRootImpl: Cancelling event due to no window focus: KeyEvent { action=ACTION_UP, keyCode=KEYCODE_UNKNOWN, scanCode=88, metaState=0, flags=0x28, repeatCount=0, eventTime=1983701, downTime=1983700, deviceId=8, source=0x301 }
06-09 18:36:47.796 3249-3249/fm.awa.liverpool W/ViewRootImpl: Cancelling event due to no window focus: KeyEvent { action=ACTION_UP, keyCode=KEYCODE_UNKNOWN, scanCode=88, metaState=0, flags=0x28, repeatCount=0, eventTime=1983701, downTime=1983700, deviceId=8, source=0x301 }
06-09 18:36:47.797 3249-3249/fm.awa.liverpool W/ViewRootImpl: Cancelling event due to no window focus: KeyEvent { action=ACTION_UP, keyCode=KEYCODE_UNKNOWN, scanCode=88, metaState=0, flags=0x228, repeatCount=0, eventTime=1983701, downTime=1983700, deviceId=8, source=0x301 }
06-09 18:36:47.797 3249-3249/fm.awa.liverpool W/ViewRootImpl: Cancelling event due to no window focus: KeyEvent { action=ACTION_UP, keyCode=KEYCODE_UNKNOWN, scanCode=88, metaState=0, flags=0x228, repeatCount=0, eventTime=1983701, downTime=1983700, deviceId=8, source=0x301 }
06-09 18:36:47.797 3249-3249/fm.awa.liverpool W/ViewRootImpl: Cancelling event due to no window focus: KeyEvent { action=ACTION_UP, keyCode=KEYCODE_UNKNOWN, scanCode=88, metaState=0, flags=0x228, repeatCount=0, eventTime=1983701, downTime=1983700, deviceId=8, source=0x301 }
06-09 18:36:47.801 2446-2696/com.android.systemui I/vol.Events: writeEvent level_changed STREAM_MUSIC 12
06-09 18:36:47.803 2457-2457/com.mstar.tv.service I/TvService: -->update volume db = 12
06-09 18:36:47.805 2457-2457/com.mstar.tv.service I/DatabaseManager_JNI: setDatabaseDirtyByApplication
06-09 18:36:47.806 2457-2457/com.mstar.tv.service D/TvManager_JNI: setTvosCommonCommand
06-09 18:36:47.806 1867-1867/? I/tvos:  =========> DMRL Common Command Parse:com1:'mcuvolume' com2:'52'value:52 <========= 
06-09 18:36:47.838 2190-2499/system_process E/PowerManagerService: STRSTR updatePowerStateLocked
06-09 18:36:47.886 2190-2277/system_process W/TelecomManager: Telecom Service not found.
06-09 18:36:47.887 2190-2277/system_process W/TelecomManager: Telecom Service not found.
06-09 18:36:47.887 2190-2276/system_process E/PowerManagerService: STRSTR updatePowerStateLocked
06-09 18:36:47.888 2190-2276/system_process D/xgimiDebug[938]: interceptKeyBeforeDispatching:key_Code:25, down:true, repeatCount:0
06-09 18:36:47.888 1867-1867/? I/tvos: xgimiMcu(callingPid 2190, clientPid 2190)
06-09 18:36:47.939 2446-2696/com.android.systemui I/vol.Events: writeEvent level_changed STREAM_MUSIC 10
06-09 18:36:47.949 2190-2956/system_process E/PowerManagerService: STRSTR updatePowerStateLocked
06-09 18:36:47.958 2190-3006/system_process E/PowerManagerService: STRSTR updatePowerStateLocked
06-09 18:36:47.971 3249-3323/fm.awa.liverpool E/FirebaseInstanceId: Google Play services missing or without correct permission.
06-09 18:36:47.973 2190-2451/system_process E/PowerManagerService: STRSTR updatePowerStateLocked
06-09 18:36:48.010 2190-2276/system_process D/xgimiDebug[938]: interceptKeyBeforeDispatching:key_Code:0, down:true, repeatCount:0
06-09 18:36:48.011 2957-2999/com.xgimi.soundermodeservice D/SounderMode: [ (SounderModeService.java:101)#GetCurrentSoundMode ] 0
06-09 18:36:48.014 2957-3181/com.xgimi.soundermodeservice D/SounderMode: [ (SounderModeService.java:101)#GetCurrentSoundMode ] 0
06-09 18:36:48.030 1867-1867/? I/tvos:  =====> [DMRL] Ear Phone GPIO is NULL 
06-09 18:36:48.091 2190-2277/system_process W/TelecomManager: Telecom Service not found.
06-09 18:36:48.092 2190-2277/system_process W/TelecomManager: Telecom Service not found.
06-09 18:36:48.106 3494-3511/com.mstar.android.providers.tv E/TvUserSettingProvider: updating content://mstar.tv.usersetting/soundsetting, value = Volume=12
06-09 18:36:48.184 3249-3592/fm.awa.liverpool W/GoogleTagManager: Event does not have parameter "_sn" and no default value was defined. Returning "undefined".
06-09 18:36:48.212 2190-2956/system_process E/PowerManagerService: STRSTR updatePowerStateLocked
06-09 18:36:48.220 3249-3323/fm.awa.liverpool E/FirebaseInstanceId: Google Play services missing or without correct permission.
06-09 18:36:48.222 2190-3022/system_process E/PowerManagerService: STRSTR updatePowerStateLocked
06-09 18:36:48.314 2190-2202/system_process E/PowerManagerService: STRSTR updatePowerStateLocked
06-09 18:36:48.317 3249-3323/fm.awa.liverpool E/FirebaseInstanceId: Google Play services missing or without correct permission.
06-09 18:36:48.318 2457-2457/com.mstar.tv.service I/TvService: -->update volume db = 10
06-09 18:36:48.319 2190-2975/system_process E/PowerManagerService: STRSTR updatePowerStateLocked
06-09 18:36:48.320 2457-2457/com.mstar.tv.service I/DatabaseManager_JNI: setDatabaseDirtyByApplication
06-09 18:36:48.321 2457-2457/com.mstar.tv.service D/TvManager_JNI: setTvosCommonCommand
06-09 18:36:48.321 1867-1867/? I/tvos:  =========> DMRL Common Command Parse:com1:'mcuvolume' com2:'51'value:51 <========= 
06-09 18:36:48.336 2190-2277/system_process W/TelecomManager: Telecom Service not found.
06-09 18:36:48.336 2190-2277/system_process W/TelecomManager: Telecom Service not found.
06-09 18:36:48.389 2190-2201/system_process E/PowerManagerService: STRSTR updatePowerStateLocked
06-09 18:36:48.391 3249-3323/fm.awa.liverpool E/FirebaseInstanceId: Google Play services missing or without correct permission.
06-09 18:36:48.391 2190-3008/system_process E/PowerManagerService: STRSTR updatePowerStateLocked
06-09 18:36:48.487 2190-3000/system_process E/PowerManagerService: STRSTR updatePowerStateLocked
06-09 18:36:48.489 3249-3323/fm.awa.liverpool E/FirebaseInstanceId: Google Play services missing or without correct permission.
06-09 18:36:48.490 2190-2975/system_process E/PowerManagerService: STRSTR updatePowerStateLocked
06-09 18:36:48.526 1867-1867/? I/tvos:  =====> [DMRL] Ear Phone GPIO is NULL 
06-09 18:36:48.620 3494-3511/com.mstar.android.providers.tv E/TvUserSettingProvider: updating content://mstar.tv.usersetting/soundsetting, value = Volume=10
06-09 18:36:48.836 2486-2523/com.xgimi.xgimiservice D/TvManager_JNI: getGpioDeviceStatus
06-09 18:36:48.836 2486-2523/com.xgimi.xgimiservice D/RTCDetect: The RTC shutdown signal status is : 1
06-09 18:36:48.921 2486-2520/com.xgimi.xgimiservice D/TvManager_JNI: getFrcVersion
06-09 18:36:48.921 1718-2233/? V/3D: Func: GetCurrent3DFormat()
06-09 18:36:48.921 1718-2233/? V/3D: Func: GetCurrent3DFormat() : return current3d=0
06-09 18:36:48.948 2190-2277/system_process W/TelecomManager: Telecom Service not found.
06-09 18:36:48.948 2190-2277/system_process W/TelecomManager: Telecom Service not found.
06-09 18:36:48.967 2190-2209/system_process I/ActivityManager: Displayed fm.awa.liverpool/fm.awa.tv.ui.main.MainActivity: +1s713ms
06-09 18:36:49.039 3249-3249/fm.awa.liverpool I/Choreographer: Skipped 63 frames!  The application may be doing too much work on its main thread.
06-09 18:36:49.131 1867-1867/? I/tvos: [SerialDebug] XgimiManagerService commonNotify:7,42,temperature
06-09 18:36:49.131 3912-3912/com.xgimi.windowsystem E/hzy: temperature
06-09 18:36:49.133 1867-1867/? I/tvos:  [WOW] Fan U Left FUN:<get_fan_status> line:212 |  Fan status is [0] ##### 
06-09 18:36:49.171 2190-2276/system_process D/xgimiDebug[938]: interceptKeyBeforeDispatching:key_Code:25, down:true, repeatCount:0
06-09 18:36:49.172 1867-1867/? I/tvos: xgimiMcu(callingPid 2190, clientPid 2190)
06-09 18:36:49.173 2190-2276/system_process D/xgimiDebug[938]: interceptKeyBeforeDispatching:key_Code:0, down:true, repeatCount:0
06-09 18:36:49.175 2957-3373/com.xgimi.soundermodeservice D/SounderMode: [ (SounderModeService.java:101)#GetCurrentSoundMode ] 0
06-09 18:36:49.184 2446-2696/com.android.systemui I/vol.Events: writeEvent level_changed STREAM_BLUETOOTH_SCO 1
06-09 18:36:49.193 2190-3029/system_process E/PowerManagerService: STRSTR updatePowerStateLocked
06-09 18:36:49.200 2446-2696/com.android.systemui I/vol.Events: writeEvent level_changed STREAM_MUSIC 8
06-09 18:36:49.213 2190-2975/system_process E/PowerManagerService: STRSTR updatePowerStateLocked
06-09 18:36:49.237 1867-1867/? I/tvos:  [WOW] Fan U Left FUN:<fan_ctrl_Auto> line:124 | not change,do not set pwm ,old:[42] cur:[42] 
06-09 18:36:49.237 1867-1867/? I/tvos:  [WOW] Fan U Right FUN:<get_fan_status> line:212 |  Fan status is [0] ##### 
06-09 18:36:49.340 1867-1867/? I/tvos:  [WOW] Fan U Right FUN:<fan_ctrl_Auto> line:124 | not change,do not set pwm ,old:[42] cur:[42] 
06-09 18:36:49.360 2190-2277/system_process W/TelecomManager: Telecom Service not found.
06-09 18:36:49.360 2190-2277/system_process W/TelecomManager: Telecom Service not found.
06-09 18:36:49.435 2190-2263/system_process E/PowerManagerService: STRSTR updatePowerStateLocked
06-09 18:36:49.442 2985-2985/cc.popin.aladdin.home W/ContextImpl: Calling a method in the system process without a qualified user: android.app.ContextImpl.bindService:1285 android.content.ContextWrapper.bindService:604 cc.popin.aladdin.home.i.b.r:3 cc.popin.aladdin.home.i.b.c:5 cc.popin.aladdin.home.viewmodel.HomeViewModel.d:1 
06-09 18:36:49.456 2190-2975/system_process I/ActivityManager: Start proc 7680:cc.popin.aladdin.home:DLService/1000 for service cc.popin.aladdin.home/cc.popin.aladdin.service.DLService
06-09 18:36:49.458 2190-2190/system_process E/PowerManagerService: STRSTR updatePowerStateLocked
06-09 18:36:49.544 7680-7680/cc.popin.aladdin.home:DLService I/MultiDex: VM with version 2.1.0 has multidex support
06-09 18:36:49.544 7680-7680/cc.popin.aladdin.home:DLService I/MultiDex: Installing application
06-09 18:36:49.544 7680-7680/cc.popin.aladdin.home:DLService I/MultiDex: VM has multidex support, MultiDex support library is disabled.
06-09 18:36:49.554 7680-7680/cc.popin.aladdin.home:DLService W/ContextImpl: Calling a method in the system process without a qualified user: android.app.ContextImpl.bindService:1285 android.content.ContextWrapper.bindService:604 com.xgimi.xgimiopenapi.clients.BaseProjector.registerAIDLService:3 com.xgimi.xgimiopenapi.clients.BaseProjector.<init>:4 com.xgimi.xgimiopenapi.clients.Aladdin.<init>:1 
06-09 18:36:49.581 7680-7680/cc.popin.aladdin.home:DLService I/BluetoothAdapter: register  PID = 7680 TID = 7680
06-09 18:36:49.582 2190-2208/system_process D/BluetoothManagerService: Added callback: android.bluetooth.IBluetoothManagerCallback$Stub$Proxy@6fdb207:true
06-09 18:36:49.591 1867-1867/? I/tvos:  =====> [DMRL] Ear Phone GPIO is NULL 
06-09 18:36:49.615 7680-7680/cc.popin.aladdin.home:DLService I/org.libsodium.jni.a: librarypath=/vendor/lib:/system/lib
06-09 18:36:49.626 7680-7696/cc.popin.aladdin.home:DLService I/GlobalProperties: LOG:GlobalEntity{country='JP'}
06-09 18:36:49.627 7680-7696/cc.popin.aladdin.home:DLService W/System.err: java.io.FileNotFoundException: app_config_JP.json
06-09 18:36:49.628 7680-7696/cc.popin.aladdin.home:DLService W/System.err:     at android.content.res.AssetManager.openAsset(Native Method)
06-09 18:36:49.628 7680-7696/cc.popin.aladdin.home:DLService W/System.err:     at android.content.res.AssetManager.open(AssetManager.java:313)
06-09 18:36:49.628 7680-7696/cc.popin.aladdin.home:DLService W/System.err:     at android.content.res.AssetManager.open(AssetManager.java:287)
06-09 18:36:49.628 7680-7696/cc.popin.aladdin.home:DLService W/System.err:     at cc.popin.aladdin.settings.I18N.a.n(I18NResourceMgr.java:1)
06-09 18:36:49.629 7680-7696/cc.popin.aladdin.home:DLService W/System.err:     at cc.popin.aladdin.settings.I18N.a.o(I18NResourceMgr.java:2)
06-09 18:36:49.629 7680-7696/cc.popin.aladdin.home:DLService W/System.err:     at cc.popin.aladdin.core.AladdinApp.w(AladdinApp.java:2)
06-09 18:36:49.629 7680-7696/cc.popin.aladdin.home:DLService W/System.err:     at cc.popin.aladdin.core.a.run(lambda)
06-09 18:36:49.629 7680-7696/cc.popin.aladdin.home:DLService W/System.err:     at a.a.a.c.d.a.run(WorkerRunnable.java:3)
06-09 18:36:49.629 7680-7696/cc.popin.aladdin.home:DLService W/System.err:     at java.util.concurrent.ThreadPoolExecutor.runWorker(ThreadPoolExecutor.java:1113)
06-09 18:36:49.629 7680-7696/cc.popin.aladdin.home:DLService W/System.err:     at java.util.concurrent.ThreadPoolExecutor$Worker.run(ThreadPoolExecutor.java:588)
06-09 18:36:49.629 7680-7696/cc.popin.aladdin.home:DLService W/System.err:     at java.lang.Thread.run(Thread.java:818)
06-09 18:36:49.650 7680-7680/cc.popin.aladdin.home:DLService I/XGIMI_OPEN_API: mAIDL connected,iBinder:android.os.BinderProxy@6128c88
06-09 18:36:49.705 2457-2457/com.mstar.tv.service I/TvService: -->update volume db = 8
06-09 18:36:49.707 2457-2457/com.mstar.tv.service I/DatabaseManager_JNI: setDatabaseDirtyByApplication
06-09 18:36:49.708 2457-2457/com.mstar.tv.service D/TvManager_JNI: setTvosCommonCommand
06-09 18:36:49.708 1867-1867/? I/tvos:  =========> DMRL Common Command Parse:com1:'mcuvolume' com2:'51'value:51 <========= 
06-09 18:36:50.001 2957-3372/com.xgimi.soundermodeservice D/SounderMode: [ (SounderModeService.java:101)#GetCurrentSoundMode ] 0
06-09 18:36:50.003 2190-2276/system_process D/xgimiDebug[938]: interceptKeyBeforeDispatching:key_Code:25, down:true, repeatCount:0
06-09 18:36:50.004 1867-1867/? I/tvos: xgimiMcu(callingPid 2190, clientPid 2190)
06-09 18:36:50.005 2190-2276/system_process D/xgimiDebug[938]: interceptKeyBeforeDispatching:key_Code:0, down:true, repeatCount:0
06-09 18:36:50.005 3249-3249/fm.awa.liverpool I/Choreographer: Skipped 48 frames!  The application may be doing too much work on its main thread.
06-09 18:36:50.005 2957-2999/com.xgimi.soundermodeservice D/SounderMode: [ (SounderModeService.java:101)#GetCurrentSoundMode ] 0
06-09 18:36:50.007 2957-3181/com.xgimi.soundermodeservice D/SounderMode: [ (SounderModeService.java:101)#GetCurrentSoundMode ] 0
06-09 18:36:50.007 3494-3511/com.mstar.android.providers.tv E/TvUserSettingProvider: updating content://mstar.tv.usersetting/soundsetting, value = Volume=8
06-09 18:36:50.020 2446-2696/com.android.systemui I/vol.Events: writeEvent level_changed STREAM_ALARM 0
06-09 18:36:50.022 2446-2696/com.android.systemui I/vol.Events: writeEvent level_changed STREAM_RING 0
06-09 18:36:50.033 2446-2696/com.android.systemui I/vol.Events: writeEvent level_changed STREAM_SYSTEM 0
06-09 18:36:50.040 2190-2277/system_process W/TelecomManager: Telecom Service not found.
06-09 18:36:50.040 2190-2277/system_process W/TelecomManager: Telecom Service not found.
06-09 18:36:50.041 2446-2696/com.android.systemui I/vol.Events: writeEvent level_changed STREAM_MUSIC 6
06-09 18:36:50.065 2190-2497/system_process E/PowerManagerService: STRSTR updatePowerStateLocked
06-09 18:36:50.092 1867-1867/? I/tvos:  =====> [DMRL] Ear Phone GPIO is NULL 
06-09 18:36:50.442 2190-2276/system_process D/xgimiDebug[938]: interceptKeyBeforeDispatching:key_Code:25, down:true, repeatCount:0
06-09 18:36:50.444 1867-1867/? I/tvos: xgimiMcu(callingPid 2190, clientPid 2190)
06-09 18:36:50.444 2190-2276/system_process D/xgimiDebug[938]: interceptKeyBeforeDispatching:key_Code:0, down:true, repeatCount:0
06-09 18:36:50.446 2957-2984/com.xgimi.soundermodeservice D/SounderMode: [ (SounderModeService.java:101)#GetCurrentSoundMode ] 0
06-09 18:36:50.465 2446-2696/com.android.systemui I/vol.Events: writeEvent level_changed STREAM_MUSIC 4
06-09 18:36:50.479 2190-3029/system_process E/PowerManagerService: STRSTR updatePowerStateLocked
06-09 18:36:50.551 2457-2457/com.mstar.tv.service I/TvService: -->update volume db = 4
06-09 18:36:50.552 2457-2457/com.mstar.tv.service I/DatabaseManager_JNI: setDatabaseDirtyByApplication
06-09 18:36:50.552 2457-2457/com.mstar.tv.service D/TvManager_JNI: setTvosCommonCommand
06-09 18:36:50.553 1867-1867/? I/tvos:  =========> DMRL Common Command Parse:com1:'mcuvolume' com2:'50'value:50 <========= 
06-09 18:36:50.669 2190-2323/system_process D/WifiStateMachine: L2Connected CMD_START_SCAN source -2 102, 103 ignore when user is not setting wifi UI, because wifi sta is connected
06-09 18:36:50.695 2957-3373/com.xgimi.soundermodeservice D/SounderMode: [ (SounderModeService.java:101)#GetCurrentSoundMode ] 0
06-09 18:36:50.697 2190-2276/system_process D/xgimiDebug[938]: interceptKeyBeforeDispatching:key_Code:25, down:true, repeatCount:0
06-09 18:36:50.697 1867-1867/? I/tvos: xgimiMcu(callingPid 2190, clientPid 2190)
06-09 18:36:50.698 2190-2276/system_process D/xgimiDebug[938]: interceptKeyBeforeDispatching:key_Code:0, down:true, repeatCount:0
06-09 18:36:50.700 2957-3372/com.xgimi.soundermodeservice D/SounderMode: [ (SounderModeService.java:101)#GetCurrentSoundMode ] 0
06-09 18:36:50.709 2763-2831/com.android.bluetooth D/bt_btif_gattc: btif_gattc_update_properties BLE device name=HONOR Band 5-BAA len=16 dev_type=2
06-09 18:36:50.716 2190-2501/system_process E/PowerManagerService: STRSTR updatePowerStateLocked
06-09 18:36:50.721 2957-2999/com.xgimi.soundermodeservice D/SounderMode: [ (SounderModeService.java:101)#GetCurrentSoundMode ] 0
06-09 18:36:50.738 2924-2924/com.xgimi.bluetoothservice D/xgimi_bluetooth_BroadcastReceiver: AAAAAAAAAAAAAAAAAAAAAAAAAAAAAAAAAAA  action::android.bluetooth.device.action.NAME_CHANGED
06-09 18:36:50.748 2190-2276/system_process D/xgimiDebug[938]: interceptKeyBeforeDispatching:key_Code:25, down:true, repeatCount:0
06-09 18:36:50.749 1867-1867/? I/tvos: xgimiMcu(callingPid 2190, clientPid 2190)
06-09 18:36:50.750 2190-2276/system_process D/xgimiDebug[938]: interceptKeyBeforeDispatching:key_Code:0, down:true, repeatCount:0
06-09 18:36:50.751 2957-3181/com.xgimi.soundermodeservice D/SounderMode: [ (SounderModeService.java:101)#GetCurrentSoundMode ] 0
06-09 18:36:50.767 2924-2924/com.xgimi.bluetoothservice I/xgimi_bluetooth_MBluetoothManager: can't find cachedDevice
06-09 18:36:50.770 2446-2696/com.android.systemui I/vol.Events: writeEvent level_changed STREAM_MUSIC 2
06-09 18:36:50.779 2190-2497/system_process E/PowerManagerService: STRSTR updatePowerStateLocked
06-09 18:36:50.788 2957-2984/com.xgimi.soundermodeservice D/SounderMode: [ (SounderModeService.java:101)#GetCurrentSoundMode ] 0
06-09 18:36:50.812 2190-2499/system_process E/PowerManagerService: STRSTR updatePowerStateLocked
06-09 18:36:50.817 2446-2696/com.android.systemui I/vol.Events: writeEvent level_changed STREAM_MUSIC 0
06-09 18:36:50.831 2190-3024/system_process E/PowerManagerService: STRSTR updatePowerStateLocked
06-09 18:36:50.842 1867-1867/? I/tvos:  =====> [DMRL] Ear Phone GPIO is NULL 
06-09 18:36:50.854 3494-3511/com.mstar.android.providers.tv E/TvUserSettingProvider: updating content://mstar.tv.usersetting/soundsetting, value = Volume=4
06-09 18:36:50.973 2457-2457/com.mstar.tv.service I/TvService: -->update volume db = 0
06-09 18:36:50.975 2457-2457/com.mstar.tv.service I/DatabaseManager_JNI: setDatabaseDirtyByApplication
06-09 18:36:50.976 2457-2457/com.mstar.tv.service D/TvManager_JNI: setTvosCommonCommand
06-09 18:36:50.978 1867-1867/? I/tvos:  =========> DMRL Common Command Parse:com1:'mcuvolume' com2:'50'value:50 <========= 
06-09 18:36:51.158 1867-1867/? I/tvos: [INFO] Change to Voltage: 1000 mV (0x21)
06-09 18:36:51.195 1867-1867/? I/tvos: [SerialDebug] XgimiManagerService commonNotify:7,42,temperature
06-09 18:36:51.197 3912-3912/com.xgimi.windowsystem E/hzy: temperature
06-09 18:36:51.198 1867-1867/? I/tvos:  [WOW] Fan U Left FUN:<get_fan_status> line:212 |  Fan status is [0] ##### 
06-09 18:36:51.275 3494-3511/com.mstar.android.providers.tv E/TvUserSettingProvider: updating content://mstar.tv.usersetting/soundsetting, value = Volume=0
06-09 18:36:51.301 1867-1867/? I/tvos:  [WOW] Fan U Left FUN:<fan_ctrl_Auto> line:124 | not change,do not set pwm ,old:[42] cur:[42] 
06-09 18:36:51.301 1867-1867/? I/tvos:  [WOW] Fan U Right FUN:<get_fan_status> line:212 |  Fan status is [0] ##### 
06-09 18:36:51.403 1867-1867/? I/tvos:  [WOW] Fan U Right FUN:<fan_ctrl_Auto> line:124 | not change,do not set pwm ,old:[42] cur:[42] 
06-09 18:36:51.653 1867-1867/? I/tvos:  =====> [DMRL] Ear Phone GPIO is NULL 
06-09 18:36:51.744 2190-2956/system_process E/PowerManagerService: STRSTR updatePowerStateLocked
06-09 18:36:51.860 2190-2277/system_process W/TelecomManager: Telecom Service not found.
06-09 18:36:51.861 2190-2277/system_process W/TelecomManager: Telecom Service not found.
06-09 18:36:51.861 2190-2276/system_process E/PowerManagerService: STRSTR updatePowerStateLocked
06-09 18:36:51.861 2190-2276/system_process D/xgimiDebug[938]: interceptKeyBeforeDispatching:key_Code:24, down:true, repeatCount:0
06-09 18:36:51.865 1867-1867/? I/tvos: xgimiMcu(callingPid 2190, clientPid 2190)
06-09 18:36:51.868 1867-1867/? I/tvos: [INFO] Change to Voltage: 1150 mV (0x30)
06-09 18:36:51.881 2446-2696/com.android.systemui I/vol.Events: writeEvent level_changed STREAM_MUSIC 2
06-09 18:36:51.883 2190-3008/system_process E/PowerManagerService: STRSTR updatePowerStateLocked
06-09 18:36:51.974 2190-2276/system_process D/xgimiDebug[938]: interceptKeyBeforeDispatching:key_Code:0, down:true, repeatCount:0
06-09 18:36:51.974 2957-3372/com.xgimi.soundermodeservice D/SounderMode: [ (SounderModeService.java:101)#GetCurrentSoundMode ] 0
06-09 18:36:51.975 2957-2999/com.xgimi.soundermodeservice D/SounderMode: [ (SounderModeService.java:101)#GetCurrentSoundMode ] 0
06-09 18:36:52.154 1867-1867/? I/tvos:  =====> [DMRL] Ear Phone GPIO is NULL 
06-09 18:36:52.196 2190-2975/system_process E/PowerManagerService: STRSTR updatePowerStateLocked
06-09 18:36:52.285 2190-2277/system_process W/TelecomManager: Telecom Service not found.
06-09 18:36:52.285 2190-2277/system_process W/TelecomManager: Telecom Service not found.
06-09 18:36:52.286 2190-2276/system_process D/xgimiDebug[938]: interceptKeyBeforeDispatching:key_Code:24, down:true, repeatCount:0
06-09 18:36:52.289 1867-1867/? I/tvos: xgimiMcu(callingPid 2190, clientPid 2190)
06-09 18:36:52.303 2190-3008/system_process E/PowerManagerService: STRSTR updatePowerStateLocked
06-09 18:36:52.306 2446-2696/com.android.systemui I/vol.Events: writeEvent level_changed STREAM_MUSIC 4
06-09 18:36:52.314 2190-3024/system_process E/PowerManagerService: STRSTR updatePowerStateLocked
06-09 18:36:52.385 2457-2457/com.mstar.tv.service I/TvService: -->update volume db = 4
06-09 18:36:52.386 2457-2457/com.mstar.tv.service I/DatabaseManager_JNI: setDatabaseDirtyByApplication
06-09 18:36:52.387 2457-2457/com.mstar.tv.service D/TvManager_JNI: setTvosCommonCommand
06-09 18:36:52.388 1867-1867/? I/tvos:  =========> DMRL Common Command Parse:com1:'mcuvolume' com2:'50'value:50 <========= 
06-09 18:36:52.460 2190-2276/system_process E/PowerManagerService: STRSTR updatePowerStateLocked
06-09 18:36:52.461 2190-2276/system_process D/xgimiDebug[938]: interceptKeyBeforeDispatching:key_Code:0, down:true, repeatCount:0
06-09 18:36:52.462 2957-3181/com.xgimi.soundermodeservice D/SounderMode: [ (SounderModeService.java:101)#GetCurrentSoundMode ] 0
06-09 18:36:52.473 2957-2984/com.xgimi.soundermodeservice D/SounderMode: [ (SounderModeService.java:101)#GetCurrentSoundMode ] 0
06-09 18:36:52.654 1867-1867/? I/tvos:  =====> [DMRL] Ear Phone GPIO is NULL 
06-09 18:36:52.686 3494-3511/com.mstar.android.providers.tv E/TvUserSettingProvider: updating content://mstar.tv.usersetting/soundsetting, value = Volume=4
06-09 18:36:52.965 2950-3103/com.xgimi.filemanager E/DeviceLoadService: CHECKMOUNTSTATUS>>>>>>>>>>>>>>>>>>>>>>>>>>>>>>false
06-09 18:36:52.968 2950-3103/com.xgimi.filemanager E/FindLocalDevice: path>>>>>>>>>>>:/storage/emulated/0state:mounted
06-09 18:36:52.968 2950-3103/com.xgimi.filemanager E/DeviceLoadService: mountPath/storage/emulated/0
06-09 18:36:52.968 2950-3103/com.xgimi.filemanager I/JClass: --------------12205936
06-09 18:36:52.968 2950-3103/com.xgimi.filemanager I/mOpenCounter: openDatabase mOpenCounter=211
06-09 18:36:52.969 2950-3103/com.xgimi.filemanager E/DeviceLoadService: checkMountPathExisttrue
06-09 18:36:52.969 2950-3103/com.xgimi.filemanager I/JClass: --------------12205936
06-09 18:36:52.969 2950-3103/com.xgimi.filemanager I/mOpenCounter: openDatabase mOpenCounter=212
06-09 18:36:52.970 2950-3103/com.xgimi.filemanager E/DeviceLoadService: usb/storage/emulated/0
06-09 18:36:52.970 2950-3103/com.xgimi.filemanager E/DeviceLoadService: notifyCheckChanged>>>>>>>>>>>>>>>>>>>>>>
06-09 18:36:52.973 2190-2277/system_process W/TelecomManager: Telecom Service not found.
06-09 18:36:52.973 2190-2277/system_process W/TelecomManager: Telecom Service not found.
06-09 18:36:52.973 2190-2276/system_process E/PowerManagerService: STRSTR updatePowerStateLocked
06-09 18:36:52.973 2190-2276/system_process D/xgimiDebug[938]: interceptKeyBeforeDispatching:key_Code:24, down:true, repeatCount:0
06-09 18:36:52.974 1867-1867/? I/tvos: xgimiMcu(callingPid 2190, clientPid 2190)
06-09 18:36:52.992 2446-2696/com.android.systemui I/vol.Events: writeEvent level_changed STREAM_MUSIC 6
06-09 18:36:52.993 2190-2975/system_process E/PowerManagerService: STRSTR updatePowerStateLocked
06-09 18:36:53.023 2190-2263/system_process E/PowerManagerService: STRSTR updatePowerStateLocked
06-09 18:36:53.025 3383-3383/cc.popin.aladdin.home:mqtt D/AlarmPingSender: Sending Ping at:1623231413025
06-09 18:36:53.026 2190-3011/system_process E/PowerManagerService: STRSTR updatePowerStateLocked
06-09 18:36:53.027 3383-3383/cc.popin.aladdin.home:mqtt D/AlarmPingSender: Schedule next alarm at 1623231423027
06-09 18:36:53.027 3383-3383/cc.popin.aladdin.home:mqtt D/AlarmPingSender: Alarm scheule using setExactAndAllowWhileIdle, next: 10000
06-09 18:36:53.029 2190-2190/system_process E/PowerManagerService: STRSTR updatePowerStateLocked
06-09 18:36:53.116 3383-4533/cc.popin.aladdin.home:mqtt D/AlarmPingSender: Success. Release lock(MqttService.client.3a069860-571e-3666-855e-97164f4ee2d0):1623231413116
06-09 18:36:53.117 2190-2501/system_process E/PowerManagerService: STRSTR updatePowerStateLocked
06-09 18:36:53.148 2190-2276/system_process D/xgimiDebug[938]: interceptKeyBeforeDispatching:key_Code:0, down:true, repeatCount:0
06-09 18:36:53.149 2957-3373/com.xgimi.soundermodeservice D/SounderMode: [ (SounderModeService.java:101)#GetCurrentSoundMode ] 0
06-09 18:36:53.150 2957-3372/com.xgimi.soundermodeservice D/SounderMode: [ (SounderModeService.java:101)#GetCurrentSoundMode ] 0
06-09 18:36:53.256 1867-1867/? I/tvos: [SerialDebug] XgimiManagerService commonNotify:7,42,temperature
06-09 18:36:53.257 3912-3912/com.xgimi.windowsystem E/hzy: temperature
06-09 18:36:53.257 1867-1867/? I/tvos:  [WOW] Fan U Left FUN:<get_fan_status> line:212 |  Fan status is [0] ##### 
06-09 18:36:53.269 2763-2831/com.android.bluetooth D/bt_btif_gattc: btif_gattc_update_properties BLE device name=XiaoduPods-1A84 len=16 dev_type=3
06-09 18:36:53.271 2190-2202/system_process E/PowerManagerService: STRSTR updatePowerStateLocked
06-09 18:36:53.274 2924-2924/com.xgimi.bluetoothservice D/xgimi_bluetooth_BroadcastReceiver: AAAAAAAAAAAAAAAAAAAAAAAAAAAAAAAAAAA  action::android.bluetooth.device.action.NAME_CHANGED
06-09 18:36:53.279 2924-2924/com.xgimi.bluetoothservice I/xgimi_bluetooth_MBluetoothManager: can't find cachedDevice
06-09 18:36:53.360 1867-1867/? I/tvos:  [WOW] Fan U Left FUN:<fan_ctrl_Auto> line:124 | not change,do not set pwm ,old:[42] cur:[42] 
06-09 18:36:53.360 1867-1867/? I/tvos:  [WOW] Fan U Right FUN:<get_fan_status> line:212 |  Fan status is [0] ##### 
06-09 18:36:53.462 1867-1867/? I/tvos:  [WOW] Fan U Right FUN:<fan_ctrl_Auto> line:124 | not change,do not set pwm ,old:[42] cur:[42] 
06-09 18:36:53.498 2457-2457/com.mstar.tv.service I/TvService: -->update volume db = 6
06-09 18:36:53.499 2457-2457/com.mstar.tv.service I/DatabaseManager_JNI: setDatabaseDirtyByApplication
06-09 18:36:53.502 2457-2457/com.mstar.tv.service D/TvManager_JNI: setTvosCommonCommand
06-09 18:36:53.503 1867-1867/? I/tvos:  =========> DMRL Common Command Parse:com1:'mcuvolume' com2:'51'value:51 <========= 
06-09 18:36:53.648 2190-2276/system_process E/PowerManagerService: STRSTR updatePowerStateLocked
06-09 18:36:53.648 2190-2276/system_process D/xgimiDebug[938]: interceptKeyBeforeDispatching:key_Code:3, down:true, repeatCount:0
06-09 18:36:53.648 2957-3181/com.xgimi.soundermodeservice D/SounderMode: [ (SounderModeService.java:101)#GetCurrentSoundMode ] 0
06-09 18:36:53.712 1867-1867/? I/tvos:  =====> [DMRL] Ear Phone GPIO is NULL 
06-09 18:36:53.798 3494-3511/com.mstar.android.providers.tv E/TvUserSettingProvider: updating content://mstar.tv.usersetting/soundsetting, value = Volume=6
06-09 18:36:53.823 2957-2984/com.xgimi.soundermodeservice D/SounderMode: [ (SounderModeService.java:101)#GetCurrentSoundMode ] 0
06-09 18:36:53.824 2190-2276/system_process W/TelecomManager: Telecom Service not found.
06-09 18:36:53.827 2190-2276/system_process E/PowerManagerService: STRSTR updatePowerStateLocked
06-09 18:36:53.828 2985-2985/cc.popin.aladdin.home I/HomeReceiver: onReceive: action android.intent.action.CLOSE_SYSTEM_DIALOGS
06-09 18:36:53.828 2985-2985/cc.popin.aladdin.home I/HomeReceiver: onReceive: reason homekey
06-09 18:36:53.828 2190-2276/system_process I/ActivityManager: START u0 {act=android.intent.action.MAIN cat=[android.intent.category.HOME] flg=0x10200000 cmp=cc.popin.aladdin.home/cc.popin.aladdin.splash.ui.SplashActivity (has extras)} from uid 1000 on display 0
06-09 18:36:53.828 2446-2446/com.android.systemui I/vol.Events: writeEvent dismiss_dialog volume_controller
06-09 18:36:53.835 2446-2696/com.android.systemui I/vol.Events: writeEvent active_stream_changed UNKNOWN_STREAM_-1
06-09 18:36:53.837 2486-2523/com.xgimi.xgimiservice D/TvManager_JNI: getGpioDeviceStatus
06-09 18:36:53.842 2486-2523/com.xgimi.xgimiservice D/RTCDetect: The RTC shutdown signal status is : 1
06-09 18:36:53.843 1702-1702/? D/SurfaceFlinger: [capture screen]:maxLayerZ = 21015
06-09 18:36:53.853 1702-1702/? D/SurfaceFlinger: captureScreen: end ret =0
06-09 18:36:53.862 2190-2276/system_process E/PowerManagerService: STRSTR updatePowerStateLocked
06-09 18:36:53.868 2190-2276/system_process D/xgimiDebug[938]: interceptKeyBeforeDispatching:key_Code:0, down:true, repeatCount:0
06-09 18:36:53.870 2957-3373/com.xgimi.soundermodeservice D/SounderMode: [ (SounderModeService.java:101)#GetCurrentSoundMode ] 0
06-09 18:36:53.884 2190-3022/system_process I/ActivityManager: TR3) TaskRecord{138fd96 #179 A=cc.popin.aladdin.home U=0 sz=1}
06-09 18:36:53.884 2190-3022/system_process I/ActivityManager: TR2) TaskRecord{6c7a09 #197 A=fm.awa.liverpool U=0 sz=1}
06-09 18:36:53.921 2486-2520/com.xgimi.xgimiservice D/TvManager_JNI: getFrcVersion
06-09 18:36:53.921 1718-4642/? V/3D: Func: GetCurrent3DFormat()
06-09 18:36:53.922 1718-4642/? V/3D: Func: GetCurrent3DFormat() : return current3d=0
06-09 18:36:53.968 2190-3022/system_process I/ActivityManager: accel TR3) TaskRecord{138fd96 #179 A=cc.popin.aladdin.home U=0 sz=1}
06-09 18:36:53.968 2190-3022/system_process I/ActivityManager: accel TR2) TaskRecord{6c7a09 #197 A=fm.awa.liverpool U=0 sz=1}
06-09 18:36:54.037 2985-2985/cc.popin.aladdin.home E/SplashActivity: onResume
06-09 18:36:54.076 2957-3372/com.xgimi.soundermodeservice D/SounderMode: [ (SounderModeService.java:101)#GetCurrentSoundMode ] 0
06-09 18:36:54.084 1702-1813/? E/BufferQueueProducer: [cc.popin.aladdin.home/cc.popin.aladdin.splash.ui.SplashActivity] connect(P): already connected (cur=1 req=1)
06-09 18:36:54.086 2985-3336/cc.popin.aladdin.home D/mali_winsys: EGLint new_window_surface(egl_winsys_display*, void*, EGLSurface, EGLConfig, egl_winsys_surface**, egl_color_buffer_format*, EGLBoolean) returns 0x3000
06-09 18:36:54.091 2985-7468/cc.popin.aladdin.home W/ContextImpl: Calling a method in the system process without a qualified user: android.app.ContextImpl.bindService:1285 android.content.ContextWrapper.bindService:604 com.google.android.gms.common.stats.a.d:4 com.google.android.gms.common.stats.a.a:1 com.google.android.gms.measurement.internal.q8.e:10 
06-09 18:36:54.093 2190-3029/system_process W/ResourceType: Invalid package identifier when getting bag for resource number 0xffffffff
06-09 18:36:54.095 2985-2985/cc.popin.aladdin.home W/ViewRootImpl: Dropping event due to no window focus: KeyEvent { action=ACTION_DOWN, keyCode=KEYCODE_UNKNOWN, scanCode=88, metaState=0, flags=0x8, repeatCount=0, eventTime=1989912, downTime=1989912, deviceId=8, source=0x301 }
06-09 18:36:54.097 2190-2501/system_process E/PowerManagerService: STRSTR updatePowerStateLocked
06-09 18:36:54.099 3249-3323/fm.awa.liverpool E/FirebaseInstanceId: Google Play services missing or without correct permission.
06-09 18:36:54.099 2190-2202/system_process E/PowerManagerService: STRSTR updatePowerStateLocked
06-09 18:36:54.100 2985-2985/cc.popin.aladdin.home W/ViewRootImpl: Cancelling event due to no window focus: KeyEvent { action=ACTION_UP, keyCode=KEYCODE_UNKNOWN, scanCode=88, metaState=0, flags=0x28, repeatCount=0, eventTime=1989913, downTime=1989912, deviceId=8, source=0x301 }
06-09 18:36:54.100 2985-2985/cc.popin.aladdin.home W/ViewRootImpl: Cancelling event due to no window focus: KeyEvent { action=ACTION_UP, keyCode=KEYCODE_UNKNOWN, scanCode=88, metaState=0, flags=0x28, repeatCount=0, eventTime=1989913, downTime=1989912, deviceId=8, source=0x301 }
06-09 18:36:54.100 2985-2985/cc.popin.aladdin.home W/ViewRootImpl: Cancelling event due to no window focus: KeyEvent { action=ACTION_UP, keyCode=KEYCODE_UNKNOWN, scanCode=88, metaState=0, flags=0x28, repeatCount=0, eventTime=1989913, downTime=1989912, deviceId=8, source=0x301 }
06-09 18:36:54.100 2985-2985/cc.popin.aladdin.home W/ViewRootImpl: Cancelling event due to no window focus: KeyEvent { action=ACTION_UP, keyCode=KEYCODE_UNKNOWN, scanCode=88, metaState=0, flags=0x28, repeatCount=0, eventTime=1989913, downTime=1989912, deviceId=8, source=0x301 }
06-09 18:36:54.100 2985-2985/cc.popin.aladdin.home W/ViewRootImpl: Cancelling event due to no window focus: KeyEvent { action=ACTION_UP, keyCode=KEYCODE_UNKNOWN, scanCode=88, metaState=0, flags=0x28, repeatCount=0, eventTime=1989913, downTime=1989912, deviceId=8, source=0x301 }
